08:07:50 **** Build of configuration Debug for project Parcialito_JB ****
make -r -j4 all 
Building file: ../example/src/blinky.c
Invoking: MCU C Compiler
arm-none-eabi-gcc -D__MULTICORE_NONE -DDEBUG -D__CODE_RED -D__USE_LPCOPEN -D__REDLIB__ -DCORE_M4 -I"C:\Users\lenovo\Documents\MCUXpressoIDE_11.1.1_3241\workspace FreeRTOS+Filter\CMSIS_DSPLIB_CM4\inc" -I"C:\Users\lenovo\Documents\MCUXpressoIDE_11.1.1_3241\workspace FreeRTOS+Filter\lpc_chip_43xx\inc" -I"C:\Users\lenovo\Documents\MCUXpressoIDE_11.1.1_3241\workspace FreeRTOS+Filter\lpc_board_nxp_lpcxpresso_4337\inc" -I"C:\Users\lenovo\Documents\MCUXpressoIDE_11.1.1_3241\workspace FreeRTOS+Filter\Parcialito_JB\example\inc" -I"C:\Users\lenovo\Documents\MCUXpressoIDE_11.1.1_3241\workspace FreeRTOS+Filter\Parcialito_JB\freertos\inc" -O0 -g3 -Wall -c -fmessage-length=0 -fno-builtin -ffunction-sections -fdata-sections -fsingle-precision-constant -fmerge-constants -fmacro-prefix-map="../example/src/"=. -mcpu=cortex-m4 -mfpu=fpv4-sp-d16 -mfloat-abi=softfp -mthumb -fstack-usage -specs=redlib.specs -MMD -MP -MF"example/src/blinky.d" -MT"example/src/blinky.o" -MT"example/src/blinky.d" -o "example/src/blinky.o" "../example/src/blinky.c"
../example/src/blinky.c: In function 'Procesa_Datos':
../example/src/blinky.c:149:22: warning: unused variable 'Rx' [-Wunused-variable]
  static unsigned int Rx;
                      ^~
../example/src/blinky.c:145:15: warning: unused variable 'Salida_DSP' [-Wunused-variable]
  static float Salida_DSP;
               ^~~~~~~~~~
../example/src/blinky.c: In function 'Salida_Datos':
../example/src/blinky.c:199:29: warning: unused variable 'Salida_Datos_DSP' [-Wunused-variable]
  static float Salida_Datos, Salida_Datos_DSP;
                             ^~~~~~~~~~~~~~~~
At top level:
../example/src/blinky.c:199:29: warning: 'Salida_Datos_DSP' defined but not used [-Wunused-variable]
../example/src/blinky.c:145:15: warning: 'Salida_DSP' defined but not used [-Wunused-variable]
  static float Salida_DSP;
               ^~~~~~~~~~
../example/src/blinky.c:149:22: warning: 'Rx' defined but not used [-Wunused-variable]
  static unsigned int Rx;
                      ^~
Finished building: ../example/src/blinky.c
 
Building target: Parcialito_JB.axf
Invoking: MCU Linker
arm-none-eabi-gcc -nostdlib -L"C:\Users\lenovo\Documents\MCUXpressoIDE_11.1.1_3241\workspace FreeRTOS+Filter\CMSIS_DSPLIB_CM4\lib" -L"C:\Users\lenovo\Documents\MCUXpressoIDE_11.1.1_3241\workspace FreeRTOS+Filter\lpc_chip_43xx\Debug" -L"C:\Users\lenovo\Documents\MCUXpressoIDE_11.1.1_3241\workspace FreeRTOS+Filter\lpc_board_nxp_lpcxpresso_4337\Debug" -Xlinker -Map="Parcialito_JB.map" -Xlinker --gc-sections -mcpu=cortex-m4 -mfpu=fpv4-sp-d16 -mfloat-abi=softfp -mthumb -T "freertos_blinky_Debug.ld" -o "Parcialito_JB.axf"  ./freertos/src/FreeRTOSCommonHooks.o ./freertos/src/croutine.o ./freertos/src/event_groups.o ./freertos/src/heap_3.o ./freertos/src/list.o ./freertos/src/port.o ./freertos/src/queue.o ./freertos/src/redlib_memfix.o ./freertos/src/tasks.o ./freertos/src/timers.o  ./example/src/blinky.o ./example/src/cr_startup_lpc43xx.o ./example/src/sysinit.o   -lCMSIS_DSPLIB_CM4 -llpc_board_nxp_lpcxpresso_4337 -llpc_chip_43xx
Finished building target: Parcialito_JB.axf
 
make --no-print-directory post-build
Performing post-build steps
arm-none-eabi-size "Parcialito_JB.axf"; # arm-none-eabi-objcopy -v -O binary "Parcialito_JB.axf" "Parcialito_JB.bin" ; # checksum -p LPC4337 -d "Parcialito_JB.bin";
   text	   data	    bss	    dec	    hex	filename
  13564	     40	    904	  14508	   38ac	Parcialito_JB.axf
 

08:07:51 Build Finished. 0 errors, 6 warnings. (took 1s.597ms)

