scu_18xx_43xx.h:135:20:Chip_SCU_PinMuxSet	16	static
scu_18xx_43xx.h:150:20:Chip_SCU_PinMux	24	static
scu_18xx_43xx.h:210:20:Chip_SCU_ADC_Channel_Config	16	static
gpio_18xx_43xx.h:95:20:Chip_GPIO_SetPinState	16	static
gpio_18xx_43xx.h:154:20:Chip_GPIO_SetPinDIROutput	16	static
gpio_18xx_43xx.h:166:20:Chip_GPIO_SetPinDIRInput	16	static
blinky.c:45:6:ADC0_IRQHandler	16	static
blinky.c:56:13:prvSetupHardware	8	static
blinky.c:84:14:Leer_ADC	48	static
blinky.c:93:6:DAC_Output	16	static
blinky.c:100:13:Procesa_Datos	16	static
blinky.c:139:13:Salida_Datos	16	static
blinky.c:159:5:main	24	static
