Archive member included to satisfy reference by file (symbol)

C:\Users\lenovo\Documents\MCUXpressoIDE_11.1.1_3241\workspace_unsam\lpc_board_nxp_lpcxpresso_4337\Debug\liblpc_board_nxp_lpcxpresso_4337.a(board.o)
                              ./freertos/src/FreeRTOSCommonHooks.o (Board_UARTPutSTR)
C:\Users\lenovo\Documents\MCUXpressoIDE_11.1.1_3241\workspace_unsam\lpc_board_nxp_lpcxpresso_4337\Debug\liblpc_board_nxp_lpcxpresso_4337.a(board_sysinit.o)
                              ./example/src/sysinit.o (Board_SystemInit)
C:\Users\lenovo\Documents\MCUXpressoIDE_11.1.1_3241\workspace_unsam\lpc_board_nxp_lpcxpresso_4337\Debug\liblpc_board_nxp_lpcxpresso_4337.a(wm8904.o)
                              C:\Users\lenovo\Documents\MCUXpressoIDE_11.1.1_3241\workspace_unsam\lpc_board_nxp_lpcxpresso_4337\Debug\liblpc_board_nxp_lpcxpresso_4337.a(board.o) (WM8904_Init)
C:\Users\lenovo\Documents\MCUXpressoIDE_11.1.1_3241\workspace_unsam\lpc_chip_43xx\Debug\liblpc_chip_43xx.a(chip_18xx_43xx.o)
                              ./freertos/src/port.o (SystemCoreClock)
C:\Users\lenovo\Documents\MCUXpressoIDE_11.1.1_3241\workspace_unsam\lpc_chip_43xx\Debug\liblpc_chip_43xx.a(clock_18xx_43xx.o)
                              C:\Users\lenovo\Documents\MCUXpressoIDE_11.1.1_3241\workspace_unsam\lpc_chip_43xx\Debug\liblpc_chip_43xx.a(chip_18xx_43xx.o) (Chip_Clock_GetClockInputHz)
C:\Users\lenovo\Documents\MCUXpressoIDE_11.1.1_3241\workspace_unsam\lpc_chip_43xx\Debug\liblpc_chip_43xx.a(fpu_init.o)
                              ./example/src/sysinit.o (fpuInit)
C:\Users\lenovo\Documents\MCUXpressoIDE_11.1.1_3241\workspace_unsam\lpc_chip_43xx\Debug\liblpc_chip_43xx.a(gpio_18xx_43xx.o)
                              ./example/src/blinky.o (Chip_GPIO_Init)
C:\Users\lenovo\Documents\MCUXpressoIDE_11.1.1_3241\workspace_unsam\lpc_chip_43xx\Debug\liblpc_chip_43xx.a(i2c_18xx_43xx.o)
                              C:\Users\lenovo\Documents\MCUXpressoIDE_11.1.1_3241\workspace_unsam\lpc_board_nxp_lpcxpresso_4337\Debug\liblpc_board_nxp_lpcxpresso_4337.a(wm8904.o) (Chip_I2C_EventHandlerPolling)
C:\Users\lenovo\Documents\MCUXpressoIDE_11.1.1_3241\workspace_unsam\lpc_chip_43xx\Debug\liblpc_chip_43xx.a(ssp_18xx_43xx.o)
                              C:\Users\lenovo\Documents\MCUXpressoIDE_11.1.1_3241\workspace_unsam\lpc_board_nxp_lpcxpresso_4337\Debug\liblpc_board_nxp_lpcxpresso_4337.a(board.o) (Chip_SSP_WriteFrames_Blocking)
C:\Users\lenovo\Documents\MCUXpressoIDE_11.1.1_3241\workspace_unsam\lpc_chip_43xx\Debug\liblpc_chip_43xx.a(sysinit_18xx_43xx.o)
                              C:\Users\lenovo\Documents\MCUXpressoIDE_11.1.1_3241\workspace_unsam\lpc_board_nxp_lpcxpresso_4337\Debug\liblpc_board_nxp_lpcxpresso_4337.a(board_sysinit.o) (Chip_SetupCoreClock)
C:\Users\lenovo\Documents\MCUXpressoIDE_11.1.1_3241\workspace_unsam\lpc_chip_43xx\Debug\liblpc_chip_43xx.a(uart_18xx_43xx.o)
                              C:\Users\lenovo\Documents\MCUXpressoIDE_11.1.1_3241\workspace_unsam\lpc_board_nxp_lpcxpresso_4337\Debug\liblpc_board_nxp_lpcxpresso_4337.a(board.o) (Chip_UART_Init)
C:\Users\lenovo\Documents\MCUXpressoIDE_11.1.1_3241\workspace_unsam\lpc_chip_43xx\Debug\liblpc_chip_43xx.a(ring_buffer.o)
                              C:\Users\lenovo\Documents\MCUXpressoIDE_11.1.1_3241\workspace_unsam\lpc_chip_43xx\Debug\liblpc_chip_43xx.a(uart_18xx_43xx.o) (RingBuffer_Insert)
c:/nxp/mcuxpressoide_11.1.1_3241/ide/plugins/com.nxp.mcuxpresso.tools.win32_11.1.0.202001081728/tools/bin/../lib/gcc/arm-none-eabi/8.3.1/../../../../arm-none-eabi/lib/thumb/v7e-m+fp/softfp\libcr_nohost.a(_cr__main.o)
                              ./example/src/cr_startup_lpc43xx.o (__main)
c:/nxp/mcuxpressoide_11.1.1_3241/ide/plugins/com.nxp.mcuxpresso.tools.win32_11.1.0.202001081728/tools/bin/../lib/gcc/arm-none-eabi/8.3.1/../../../../arm-none-eabi/lib/thumb/v7e-m+fp/softfp\libcr_c.a(memcpy.o)
                              ./freertos/src/queue.o (memcpy)
c:/nxp/mcuxpressoide_11.1.1_3241/ide/plugins/com.nxp.mcuxpresso.tools.win32_11.1.0.202001081728/tools/bin/../lib/gcc/arm-none-eabi/8.3.1/../../../../arm-none-eabi/lib/thumb/v7e-m+fp/softfp\libcr_c.a(memset.o)
                              ./freertos/src/tasks.o (memset)
c:/nxp/mcuxpressoide_11.1.1_3241/ide/plugins/com.nxp.mcuxpresso.tools.win32_11.1.0.202001081728/tools/bin/../lib/gcc/arm-none-eabi/8.3.1/../../../../arm-none-eabi/lib/thumb/v7e-m+fp/softfp\libcr_c.a(alloc.o)
                              ./freertos/src/heap_3.o (malloc)
c:/nxp/mcuxpressoide_11.1.1_3241/ide/plugins/com.nxp.mcuxpresso.tools.win32_11.1.0.202001081728/tools/bin/../lib/gcc/arm-none-eabi/8.3.1/../../../../arm-none-eabi/lib/thumb/v7e-m+fp/softfp\libcr_c.a(fpprintf.o)
                              ./freertos/src/FreeRTOSCommonHooks.o (printf)
c:/nxp/mcuxpressoide_11.1.1_3241/ide/plugins/com.nxp.mcuxpresso.tools.win32_11.1.0.202001081728/tools/bin/../lib/gcc/arm-none-eabi/8.3.1/../../../../arm-none-eabi/lib/thumb/v7e-m+fp/softfp\libcr_c.a(initio.o)
[...]
Memory Configuration

Name             Origin             Length             Attributes
MFlashA512       0x1a000000         0x00080000         xr
MFlashB512       0x1b000000         0x00080000         xr
RamLoc32         0x10000000         0x00008000         xrw
RamLoc40         0x10080000         0x0000a000         xrw
RamAHB32         0x20000000         0x00008000         xrw
RamAHB16         0x20008000         0x00004000         xrw
RamAHB_ETB16     0x2000c000         0x00004000         xrw
*default*        0x00000000         0xffffffff

Linker script and memory map

LOAD ./freertos/src/FreeRTOSCommonHooks.o
LOAD ./freertos/src/croutine.o
LOAD ./freertos/src/event_groups.o
LOAD ./freertos/src/heap_3.o
LOAD ./freertos/src/list.o
LOAD ./freertos/src/port.o
LOAD ./freertos/src/queue.o
LOAD ./freertos/src/redlib_memfix.o
LOAD ./freertos/src/tasks.o
LOAD ./freertos/src/timers.o
LOAD ./example/src/blinky.o
LOAD ./example/src/cr_startup_lpc43xx.o
LOAD ./example/src/sysinit.o
LOAD C:\Users\lenovo\Documents\MCUXpressoIDE_11.1.1_3241\workspace_unsam\lpc_board_nxp_lpcxpresso_4337\Debug\liblpc_board_nxp_lpcxpresso_4337.a
LOAD C:\Users\lenovo\Documents\MCUXpressoIDE_11.1.1_3241\workspace_unsam\lpc_chip_43xx\Debug\liblpc_chip_43xx.a
START GROUP
LOAD c:/nxp/mcuxpressoide_11.1.1_3241/ide/plugins/com.nxp.mcuxpresso.tools.win32_11.1.0.202001081728/tools/bin/../lib/gcc/arm-none-eabi/8.3.1/../../../../arm-none-eabi/lib/thumb/v7e-m+fp/softfp\libcr_nohost.a
LOAD c:/nxp/mcuxpressoide_11.1.1_3241/ide/plugins/com.nxp.mcuxpresso.tools.win32_11.1.0.202001081728/tools/bin/../lib/gcc/arm-none-eabi/8.3.1/../../../../arm-none-eabi/lib/thumb/v7e-m+fp/softfp\libcr_c.a
LOAD c:/nxp/mcuxpressoide_11.1.1_3241/ide/plugins/com.nxp.mcuxpresso.tools.win32_11.1.0.202001081728/tools/bin/../lib/gcc/arm-none-eabi/8.3.1/thumb/v7e-m+fp/softfp\libcr_eabihelpers.a
LOAD c:/nxp/mcuxpressoide_11.1.1_3241/ide/plugins/com.nxp.mcuxpresso.tools.win32_11.1.0.202001081728/tools/bin/../lib/gcc/arm-none-eabi/8.3.1/thumb/v7e-m+fp/softfp\libgcc.a
END GROUP
                0x1a000000                __base_MFlashA512 = 0x1a000000
                0x1a000000                __base_Flash = 0x1a000000
                0x1a080000                __top_MFlashA512 = 0x1a080000
                0x1a080000                __top_Flash = 0x1a080000
                0x1b000000                __base_MFlashB512 = 0x1b000000
                0x1b000000                __base_Flash2 = 0x1b000000
                0x1b080000                __top_MFlashB512 = 0x1b080000
                0x1b080000                __top_Flash2 = 0x1b080000
                0x10000000                __base_RamLoc32 = 0x10000000
                0x10000000                __base_RAM = 0x10000000
                0x10008000                __top_RamLoc32 = 0x10008000
                0x10008000                __top_RAM = 0x10008000
                0x10080000                __base_RamLoc40 = 0x10080000
                0x10080000                __base_RAM2 = 0x10080000
                0x1008a000                __top_RamLoc40 = 0x1008a000
                0x1008a000                __top_RAM2 = 0x1008a000
                0x20000000                __base_RamAHB32 = 0x20000000
                0x20000000                __base_RAM3 = 0x20000000
                0x20008000                __top_RamAHB32 = 0x20008000
                0x20008000                __top_RAM3 = 0x20008000
                0x20008000                __base_RamAHB16 = 0x20008000
                0x20008000                __base_RAM4 = 0x20008000
                0x2000c000                __top_RamAHB16 = 0x2000c000
                0x2000c000                __top_RAM4 = 0x2000c000
                0x2000c000                __base_RamAHB_ETB16 = 0x2000c000
                0x2000c000                __base_RAM5 = 0x2000c000
                0x20010000                __top_RamAHB_ETB16 = 0x20010000
                0x20010000                __top_RAM5 = 0x20010000

.text_Flash2    0x1b000000        0x0
 FILL mask 0xff
 *(.text_Flash2)
 *(.text_MFlashB512)
 *(.text.$Flash2)
 *(.text.$MFlashB512)
 *(.text_Flash2.*)
 *(.text_MFlashB512.*)
 *(.text.$Flash2.*)
 *(.text.$MFlashB512.*)
 *(.rodata.$Flash2)
 *(.rodata.$MFlashB512)
 *(.rodata.$Flash2.*)
 *(.rodata.$MFlashB512.*)

.text           0x1a000000     0x29e4
 FILL mask 0xff
                0x1a000000                __vectors_start__ = ABSOLUTE (.)
 *(.isr_vector)
 .isr_vector    0x1a000000      0x114 ./example/src/cr_startup_lpc43xx.o
                0x1a000000                g_pfnVectors
                0x1a000114                . = ALIGN (0x4)
                0x1a000114                __section_table_start = .
                0x1a000114                __data_section_table = .
                0x1a000114        0x4 LONG 0x1a0029e4 LOADADDR (.data)
                0x1a000118        0x4 LONG 0x10000000 ADDR (.data)
                0x1a00011c        0x4 LONG 0x8 SIZEOF (.data)
                0x1a000120        0x4 LONG 0x1a0029e4 LOADADDR (.data_RAM2)
                0x1a000124        0x4 LONG 0x10080000 ADDR (.data_RAM2)
                0x1a000128        0x4 LONG 0x0 SIZEOF (.data_RAM2)
                0x1a00012c        0x4 LONG 0x1a0029e4 LOADADDR (.data_RAM3)
                0x1a000130        0x4 LONG 0x20000000 ADDR (.data_RAM3)
                0x1a000134        0x4 LONG 0x0 SIZEOF (.data_RAM3)
                0x1a000138        0x4 LONG 0x1a0029e4 LOADADDR (.data_RAM4)
                0x1a00013c        0x4 LONG 0x20008000 ADDR (.data_RAM4)
                0x1a000140        0x4 LONG 0x0 SIZEOF (.data_RAM4)
                0x1a000144        0x4 LONG 0x1a0029e4 LOADADDR (.data_RAM5)
                0x1a000148        0x4 LONG 0x2000c000 ADDR (.data_RAM5)
                0x1a00014c        0x4 LONG 0x0 SIZEOF (.data_RAM5)
                0x1a000150                __data_section_table_end = .
                0x1a000150                __bss_section_table = .
                0x1a000150        0x4 LONG 0x10000008 ADDR (.bss)
                0x1a000154        0x4 LONG 0x33c SIZEOF (.bss)
                0x1a000158        0x4 LONG 0x10080000 ADDR (.bss_RAM2)
                0x1a00015c        0x4 LONG 0x0 SIZEOF (.bss_RAM2)
                0x1a000160        0x4 LONG 0x20000000 ADDR (.bss_RAM3)
                0x1a000164        0x4 LONG 0x0 SIZEOF (.bss_RAM3)
                0x1a000168        0x4 LONG 0x20008000 ADDR (.bss_RAM4)
                0x1a00016c        0x4 LONG 0x0 SIZEOF (.bss_RAM4)
                0x1a000170        0x4 LONG 0x2000c000 ADDR (.bss_RAM5)
                0x1a000174        0x4 LONG 0x0 SIZEOF (.bss_RAM5)
                0x1a000178                __bss_section_table_end = .
                0x1a000178                __section_table_end = .
 *(.after_vectors*)
 .after_vectors
                0x1a000178       0xb8 ./example/src/cr_startup_lpc43xx.o
                0x1a000178                data_init
                0x1a0001bc                bss_init
                0x1a0001f4                NMI_Handler
                0x1a0001fa                HardFault_Handler
                0x1a000200                MemManage_Handler
                0x1a000206                BusFault_Handler
                0x1a00020c                UsageFault_Handler
                0x1a000218                DebugMon_Handler
                0x1a00022a                ATIMER_IRQHandler
                0x1a00022a                FLASH_EEPROM_IRQHandler
                0x1a00022a                I2C1_IRQHandler
                0x1a00022a                UART1_IRQHandler
                0x1a00022a                GPIO5_IRQHandler
                0x1a00022a                CAN1_IRQHandler
                0x1a00022a                SDIO_IRQHandler
                0x1a00022a                I2S0_IRQHandler
                0x1a00022a                TIMER3_IRQHandler
                0x1a00022a                UART0_IRQHandler
                0x1a00022a                ADCHS_IRQHandler
                0x1a00022a                SGPIO_IRQHandler
                0x1a00022a                RIT_IRQHandler
                0x1a00022a                USB1_IRQHandler
                0x1a00022a                GPIO6_IRQHandler
                0x1a00022a                IntDefaultHandler
                0x1a00022a                GPIO1_IRQHandler
                0x1a00022a                SSP0_IRQHandler
                0x1a00022a                ADC1_IRQHandler
                0x1a00022a                RTC_IRQHandler
                0x1a00022a                TIMER0_IRQHandler
                0x1a00022a                SPI_IRQHandler
                0x1a00022a                LCD_IRQHandler
                0x1a00022a                I2C0_IRQHandler
                0x1a00022a                TIMER1_IRQHandler
                0x1a00022a                UART2_IRQHandler
                0x1a00022a                GPIO2_IRQHandler
                0x1a00022a                I2S1_IRQHandler
                0x1a00022a                SSP1_IRQHandler
                0x1a00022a                USB0_IRQHandler
                0x1a00022a                GPIO3_IRQHandler
                0x1a00022a                SCT_IRQHandler
                0x1a00022a                ADC0_IRQHandler
                0x1a00022a                WDT_IRQHandler
                0x1a00022a                GPIO7_IRQHandler
                0x1a00022a                SPIFI_IRQHandler
                0x1a00022a                QEI_IRQHandler
                0x1a00022a                ETH_IRQHandler
                0x1a00022a                CAN0_IRQHandler
                0x1a00022a                GINT0_IRQHandler
                0x1a00022a                DAC_IRQHandler
                0x1a00022a                M0SUB_IRQHandler
                0x1a00022a                GPIO0_IRQHandler
                0x1a00022a                DMA_IRQHandler
                0x1a00022a                EVRT_IRQHandler
                0x1a00022a                TIMER2_IRQHandler
                0x1a00022a                UART3_IRQHandler
                0x1a00022a                MCPWM_IRQHandler
                0x1a00022a                M0APP_IRQHandler
                0x1a00022a                GINT1_IRQHandler
                0x1a00022a                GPIO4_IRQHandler
 *(.text*)
 .text.vApplicationIdleHook
                0x1a000230       0x10 ./freertos/src/FreeRTOSCommonHooks.o
                0x1a000230                vApplicationIdleHook
 .text.pvPortMalloc
                0x1a000240       0x22 ./freertos/src/heap_3.o
                0x1a000240                pvPortMalloc
 .text.vPortFree
                0x1a000262       0x24 ./freertos/src/heap_3.o
                0x1a000262                vPortFree
 .text.vListInitialise
                0x1a000286       0x40 ./freertos/src/list.o
                0x1a000286                vListInitialise
 .text.vListInitialiseItem
                0x1a0002c6       0x1a ./freertos/src/list.o
                0x1a0002c6                vListInitialiseItem
 .text.vListInsertEnd
                0x1a0002e0       0x48 ./freertos/src/list.o
                0x1a0002e0                vListInsertEnd
 .text.vListInsert
                0x1a000328       0x72 ./freertos/src/list.o
                0x1a000328                vListInsert
 .text.uxListRemove
                0x1a00039a       0x54 ./freertos/src/list.o
                0x1a00039a                uxListRemove
 *fill*         0x1a0003ee        0x2 ff
 .text.pxPortInitialiseStack
                0x1a0003f0       0x64 ./freertos/src/port.o
                0x1a0003f0                pxPortInitialiseStack
 .text.prvTaskExitError
                0x1a000454        0xa ./freertos/src/port.o
 *fill*         0x1a00045e        0x2 ff
 .text.SVC_Handler
                0x1a000460       0x24 ./freertos/src/port.o
                0x1a000460                SVC_Handler
 .text.prvPortStartFirstTask
                0x1a000484       0x20 ./freertos/src/port.o
 .text.xPortStartScheduler
                0x1a0004a4       0x50 ./freertos/src/port.o
                0x1a0004a4                xPortStartScheduler
 .text.vPortYield
                0x1a0004f4       0x24 ./freertos/src/port.o
                0x1a0004f4                vPortYield
 .text.vPortEnterCritical
                0x1a000518       0x24 ./freertos/src/port.o
                0x1a000518                vPortEnterCritical
 .text.vPortExitCritical
                0x1a00053c       0x24 ./freertos/src/port.o
                0x1a00053c                vPortExitCritical
 .text.ulPortSetInterruptMask
                0x1a000560       0x12 ./freertos/src/port.o
                0x1a000560                ulPortSetInterruptMask
 .text.vPortClearInterruptMask
                0x1a000572        0x8 ./freertos/src/port.o
                0x1a000572                vPortClearInterruptMask
 *fill*         0x1a00057a        0x2 ff
 .text.PendSV_Handler
                0x1a00057c       0x5c ./freertos/src/port.o
                0x1a00057c                PendSV_Handler
 .text.SysTick_Handler
                0x1a0005d8       0x28 ./freertos/src/port.o
                0x1a0005d8                SysTick_Handler
 .text.vPortSuppressTicksAndSleep
                0x1a000600      0x17c ./freertos/src/port.o
                0x1a000600                vPortSuppressTicksAndSleep
 .text.vPortSetupTimerInterrupt
                0x1a00077c       0x68 ./freertos/src/port.o
                0x1a00077c                vPortSetupTimerInterrupt
 .text.vPortEnableVFP
                0x1a0007e4       0x14 ./freertos/src/port.o
 .text.__check_heap_overflow
                0x1a0007f8       0x30 ./freertos/src/redlib_memfix.o
                0x1a0007f8                __check_heap_overflow
 .text.xTaskGenericCreate
                0x1a000828      0x140 ./freertos/src/tasks.o
                0x1a000828                xTaskGenericCreate
 .text.vTaskDelay
                0x1a000968       0x54 ./freertos/src/tasks.o
                0x1a000968                vTaskDelay
 .text.vTaskStartScheduler
                0x1a0009bc       0x58 ./freertos/src/tasks.o
                0x1a0009bc                vTaskStartScheduler
 .text.vTaskSuspendAll
                0x1a000a14       0x1c ./freertos/src/tasks.o
                0x1a000a14                vTaskSuspendAll
 .text.prvGetExpectedIdleTime
                0x1a000a30       0x50 ./freertos/src/tasks.o
 .text.xTaskResumeAll
                0x1a000a80       0xfc ./freertos/src/tasks.o
                0x1a000a80                xTaskResumeAll
 .text.vTaskStepTick
                0x1a000b7c       0x24 ./freertos/src/tasks.o
                0x1a000b7c                vTaskStepTick
 .text.xTaskIncrementTick
                0x1a000ba0      0x15c ./freertos/src/tasks.o
                0x1a000ba0                xTaskIncrementTick
 .text.vTaskSwitchContext
                0x1a000cfc       0x9c ./freertos/src/tasks.o
                0x1a000cfc                vTaskSwitchContext
 .text.prvIdleTask
                0x1a000d98       0x48 ./freertos/src/tasks.o
 .text.eTaskConfirmSleepModeStatus
                0x1a000de0       0x5c ./freertos/src/tasks.o
                0x1a000de0                eTaskConfirmSleepModeStatus
 .text.prvInitialiseTCBVariables
                0x1a000e3c       0x94 ./freertos/src/tasks.o
 .text.prvInitialiseTaskLists
                0x1a000ed0       0x80 ./freertos/src/tasks.o
 .text.prvCheckTasksWaitingTermination
                0x1a000f50       0x78 ./freertos/src/tasks.o
 .text.prvAddCurrentTaskToDelayedList
                0x1a000fc8       0x6c ./freertos/src/tasks.o
 .text.prvAllocateTCBAndStack
                0x1a001034       0x62 ./freertos/src/tasks.o
 .text.prvDeleteTCB
                0x1a001096       0x20 ./freertos/src/tasks.o
 *fill*         0x1a0010b6        0x2 ff
 .text.prvResetNextTaskUnblockTime
                0x1a0010b8       0x4c ./freertos/src/tasks.o
 .text.Chip_SCU_PinMuxSet
                0x1a001104       0x34 ./example/src/blinky.o
 .text.Chip_SCU_PinMux
                0x1a001138       0x3a ./example/src/blinky.o
 .text.Chip_GPIO_SetPinState
                0x1a001172       0x38 ./example/src/blinky.o
 .text.Chip_GPIO_SetPinDIROutput
                0x1a0011aa       0x3e ./example/src/blinky.o
 .text.Chip_GPIO_SetPinDIRInput
                0x1a0011e8       0x40 ./example/src/blinky.o
 .text.Chip_GPIO_SetPinToggle
                0x1a001228       0x32 ./example/src/blinky.o
 *fill*         0x1a00125a        0x2 ff
 .text.prvSetupHardware
                0x1a00125c       0xa8 ./example/src/blinky.o
 .text.vLEDTask1
                0x1a001304       0x24 ./example/src/blinky.o
 .text.vLEDTask2
                0x1a001328       0x24 ./example/src/blinky.o
 .text.vLEDTask3
                0x1a00134c       0x24 ./example/src/blinky.o
 .text.main     0x1a001370       0x84 ./example/src/blinky.o
                0x1a001370                main
 .text.ResetISR
                0x1a0013f4       0xc4 ./example/src/cr_startup_lpc43xx.o
                0x1a0013f4                ResetISR
 .text.SystemInit
                0x1a0014b8       0x28 ./example/src/sysinit.o
                0x1a0014b8                SystemInit
 .text.Chip_UART_SendByte
                0x1a0014e0       0x1e C:\Users\lenovo\Documents\MCUXpressoIDE_11.1.1_3241\workspace_unsam\lpc_board_nxp_lpcxpresso_4337\Debug\liblpc_board_nxp_lpcxpresso_4337.a(board.o)
 .text.Chip_UART_ReadLineStatus
                0x1a0014fe       0x18 C:\Users\lenovo\Documents\MCUXpressoIDE_11.1.1_3241\workspace_unsam\lpc_board_nxp_lpcxpresso_4337\Debug\liblpc_board_nxp_lpcxpresso_4337.a(board.o)
 .text.__sys_write
                0x1a001516       0x38 C:\Users\lenovo\Documents\MCUXpressoIDE_11.1.1_3241\workspace_unsam\lpc_board_nxp_lpcxpresso_4337\Debug\liblpc_board_nxp_lpcxpresso_4337.a(board.o)
                0x1a001516                __sys_write
 *fill*         0x1a00154e        0x2 ff
 .text.Board_UARTPutChar
                0x1a001550       0x34 C:\Users\lenovo\Documents\MCUXpressoIDE_11.1.1_3241\workspace_unsam\lpc_board_nxp_lpcxpresso_4337\Debug\liblpc_board_nxp_lpcxpresso_4337.a(board.o)
                0x1a001550                Board_UARTPutChar
 .text.Chip_SCU_PinMuxSet
                0x1a001584       0x34 C:\Users\lenovo\Documents\MCUXpressoIDE_11.1.1_3241\workspace_unsam\lpc_board_nxp_lpcxpresso_4337\Debug\liblpc_board_nxp_lpcxpresso_4337.a(board_sysinit.o)
 .text.Chip_SCU_SetPinMuxing
                0x1a0015b8       0x4a C:\Users\lenovo\Documents\MCUXpressoIDE_11.1.1_3241\workspace_unsam\lpc_board_nxp_lpcxpresso_4337\Debug\liblpc_board_nxp_lpcxpresso_4337.a(board_sysinit.o)
 *fill*         0x1a001602        0x2 ff
 .text.Chip_CREG_SetFlashAcceleration
                0x1a001604       0x54 C:\Users\lenovo\Documents\MCUXpressoIDE_11.1.1_3241\workspace_unsam\lpc_board_nxp_lpcxpresso_4337\Debug\liblpc_board_nxp_lpcxpresso_4337.a(board_sysinit.o)
 .text.Board_SetupMuxing
                0x1a001658       0x14 C:\Users\lenovo\Documents\MCUXpressoIDE_11.1.1_3241\workspace_unsam\lpc_board_nxp_lpcxpresso_4337\Debug\liblpc_board_nxp_lpcxpresso_4337.a(board_sysinit.o)
                0x1a001658                Board_SetupMuxing
 .text.Board_SetupClocking
                0x1a00166c       0x80 C:\Users\lenovo\Documents\MCUXpressoIDE_11.1.1_3241\workspace_unsam\lpc_board_nxp_lpcxpresso_4337\Debug\liblpc_board_nxp_lpcxpresso_4337.a(board_sysinit.o)
                0x1a00166c                Board_SetupClocking
 .text.Board_SystemInit
                0x1a0016ec       0x10 C:\Users\lenovo\Documents\MCUXpressoIDE_11.1.1_3241\workspace_unsam\lpc_board_nxp_lpcxpresso_4337\Debug\liblpc_board_nxp_lpcxpresso_4337.a(board_sysinit.o)
                0x1a0016ec                Board_SystemInit
 .text.SystemCoreClockUpdate
                0x1a0016fc       0x18 C:\Users\lenovo\Documents\MCUXpressoIDE_11.1.1_3241\workspace_unsam\lpc_chip_43xx\Debug\liblpc_chip_43xx.a(chip_18xx_43xx.o)
                0x1a0016fc                SystemCoreClockUpdate
 .text.ABS      0x1a001714       0x22 C:\Users\lenovo\Documents\MCUXpressoIDE_11.1.1_3241\workspace_unsam\lpc_chip_43xx\Debug\liblpc_chip_43xx.a(clock_18xx_43xx.o)
 *fill*         0x1a001736        0x2 ff
 .text.pll_calc_divs
                0x1a001738      0x124 C:\Users\lenovo\Documents\MCUXpressoIDE_11.1.1_3241\workspace_unsam\lpc_chip_43xx\Debug\liblpc_chip_43xx.a(clock_18xx_43xx.o)
 .text.pll_get_frac
                0x1a00185c      0x176 C:\Users\lenovo\Documents\MCUXpressoIDE_11.1.1_3241\workspace_unsam\lpc_chip_43xx\Debug\liblpc_chip_43xx.a(clock_18xx_43xx.o)
 .text.Chip_Clock_GetDivRate
                0x1a0019d2       0x40 C:\Users\lenovo\Documents\MCUXpressoIDE_11.1.1_3241\workspace_unsam\lpc_chip_43xx\Debug\liblpc_chip_43xx.a(clock_18xx_43xx.o)
 *fill*         0x1a001a12        0x2 ff
 .text.Chip_Clock_FindBaseClock
                0x1a001a14       0x90 C:\Users\lenovo\Documents\MCUXpressoIDE_11.1.1_3241\workspace_unsam\lpc_chip_43xx\Debug\liblpc_chip_43xx.a(clock_18xx_43xx.o)
 .text.Chip_Clock_EnableCrystal
                0x1a001aa4       0x70 C:\Users\lenovo\Documents\MCUXpressoIDE_11.1.1_3241\workspace_unsam\lpc_chip_43xx\Debug\liblpc_chip_43xx.a(clock_18xx_43xx.o)
                0x1a001aa4                Chip_Clock_EnableCrystal
 .text.Chip_Clock_CalcMainPLLValue
                0x1a001b14       0xd8 C:\Users\lenovo\Documents\MCUXpressoIDE_11.1.1_3241\workspace_unsam\lpc_chip_43xx\Debug\liblpc_chip_43xx.a(clock_18xx_43xx.o)
                0x1a001b14                Chip_Clock_CalcMainPLLValue
 .text.Chip_Clock_GetMainPLLHz
                0x1a001bec       0xc0 C:\Users\lenovo\Documents\MCUXpressoIDE_11.1.1_3241\workspace_unsam\lpc_chip_43xx\Debug\liblpc_chip_43xx.a(clock_18xx_43xx.o)
                0x1a001bec                Chip_Clock_GetMainPLLHz
 .text.Chip_Clock_GetDividerSource
                0x1a001cac       0x40 C:\Users\lenovo\Documents\MCUXpressoIDE_11.1.1_3241\workspace_unsam\lpc_chip_43xx\Debug\liblpc_chip_43xx.a(clock_18xx_43xx.o)
                0x1a001cac                Chip_Clock_GetDividerSource
 .text.Chip_Clock_GetDividerDivisor
                0x1a001cec       0x38 C:\Users\lenovo\Documents\MCUXpressoIDE_11.1.1_3241\workspace_unsam\lpc_chip_43xx\Debug\liblpc_chip_43xx.a(clock_18xx_43xx.o)
                0x1a001cec                Chip_Clock_GetDividerDivisor
 .text.Chip_Clock_GetClockInputHz
                0x1a001d24      0x140 C:\Users\lenovo\Documents\MCUXpressoIDE_11.1.1_3241\workspace_unsam\lpc_chip_43xx\Debug\liblpc_chip_43xx.a(clock_18xx_43xx.o)
                0x1a001d24                Chip_Clock_GetClockInputHz
 .text.Chip_Clock_GetBaseClocktHz
                0x1a001e64       0x24 C:\Users\lenovo\Documents\MCUXpressoIDE_11.1.1_3241\workspace_unsam\lpc_chip_43xx\Debug\liblpc_chip_43xx.a(clock_18xx_43xx.o)
                0x1a001e64                Chip_Clock_GetBaseClocktHz
 .text.Chip_Clock_SetBaseClock
                0x1a001e88       0x9c C:\Users\lenovo\Documents\MCUXpressoIDE_11.1.1_3241\workspace_unsam\lpc_chip_43xx\Debug\liblpc_chip_43xx.a(clock_18xx_43xx.o)
                0x1a001e88                Chip_Clock_SetBaseClock
 .text.Chip_Clock_GetBaseClock
                0x1a001f24       0x4c C:\Users\lenovo\Documents\MCUXpressoIDE_11.1.1_3241\workspace_unsam\lpc_chip_43xx\Debug\liblpc_chip_43xx.a(clock_18xx_43xx.o)
                0x1a001f24                Chip_Clock_GetBaseClock
 .text.Chip_Clock_GetRate
                0x1a001f70       0x88 C:\Users\lenovo\Documents\MCUXpressoIDE_11.1.1_3241\workspace_unsam\lpc_chip_43xx\Debug\liblpc_chip_43xx.a(clock_18xx_43xx.o)
                0x1a001f70                Chip_Clock_GetRate
 .text.fpuInit  0x1a001ff8       0x74 C:\Users\lenovo\Documents\MCUXpressoIDE_11.1.1_3241\workspace_unsam\lpc_chip_43xx\Debug\liblpc_chip_43xx.a(fpu_init.o)
                0x1a001ff8                fpuInit
 .text.Chip_GPIO_Init
                0x1a00206c       0x14 C:\Users\lenovo\Documents\MCUXpressoIDE_11.1.1_3241\workspace_unsam\lpc_chip_43xx\Debug\liblpc_chip_43xx.a(gpio_18xx_43xx.o)
                0x1a00206c                Chip_GPIO_Init
 .text.Chip_Clock_DisableMainPLL
                0x1a002080       0x20 C:\Users\lenovo\Documents\MCUXpressoIDE_11.1.1_3241\workspace_unsam\lpc_chip_43xx\Debug\liblpc_chip_43xx.a(sysinit_18xx_43xx.o)
 .text.Chip_Clock_SetupMainPLL
                0x1a0020a0       0x44 C:\Users\lenovo\Documents\MCUXpressoIDE_11.1.1_3241\workspace_unsam\lpc_chip_43xx\Debug\liblpc_chip_43xx.a(sysinit_18xx_43xx.o)
 .text.Chip_Clock_MainPLLLocked
                0x1a0020e4       0x24 C:\Users\lenovo\Documents\MCUXpressoIDE_11.1.1_3241\workspace_unsam\lpc_chip_43xx\Debug\liblpc_chip_43xx.a(sysinit_18xx_43xx.o)
 .text.Chip_SetupCoreClock
                0x1a002108      0x15c C:\Users\lenovo\Documents\MCUXpressoIDE_11.1.1_3241\workspace_unsam\lpc_chip_43xx\Debug\liblpc_chip_43xx.a(sysinit_18xx_43xx.o)
                0x1a002108                Chip_SetupCoreClock
 .text.__main   0x1a002264        0xe c:/nxp/mcuxpressoide_11.1.1_3241/ide/plugins/com.nxp.mcuxpresso.tools.win32_11.1.0.202001081728/tools/bin/../lib/gcc/arm-none-eabi/8.3.1/../../../../arm-none-eabi/lib/thumb/v7e-m+fp/softfp\libcr_nohost.a(_cr__main.o)
                0x1a002264                __main
 .text.memset   0x1a002272        0x4 c:/nxp/mcuxpressoide_11.1.1_3241/ide/plugins/com.nxp.mcuxpresso.tools.win32_11.1.0.202001081728/tools/bin/../lib/gcc/arm-none-eabi/8.3.1/../../../../arm-none-eabi/lib/thumb/v7e-m+fp/softfp\libcr_c.a(memset.o)
                0x1a002272                memset
 *fill*         0x1a002276        0x2 ff
 .text.malloc   0x1a002278       0xc8 c:/nxp/mcuxpressoide_11.1.1_3241/ide/plugins/com.nxp.mcuxpresso.tools.win32_11.1.0.202001081728/tools/bin/../lib/gcc/arm-none-eabi/8.3.1/../../../../arm-none-eabi/lib/thumb/v7e-m+fp/softfp\libcr_c.a(alloc.o)
                0x1a002278                malloc
 .text.free     0x1a002340       0x30 c:/nxp/mcuxpressoide_11.1.1_3241/ide/plugins/com.nxp.mcuxpresso.tools.win32_11.1.0.202001081728/tools/bin/../lib/gcc/arm-none-eabi/8.3.1/../../../../arm-none-eabi/lib/thumb/v7e-m+fp/softfp\libcr_c.a(alloc.o)
                0x1a002340                free
 .text._initio  0x1a002370       0x78 c:/nxp/mcuxpressoide_11.1.1_3241/ide/plugins/com.nxp.mcuxpresso.tools.win32_11.1.0.202001081728/tools/bin/../lib/gcc/arm-none-eabi/8.3.1/../../../../arm-none-eabi/lib/thumb/v7e-m+fp/softfp\libcr_c.a(initio.o)
                0x1a002370                _initio
 .text.setvbuf  0x1a0023e8       0x40 c:/nxp/mcuxpressoide_11.1.1_3241/ide/plugins/com.nxp.mcuxpresso.tools.win32_11.1.0.202001081728/tools/bin/../lib/gcc/arm-none-eabi/8.3.1/../../../../arm-none-eabi/lib/thumb/v7e-m+fp/softfp\libcr_c.a(setvbuf.o)
                0x1a0023e8                setvbuf
 .text.strlen   0x1a002428       0x4c c:/nxp/mcuxpressoide_11.1.1_3241/ide/plugins/com.nxp.mcuxpresso.tools.win32_11.1.0.202001081728/tools/bin/../lib/gcc/arm-none-eabi/8.3.1/../../../../arm-none-eabi/lib/thumb/v7e-m+fp/softfp\libcr_c.a(strlen.o)
                0x1a002428                strlen
 .text._sbrk    0x1a002474       0x3c c:/nxp/mcuxpressoide_11.1.1_3241/ide/plugins/com.nxp.mcuxpresso.tools.win32_11.1.0.202001081728/tools/bin/../lib/gcc/arm-none-eabi/8.3.1/../../../../arm-none-eabi/lib/thumb/v7e-m+fp/softfp\libcr_c.a(_cr_sbrk.o)
                0x1a002474                _sbrk
 .text._deferredlazyseek
                0x1a0024b0       0x40 c:/nxp/mcuxpressoide_11.1.1_3241/ide/plugins/com.nxp.mcuxpresso.tools.win32_11.1.0.202001081728/tools/bin/../lib/gcc/arm-none-eabi/8.3.1/../../../../arm-none-eabi/lib/thumb/v7e-m+fp/softfp\libcr_c.a(_deferredlazyseek.o)
                0x1a0024b0                _deferredlazyseek
 .text._fdopen  0x1a0024f0       0x68 c:/nxp/mcuxpressoide_11.1.1_3241/ide/plugins/com.nxp.mcuxpresso.tools.win32_11.1.0.202001081728/tools/bin/../lib/gcc/arm-none-eabi/8.3.1/../../../../arm-none-eabi/lib/thumb/v7e-m+fp/softfp\libcr_c.a(_fdopen.o)
                0x1a0024f0                _fdopen
 .text._fflush  0x1a002558       0x52 c:/nxp/mcuxpressoide_11.1.1_3241/ide/plugins/com.nxp.mcuxpresso.tools.win32_11.1.0.202001081728/tools/bin/../lib/gcc/arm-none-eabi/8.3.1/../../../../arm-none-eabi/lib/thumb/v7e-m+fp/softfp\libcr_c.a(_fflush.o)
                0x1a002558                _fflush
 *fill*         0x1a0025aa        0x2 ff
 .text._Cwritebuf
                0x1a0025ac       0x6c c:/nxp/mcuxpressoide_11.1.1_3241/ide/plugins/com.nxp.mcuxpresso.tools.win32_11.1.0.202001081728/tools/bin/../lib/gcc/arm-none-eabi/8.3.1/../../../../arm-none-eabi/lib/thumb/v7e-m+fp/softfp\libcr_c.a(_writebuf.o)
                0x1a0025ac                _Cwritebuf
 .text.fclose   0x1a002618       0x58 c:/nxp/mcuxpressoide_11.1.1_3241/ide/plugins/com.nxp.mcuxpresso.tools.win32_11.1.0.202001081728/tools/bin/../lib/gcc/arm-none-eabi/8.3.1/../../../../arm-none-eabi/lib/thumb/v7e-m+fp/softfp\libcr_c.a(fclose.o)
                0x1a002618                fclose
 .text.fflush   0x1a002670       0x44 c:/nxp/mcuxpressoide_11.1.1_3241/ide/plugins/com.nxp.mcuxpresso.tools.win32_11.1.0.202001081728/tools/bin/../lib/gcc/arm-none-eabi/8.3.1/../../../../arm-none-eabi/lib/thumb/v7e-m+fp/softfp\libcr_c.a(fflush.o)
                0x1a002670                fflush
 .text.fseek    0x1a0026b4      0x100 c:/nxp/mcuxpressoide_11.1.1_3241/ide/plugins/com.nxp.mcuxpresso.tools.win32_11.1.0.202001081728/tools/bin/../lib/gcc/arm-none-eabi/8.3.1/../../../../arm-none-eabi/lib/thumb/v7e-m+fp/softfp\libcr_c.a(fseek.o)
                0x1a0026b4                fseek
 .text.ftell    0x1a0027b4       0x48 c:/nxp/mcuxpressoide_11.1.1_3241/ide/plugins/com.nxp.mcuxpresso.tools.win32_11.1.0.202001081728/tools/bin/../lib/gcc/arm-none-eabi/8.3.1/../../../../arm-none-eabi/lib/thumb/v7e-m+fp/softfp\libcr_c.a(ftell.o)
                0x1a0027b4                ftell
 .text.remove   0x1a0027fc       0x14 c:/nxp/mcuxpressoide_11.1.1_3241/ide/plugins/com.nxp.mcuxpresso.tools.win32_11.1.0.202001081728/tools/bin/../lib/gcc/arm-none-eabi/8.3.1/../../../../arm-none-eabi/lib/thumb/v7e-m+fp/softfp\libcr_c.a(remove.o)
                0x1a0027fc                remove
 .text._do_fflush
                0x1a002810       0x40 c:/nxp/mcuxpressoide_11.1.1_3241/ide/plugins/com.nxp.mcuxpresso.tools.win32_11.1.0.202001081728/tools/bin/../lib/gcc/arm-none-eabi/8.3.1/../../../../arm-none-eabi/lib/thumb/v7e-m+fp/softfp\libcr_c.a(_do_fflush.o)
                0x1a002810                _do_fflush
 .text.__aeabi_memset_lowlevel
                0x1a002850       0x32 c:/nxp/mcuxpressoide_11.1.1_3241/ide/plugins/com.nxp.mcuxpresso.tools.win32_11.1.0.202001081728/tools/bin/../lib/gcc/arm-none-eabi/8.3.1/thumb/v7e-m+fp/softfp\libcr_eabihelpers.a(memcpy.o)
                0x1a002850                __aeabi_lowlevel_memset
 .text.__sys_close
                0x1a002882        0x6 c:/nxp/mcuxpressoide_11.1.1_3241/ide/plugins/com.nxp.mcuxpresso.tools.win32_11.1.0.202001081728/tools/bin/../lib/gcc/arm-none-eabi/8.3.1/../../../../arm-none-eabi/lib/thumb/v7e-m+fp/softfp\libcr_nohost.a(__sys_close.o)
                0x1a002882                __sys_close
 .text.__sys_flen
                0x1a002888        0x6 c:/nxp/mcuxpressoide_11.1.1_3241/ide/plugins/com.nxp.mcuxpresso.tools.win32_11.1.0.202001081728/tools/bin/../lib/gcc/arm-none-eabi/8.3.1/../../../../arm-none-eabi/lib/thumb/v7e-m+fp/softfp\libcr_nohost.a(__sys_flen.o)
                0x1a002888                __sys_flen
 .text.__sys_istty
                0x1a00288e        0x6 c:/nxp/mcuxpressoide_11.1.1_3241/ide/plugins/com.nxp.mcuxpresso.tools.win32_11.1.0.202001081728/tools/bin/../lib/gcc/arm-none-eabi/8.3.1/../../../../arm-none-eabi/lib/thumb/v7e-m+fp/softfp\libcr_nohost.a(__sys_istty.o)
                0x1a00288e                __sys_istty
 .text.__sys_remove
                0x1a002894        0x6 c:/nxp/mcuxpressoide_11.1.1_3241/ide/plugins/com.nxp.mcuxpresso.tools.win32_11.1.0.202001081728/tools/bin/../lib/gcc/arm-none-eabi/8.3.1/../../../../arm-none-eabi/lib/thumb/v7e-m+fp/softfp\libcr_nohost.a(__sys_remove.o)
                0x1a002894                __sys_remove
 .text.__sys_seek
                0x1a00289a        0x6 c:/nxp/mcuxpressoide_11.1.1_3241/ide/plugins/com.nxp.mcuxpresso.tools.win32_11.1.0.202001081728/tools/bin/../lib/gcc/arm-none-eabi/8.3.1/../../../../arm-none-eabi/lib/thumb/v7e-m+fp/softfp\libcr_nohost.a(__sys_seek.o)
                0x1a00289a                __sys_seek
 .text.__sys_tmpnam
                0x1a0028a0        0x6 c:/nxp/mcuxpressoide_11.1.1_3241/ide/plugins/com.nxp.mcuxpresso.tools.win32_11.1.0.202001081728/tools/bin/../lib/gcc/arm-none-eabi/8.3.1/../../../../arm-none-eabi/lib/thumb/v7e-m+fp/softfp\libcr_nohost.a(__sys_tmpnam.o)
                0x1a0028a0                __sys_tmpnam
 */tasks.o(.rodata*)
 *fill*         0x1a0028a6        0x2 ff
 .rodata.vTaskStartScheduler.str1.4
                0x1a0028a8        0x5 ./freertos/src/tasks.o
 *(.rodata .rodata.* .constdata .constdata.*)
 *fill*         0x1a0028ad        0x3 ff
 .rodata.main.str1.4
                0x1a0028b0       0x22 ./example/src/blinky.o
 *fill*         0x1a0028d2        0x2 ff
 .rodata.ExtRateIn
                0x1a0028d4        0x4 C:\Users\lenovo\Documents\MCUXpressoIDE_11.1.1_3241\workspace_unsam\lpc_board_nxp_lpcxpresso_4337\Debug\liblpc_board_nxp_lpcxpresso_4337.a(board.o)
                0x1a0028d4                ExtRateIn
 .rodata.OscRateIn
                0x1a0028d8        0x4 C:\Users\lenovo\Documents\MCUXpressoIDE_11.1.1_3241\workspace_unsam\lpc_board_nxp_lpcxpresso_4337\Debug\liblpc_board_nxp_lpcxpresso_4337.a(board.o)
                0x1a0028d8                OscRateIn
 .rodata.InitClkStates
                0x1a0028dc        0xc C:\Users\lenovo\Documents\MCUXpressoIDE_11.1.1_3241\workspace_unsam\lpc_board_nxp_lpcxpresso_4337\Debug\liblpc_board_nxp_lpcxpresso_4337.a(board_sysinit.o)
 .rodata.pinmuxing
                0x1a0028e8       0x34 C:\Users\lenovo\Documents\MCUXpressoIDE_11.1.1_3241\workspace_unsam\lpc_board_nxp_lpcxpresso_4337\Debug\liblpc_board_nxp_lpcxpresso_4337.a(board_sysinit.o)
 .rodata.periph_to_base
                0x1a00291c       0x6c C:\Users\lenovo\Documents\MCUXpressoIDE_11.1.1_3241\workspace_unsam\lpc_chip_43xx\Debug\liblpc_chip_43xx.a(clock_18xx_43xx.o)
 .rodata        0x1a002988        0x4 C:\Users\lenovo\Documents\MCUXpressoIDE_11.1.1_3241\workspace_unsam\lpc_chip_43xx\Debug\liblpc_chip_43xx.a(clock_18xx_43xx.o)
 .rodata.Chip_Clock_SetDivider.str1.4
                0x1a00298c        0x8 C:\Users\lenovo\Documents\MCUXpressoIDE_11.1.1_3241\workspace_unsam\lpc_chip_43xx\Debug\liblpc_chip_43xx.a(clock_18xx_43xx.o)
                                  0x6 (size before relaxing)
 .rodata.InitClkStates
                0x1a002994       0x48 C:\Users\lenovo\Documents\MCUXpressoIDE_11.1.1_3241\workspace_unsam\lpc_chip_43xx\Debug\liblpc_chip_43xx.a(sysinit_18xx_43xx.o)
 .rodata._initio.str1.1
                0x1a0029dc        0x4 c:/nxp/mcuxpressoide_11.1.1_3241/ide/plugins/com.nxp.mcuxpresso.tools.win32_11.1.0.202001081728/tools/bin/../lib/gcc/arm-none-eabi/8.3.1/../../../../arm-none-eabi/lib/thumb/v7e-m+fp/softfp\libcr_c.a(initio.o)
 .rodata.__num_Ciob_streams
                0x1a0029e0        0x4 c:/nxp/mcuxpressoide_11.1.1_3241/ide/plugins/com.nxp.mcuxpresso.tools.win32_11.1.0.202001081728/tools/bin/../lib/gcc/arm-none-eabi/8.3.1/../../../../arm-none-eabi/lib/thumb/v7e-m+fp/softfp\libcr_nohost.a(__ciob.o)
                0x1a0029e0                __num_Ciob_streams
                0x1a0029e4                . = ALIGN (0x4)

.glue_7         0x1a0029e4        0x0
 .glue_7        0x1a0029e4        0x0 linker stubs

.glue_7t        0x1a0029e4        0x0
 .glue_7t       0x1a0029e4        0x0 linker stubs

.vfp11_veneer   0x1a0029e4        0x0
 .vfp11_veneer  0x1a0029e4        0x0 linker stubs

.v4_bx          0x1a0029e4        0x0
 .v4_bx         0x1a0029e4        0x0 linker stubs

.iplt           0x1a0029e4        0x0
 .iplt          0x1a0029e4        0x0 ./freertos/src/FreeRTOSCommonHooks.o

.rel.dyn        0x1a0029e4        0x0
 .rel.iplt      0x1a0029e4        0x0 ./freertos/src/FreeRTOSCommonHooks.o

.ARM.extab
 *(.ARM.extab* .gnu.linkonce.armextab.*)

.ARM.exidx      0x1a0029e4        0x0
                0x1a0029e4                __exidx_start = .
 *(.ARM.exidx* .gnu.linkonce.armexidx.*)
                0x1a0029e4                __exidx_end = .
                0x1a0029e4                _etext = .

.data_RAM2      0x10080000        0x0 load address 0x1a0029e4
 FILL mask 0xff
                [!provide]                PROVIDE (__start_data_RAM2 = .)
                [!provide]                PROVIDE (__start_data_RamLoc40 = .)
 *(.ramfunc.$RAM2)
 *(.ramfunc.$RamLoc40)
 *(.data.$RAM2)
 *(.data.$RamLoc40)
 *(.data.$RAM2.*)
 *(.data.$RamLoc40.*)
                0x10080000                . = ALIGN (0x4)
                [!provide]                PROVIDE (__end_data_RAM2 = .)
                [!provide]                PROVIDE (__end_data_RamLoc40 = .)

.data_RAM3      0x20000000        0x0 load address 0x1a0029e4
 FILL mask 0xff
                [!provide]                PROVIDE (__start_data_RAM3 = .)
                [!provide]                PROVIDE (__start_data_RamAHB32 = .)
 *(.ramfunc.$RAM3)
 *(.ramfunc.$RamAHB32)
 *(.data.$RAM3)
 *(.data.$RamAHB32)
 *(.data.$RAM3.*)
 *(.data.$RamAHB32.*)
                0x20000000                . = ALIGN (0x4)
                [!provide]                PROVIDE (__end_data_RAM3 = .)
                [!provide]                PROVIDE (__end_data_RamAHB32 = .)

.data_RAM4      0x20008000        0x0 load address 0x1a0029e4
 FILL mask 0xff
                [!provide]                PROVIDE (__start_data_RAM4 = .)
                [!provide]                PROVIDE (__start_data_RamAHB16 = .)
 *(.ramfunc.$RAM4)
 *(.ramfunc.$RamAHB16)
 *(.data.$RAM4)
 *(.data.$RamAHB16)
 *(.data.$RAM4.*)
 *(.data.$RamAHB16.*)
                0x20008000                . = ALIGN (0x4)
                [!provide]                PROVIDE (__end_data_RAM4 = .)
                [!provide]                PROVIDE (__end_data_RamAHB16 = .)

.data_RAM5      0x2000c000        0x0 load address 0x1a0029e4
 FILL mask 0xff
                [!provide]                PROVIDE (__start_data_RAM5 = .)
                [!provide]                PROVIDE (__start_data_RamAHB_ETB16 = .)
 *(.ramfunc.$RAM5)
 *(.ramfunc.$RamAHB_ETB16)
 *(.data.$RAM5)
 *(.data.$RamAHB_ETB16)
 *(.data.$RAM5.*)
 *(.data.$RamAHB_ETB16.*)
                0x2000c000                . = ALIGN (0x4)
                [!provide]                PROVIDE (__end_data_RAM5 = .)
                [!provide]                PROVIDE (__end_data_RamAHB_ETB16 = .)

.uninit_RESERVED
                0x10000000        0x0
                0x10000000                _start_uninit_RESERVED = .
 *(.bss.$RESERVED*)
                0x10000000                . = ALIGN (0x4)
                0x10000000                _end_uninit_RESERVED = .

.data           0x10000000        0x8 load address 0x1a0029e4
 FILL mask 0xff
                0x10000000                _data = .
                [!provide]                PROVIDE (__start_data_RAM = .)
                [!provide]                PROVIDE (__start_data_RamLoc32 = .)
 *(vtable)
 *(.ramfunc*)
 *(CodeQuickAccess)
 *(DataQuickAccess)
 *(RamFunction)
 *(.data*)
 .data.uxCriticalNesting
                0x10000000        0x4 ./freertos/src/port.o
 .data.xNextTaskUnblockTime
                0x10000004        0x4 ./freertos/src/tasks.o
                0x10000008                . = ALIGN (0x4)
                0x10000008                _edata = .
                [!provide]                PROVIDE (__end_data_RAM = .)
                [!provide]                PROVIDE (__end_data_RamLoc32 = .)

.igot.plt       0x10000008        0x0 load address 0x1a0029ec
 .igot.plt      0x10000008        0x0 ./freertos/src/FreeRTOSCommonHooks.o

.bss_RAM2       0x10080000        0x0
                [!provide]                PROVIDE (__start_bss_RAM2 = .)
                [!provide]                PROVIDE (__start_bss_RamLoc40 = .)
 *(.bss.$RAM2)
 *(.bss.$RamLoc40)
 *(.bss.$RAM2.*)
 *(.bss.$RamLoc40.*)
                0x10080000                . = ALIGN ((. != 0x0)?0x4:0x1)
                [!provide]                PROVIDE (__end_bss_RAM2 = .)
                [!provide]                PROVIDE (__end_bss_RamLoc40 = .)

.bss_RAM3       0x20000000        0x0
                [!provide]                PROVIDE (__start_bss_RAM3 = .)
                [!provide]                PROVIDE (__start_bss_RamAHB32 = .)
 *(.bss.$RAM3)
 *(.bss.$RamAHB32)
 *(.bss.$RAM3.*)
 *(.bss.$RamAHB32.*)
                0x20000000                . = ALIGN ((. != 0x0)?0x4:0x1)
                [!provide]                PROVIDE (__end_bss_RAM3 = .)
                [!provide]                PROVIDE (__end_bss_RamAHB32 = .)

.bss_RAM4       0x20008000        0x0
                [!provide]                PROVIDE (__start_bss_RAM4 = .)
                [!provide]                PROVIDE (__start_bss_RamAHB16 = .)
 *(.bss.$RAM4)
 *(.bss.$RamAHB16)
 *(.bss.$RAM4.*)
 *(.bss.$RamAHB16.*)
                0x20008000                . = ALIGN ((. != 0x0)?0x4:0x1)
                [!provide]                PROVIDE (__end_bss_RAM4 = .)
                [!provide]                PROVIDE (__end_bss_RamAHB16 = .)

.bss_RAM5       0x2000c000        0x0
                [!provide]                PROVIDE (__start_bss_RAM5 = .)
                [!provide]                PROVIDE (__start_bss_RamAHB_ETB16 = .)
 *(.bss.$RAM5)
 *(.bss.$RamAHB_ETB16)
 *(.bss.$RAM5.*)
 *(.bss.$RamAHB_ETB16.*)
                0x2000c000                . = ALIGN ((. != 0x0)?0x4:0x1)
                [!provide]                PROVIDE (__end_bss_RAM5 = .)
                [!provide]                PROVIDE (__end_bss_RamAHB_ETB16 = .)

.bss            0x10000008      0x33c
                0x10000008                _bss = .
                [!provide]                PROVIDE (__start_bss_RAM = .)
                [!provide]                PROVIDE (__start_bss_RamLoc32 = .)
 *(.bss*)
 .bss.ulTimerCountsForOneTick
                0x10000008        0x4 ./freertos/src/port.o
 .bss.xMaximumPossibleSuppressedTicks
                0x1000000c        0x4 ./freertos/src/port.o
 .bss.ulStoppedTimerCompensation
                0x10000010        0x4 ./freertos/src/port.o
 .bss.pxCurrentTCB
                0x10000014        0x4 ./freertos/src/tasks.o
                0x10000014                pxCurrentTCB
 .bss.pxReadyTasksLists
                0x10000018       0xa0 ./freertos/src/tasks.o
 .bss.xDelayedTaskList1
                0x100000b8       0x14 ./freertos/src/tasks.o
 .bss.xDelayedTaskList2
                0x100000cc       0x14 ./freertos/src/tasks.o
 .bss.pxDelayedTaskList
                0x100000e0        0x4 ./freertos/src/tasks.o
 .bss.pxOverflowDelayedTaskList
                0x100000e4        0x4 ./freertos/src/tasks.o
 .bss.xPendingReadyList
                0x100000e8       0x14 ./freertos/src/tasks.o
 .bss.xTasksWaitingTermination
                0x100000fc       0x14 ./freertos/src/tasks.o
 .bss.uxTasksDeleted
                0x10000110        0x4 ./freertos/src/tasks.o
 .bss.xSuspendedTaskList
                0x10000114       0x14 ./freertos/src/tasks.o
 .bss.uxCurrentNumberOfTasks
                0x10000128        0x4 ./freertos/src/tasks.o
 .bss.xTickCount
                0x1000012c        0x4 ./freertos/src/tasks.o
 .bss.uxTopReadyPriority
                0x10000130        0x4 ./freertos/src/tasks.o
 .bss.xSchedulerRunning
                0x10000134        0x4 ./freertos/src/tasks.o
 .bss.uxPendedTicks
                0x10000138        0x4 ./freertos/src/tasks.o
 .bss.xYieldPending
                0x1000013c        0x4 ./freertos/src/tasks.o
 .bss.xNumOfOverflows
                0x10000140        0x4 ./freertos/src/tasks.o
 .bss.uxTaskNumber
                0x10000144        0x4 ./freertos/src/tasks.o
 .bss.uxSchedulerSuspended
                0x10000148        0x4 ./freertos/src/tasks.o
 .bss.audio_usb_pll_freq
                0x1000014c        0x8 C:\Users\lenovo\Documents\MCUXpressoIDE_11.1.1_3241\workspace_unsam\lpc_chip_43xx\Debug\liblpc_chip_43xx.a(clock_18xx_43xx.o)
 .bss.__end_of_heap
                0x10000154        0x4 c:/nxp/mcuxpressoide_11.1.1_3241/ide/plugins/com.nxp.mcuxpresso.tools.win32_11.1.0.202001081728/tools/bin/../lib/gcc/arm-none-eabi/8.3.1/../../../../arm-none-eabi/lib/thumb/v7e-m+fp/softfp\libcr_c.a(__init_alloc.o)
                0x10000154                __end_of_heap
 .bss.__heaps   0x10000158        0x4 c:/nxp/mcuxpressoide_11.1.1_3241/ide/plugins/com.nxp.mcuxpresso.tools.win32_11.1.0.202001081728/tools/bin/../lib/gcc/arm-none-eabi/8.3.1/../../../../arm-none-eabi/lib/thumb/v7e-m+fp/softfp\libcr_c.a(__init_alloc.o)
                0x10000158                __heaps
 .bss.errno     0x1000015c        0x4 c:/nxp/mcuxpressoide_11.1.1_3241/ide/plugins/com.nxp.mcuxpresso.tools.win32_11.1.0.202001081728/tools/bin/../lib/gcc/arm-none-eabi/8.3.1/../../../../arm-none-eabi/lib/thumb/v7e-m+fp/softfp\libcr_c.a(errno.o)
                0x1000015c                errno
 .bss.__Ciob    0x10000160      0x1e0 c:/nxp/mcuxpressoide_11.1.1_3241/ide/plugins/com.nxp.mcuxpresso.tools.win32_11.1.0.202001081728/tools/bin/../lib/gcc/arm-none-eabi/8.3.1/../../../../arm-none-eabi/lib/thumb/v7e-m+fp/softfp\libcr_nohost.a(__ciob.o)
                0x10000160                __Ciob
 *(COMMON)
 COMMON         0x10000340        0x4 C:\Users\lenovo\Documents\MCUXpressoIDE_11.1.1_3241\workspace_unsam\lpc_chip_43xx\Debug\liblpc_chip_43xx.a(chip_18xx_43xx.o)
                0x10000340                SystemCoreClock
                0x10000344                . = ALIGN (0x4)
                0x10000344                _ebss = .
                [!provide]                PROVIDE (__end_bss_RAM = .)
                [!provide]                PROVIDE (__end_bss_RamLoc32 = .)
                [!provide]                PROVIDE (end = .)

.noinit_RAM2    0x10080000        0x0
                [!provide]                PROVIDE (__start_noinit_RAM2 = .)
                [!provide]                PROVIDE (__start_noinit_RamLoc40 = .)
 *(.noinit.$RAM2)
 *(.noinit.$RamLoc40)
 *(.noinit.$RAM2.*)
 *(.noinit.$RamLoc40.*)
                0x10080000                . = ALIGN (0x4)
                [!provide]                PROVIDE (__end_noinit_RAM2 = .)
                [!provide]                PROVIDE (__end_noinit_RamLoc40 = .)

.noinit_RAM3    0x20000000        0x0
                [!provide]                PROVIDE (__start_noinit_RAM3 = .)
                [!provide]                PROVIDE (__start_noinit_RamAHB32 = .)
 *(.noinit.$RAM3)
 *(.noinit.$RamAHB32)
 *(.noinit.$RAM3.*)
 *(.noinit.$RamAHB32.*)
                0x20000000                . = ALIGN (0x4)
                [!provide]                PROVIDE (__end_noinit_RAM3 = .)
                [!provide]                PROVIDE (__end_noinit_RamAHB32 = .)

.noinit_RAM4    0x20008000        0x0
                [!provide]                PROVIDE (__start_noinit_RAM4 = .)
                [!provide]                PROVIDE (__start_noinit_RamAHB16 = .)
 *(.noinit.$RAM4)
 *(.noinit.$RamAHB16)
 *(.noinit.$RAM4.*)
 *(.noinit.$RamAHB16.*)
                0x20008000                . = ALIGN (0x4)
                [!provide]                PROVIDE (__end_noinit_RAM4 = .)
                [!provide]                PROVIDE (__end_noinit_RamAHB16 = .)

.noinit_RAM5    0x2000c000        0x0
                [!provide]                PROVIDE (__start_noinit_RAM5 = .)
                [!provide]                PROVIDE (__start_noinit_RamAHB_ETB16 = .)
 *(.noinit.$RAM5)
 *(.noinit.$RamAHB_ETB16)
 *(.noinit.$RAM5.*)
 *(.noinit.$RamAHB_ETB16.*)
                0x2000c000                . = ALIGN (0x4)
                [!provide]                PROVIDE (__end_noinit_RAM5 = .)
                [!provide]                PROVIDE (__end_noinit_RamAHB_ETB16 = .)

.noinit         0x10000344        0x0
                0x10000344                _noinit = .
                [!provide]                PROVIDE (__start_noinit_RAM = .)
                [!provide]                PROVIDE (__start_noinit_RamLoc32 = .)
 *(.noinit*)
                0x10000344                . = ALIGN (0x4)
                0x10000344                _end_noinit = .
                [!provide]                PROVIDE (__end_noinit_RAM = .)
                [!provide]                PROVIDE (__end_noinit_RamLoc32 = .)
                0x10000344                PROVIDE (_pvHeapStart = DEFINED (__user_heap_base)?__user_heap_base:.)
                0x10008000                PROVIDE (_vStackTop = DEFINED (__user_stack_top)?__user_stack_top:(__top_RamLoc32 - 0x0))
                [!provide]                PROVIDE (__valid_user_code_checksum = (0x0 - ((((((_vStackTop + (ResetISR + 0x1)) + (NMI_Handler + 0x1)) + (HardFault_Handler + 0x1)) + (DEFINED (MemManage_Handler)?MemManage_Handler:0x0 + 0x1)) + (DEFINED (BusFault_Handler)?BusFault_Handler:0x0 + 0x1)) + (DEFINED (UsageFault_Handler)?UsageFault_Handler:0x0 + 0x1))))
                0x1a000000                _image_start = LOADADDR (.text)
                0x1a0029ec                _image_end = (LOADADDR (.data) + SIZEOF (.data))
                0x000029ec                _image_size = (_image_end - _image_start)
OUTPUT(freertos_blinky.axf elf32-littlearm)

.debug_info     0x00000000     0x91cd
 .debug_info    0x00000000      0x2f8 ./freertos/src/FreeRTOSCommonHooks.o
 .debug_info    0x000002f8      0x282 ./freertos/src/heap_3.o
 .debug_info    0x0000057a      0x44a ./freertos/src/list.o
 .debug_info    0x000009c4      0x988 ./freertos/src/port.o
 .debug_info    0x0000134c       0x85 ./freertos/src/redlib_memfix.o
 .debug_info    0x000013d1     0x19b6 ./freertos/src/tasks.o
 .debug_info    0x00002d87      0x737 ./example/src/blinky.o
 .debug_info    0x000034be      0x2bd ./example/src/cr_startup_lpc43xx.o
 .debug_info    0x0000377b      0x250 ./example/src/sysinit.o
 .debug_info    0x000039cb     0x1c1d C:\Users\lenovo\Documents\MCUXpressoIDE_11.1.1_3241\workspace_unsam\lpc_board_nxp_lpcxpresso_4337\Debug\liblpc_board_nxp_lpcxpresso_4337.a(board.o)
 .debug_info    0x000055e8      0xd0c C:\Users\lenovo\Documents\MCUXpressoIDE_11.1.1_3241\workspace_unsam\lpc_board_nxp_lpcxpresso_4337\Debug\liblpc_board_nxp_lpcxpresso_4337.a(board_sysinit.o)
 .debug_info    0x000062f4      0xacc C:\Users\lenovo\Documents\MCUXpressoIDE_11.1.1_3241\workspace_unsam\lpc_chip_43xx\Debug\liblpc_chip_43xx.a(chip_18xx_43xx.o)
 .debug_info    0x00006dc0     0x16c2 C:\Users\lenovo\Documents\MCUXpressoIDE_11.1.1_3241\workspace_unsam\lpc_chip_43xx\Debug\liblpc_chip_43xx.a(clock_18xx_43xx.o)
 .debug_info    0x00008482      0x164 C:\Users\lenovo\Documents\MCUXpressoIDE_11.1.1_3241\workspace_unsam\lpc_chip_43xx\Debug\liblpc_chip_43xx.a(fpu_init.o)
 .debug_info    0x000085e6      0x248 C:\Users\lenovo\Documents\MCUXpressoIDE_11.1.1_3241\workspace_unsam\lpc_chip_43xx\Debug\liblpc_chip_43xx.a(gpio_18xx_43xx.o)
 .debug_info    0x0000882e      0x99f C:\Users\lenovo\Documents\MCUXpressoIDE_11.1.1_3241\workspace_unsam\lpc_chip_43xx\Debug\liblpc_chip_43xx.a(sysinit_18xx_43xx.o)

.debug_abbrev   0x00000000     0x1b77
 .debug_abbrev  0x00000000      0x181 ./freertos/src/FreeRTOSCommonHooks.o
 .debug_abbrev  0x00000181      0x12b ./freertos/src/heap_3.o
 .debug_abbrev  0x000002ac      0x136 ./freertos/src/list.o
 .debug_abbrev  0x000003e2      0x247 ./freertos/src/port.o
 .debug_abbrev  0x00000629       0x85 ./freertos/src/redlib_memfix.o
 .debug_abbrev  0x000006ae      0x2c9 ./freertos/src/tasks.o
 .debug_abbrev  0x00000977      0x1f1 ./example/src/blinky.o
 .debug_abbrev  0x00000b68      0x120 ./example/src/cr_startup_lpc43xx.o
 .debug_abbrev  0x00000c88       0xeb ./example/src/sysinit.o
 .debug_abbrev  0x00000d73      0x3b0 C:\Users\lenovo\Documents\MCUXpressoIDE_11.1.1_3241\workspace_unsam\lpc_board_nxp_lpcxpresso_4337\Debug\liblpc_board_nxp_lpcxpresso_4337.a(board.o)
 .debug_abbrev  0x00001123      0x1f9 C:\Users\lenovo\Documents\MCUXpressoIDE_11.1.1_3241\workspace_unsam\lpc_board_nxp_lpcxpresso_4337\Debug\liblpc_board_nxp_lpcxpresso_4337.a(board_sysinit.o)
 .debug_abbrev  0x0000131c      0x19b C:\Users\lenovo\Documents\MCUXpressoIDE_11.1.1_3241\workspace_unsam\lpc_chip_43xx\Debug\liblpc_chip_43xx.a(chip_18xx_43xx.o)
 .debug_abbrev  0x000014b7      0x31b C:\Users\lenovo\Documents\MCUXpressoIDE_11.1.1_3241\workspace_unsam\lpc_chip_43xx\Debug\liblpc_chip_43xx.a(clock_18xx_43xx.o)
 .debug_abbrev  0x000017d2       0xb4 C:\Users\lenovo\Documents\MCUXpressoIDE_11.1.1_3241\workspace_unsam\lpc_chip_43xx\Debug\liblpc_chip_43xx.a(fpu_init.o)
 .debug_abbrev  0x00001886      0x120 C:\Users\lenovo\Documents\MCUXpressoIDE_11.1.1_3241\workspace_unsam\lpc_chip_43xx\Debug\liblpc_chip_43xx.a(gpio_18xx_43xx.o)
 .debug_abbrev  0x000019a6      0x1d1 C:\Users\lenovo\Documents\MCUXpressoIDE_11.1.1_3241\workspace_unsam\lpc_chip_43xx\Debug\liblpc_chip_43xx.a(sysinit_18xx_43xx.o)

.debug_aranges  0x00000000      0x7c8
 .debug_aranges
                0x00000000       0x40 ./freertos/src/FreeRTOSCommonHooks.o
 .debug_aranges
                0x00000040       0x28 ./freertos/src/heap_3.o
 .debug_aranges
                0x00000068       0x40 ./freertos/src/list.o
 .debug_aranges
                0x000000a8       0x98 ./freertos/src/port.o
 .debug_aranges
                0x00000140       0x20 ./freertos/src/redlib_memfix.o
 .debug_aranges
                0x00000160      0x190 ./freertos/src/tasks.o
 .debug_aranges
                0x000002f0       0x70 ./example/src/blinky.o
 .debug_aranges
                0x00000360       0x80 ./example/src/cr_startup_lpc43xx.o
 .debug_aranges
                0x000003e0       0x20 ./example/src/sysinit.o
 .debug_aranges
                0x00000400      0x170 C:\Users\lenovo\Documents\MCUXpressoIDE_11.1.1_3241\workspace_unsam\lpc_board_nxp_lpcxpresso_4337\Debug\liblpc_board_nxp_lpcxpresso_4337.a(board.o)
 .debug_aranges
                0x00000570       0x48 C:\Users\lenovo\Documents\MCUXpressoIDE_11.1.1_3241\workspace_unsam\lpc_board_nxp_lpcxpresso_4337\Debug\liblpc_board_nxp_lpcxpresso_4337.a(board_sysinit.o)
 .debug_aranges
                0x000005b8       0x40 C:\Users\lenovo\Documents\MCUXpressoIDE_11.1.1_3241\workspace_unsam\lpc_chip_43xx\Debug\liblpc_chip_43xx.a(chip_18xx_43xx.o)
 .debug_aranges
                0x000005f8      0x138 C:\Users\lenovo\Documents\MCUXpressoIDE_11.1.1_3241\workspace_unsam\lpc_chip_43xx\Debug\liblpc_chip_43xx.a(clock_18xx_43xx.o)
 .debug_aranges
                0x00000730       0x20 C:\Users\lenovo\Documents\MCUXpressoIDE_11.1.1_3241\workspace_unsam\lpc_chip_43xx\Debug\liblpc_chip_43xx.a(fpu_init.o)
 .debug_aranges
                0x00000750       0x28 C:\Users\lenovo\Documents\MCUXpressoIDE_11.1.1_3241\workspace_unsam\lpc_chip_43xx\Debug\liblpc_chip_43xx.a(gpio_18xx_43xx.o)
 .debug_aranges
                0x00000778       0x50 C:\Users\lenovo\Documents\MCUXpressoIDE_11.1.1_3241\workspace_unsam\lpc_chip_43xx\Debug\liblpc_chip_43xx.a(sysinit_18xx_43xx.o)

.debug_ranges   0x00000000      0x6e0
 .debug_ranges  0x00000000       0x30 ./freertos/src/FreeRTOSCommonHooks.o
 .debug_ranges  0x00000030       0x18 ./freertos/src/heap_3.o
 .debug_ranges  0x00000048       0x30 ./freertos/src/list.o
 .debug_ranges  0x00000078       0x88 ./freertos/src/port.o
 .debug_ranges  0x00000100       0x10 ./freertos/src/redlib_memfix.o
 .debug_ranges  0x00000110      0x180 ./freertos/src/tasks.o
 .debug_ranges  0x00000290       0x60 ./example/src/blinky.o
 .debug_ranges  0x000002f0       0x70 ./example/src/cr_startup_lpc43xx.o
 .debug_ranges  0x00000360       0x10 ./example/src/sysinit.o
 .debug_ranges  0x00000370      0x160 C:\Users\lenovo\Documents\MCUXpressoIDE_11.1.1_3241\workspace_unsam\lpc_board_nxp_lpcxpresso_4337\Debug\liblpc_board_nxp_lpcxpresso_4337.a(board.o)
 .debug_ranges  0x000004d0       0x38 C:\Users\lenovo\Documents\MCUXpressoIDE_11.1.1_3241\workspace_unsam\lpc_board_nxp_lpcxpresso_4337\Debug\liblpc_board_nxp_lpcxpresso_4337.a(board_sysinit.o)
 .debug_ranges  0x00000508       0x30 C:\Users\lenovo\Documents\MCUXpressoIDE_11.1.1_3241\workspace_unsam\lpc_chip_43xx\Debug\liblpc_chip_43xx.a(chip_18xx_43xx.o)
 .debug_ranges  0x00000538      0x140 C:\Users\lenovo\Documents\MCUXpressoIDE_11.1.1_3241\workspace_unsam\lpc_chip_43xx\Debug\liblpc_chip_43xx.a(clock_18xx_43xx.o)
 .debug_ranges  0x00000678       0x10 C:\Users\lenovo\Documents\MCUXpressoIDE_11.1.1_3241\workspace_unsam\lpc_chip_43xx\Debug\liblpc_chip_43xx.a(fpu_init.o)
 .debug_ranges  0x00000688       0x18 C:\Users\lenovo\Documents\MCUXpressoIDE_11.1.1_3241\workspace_unsam\lpc_chip_43xx\Debug\liblpc_chip_43xx.a(gpio_18xx_43xx.o)
 .debug_ranges  0x000006a0       0x40 C:\Users\lenovo\Documents\MCUXpressoIDE_11.1.1_3241\workspace_unsam\lpc_chip_43xx\Debug\liblpc_chip_43xx.a(sysinit_18xx_43xx.o)

.debug_macro    0x00000000     0x8bdc
 .debug_macro   0x00000000      0x39b ./freertos/src/FreeRTOSCommonHooks.o
 .debug_macro   0x0000039b      0xaae ./freertos/src/FreeRTOSCommonHooks.o
 .debug_macro   0x00000e49       0x10 ./freertos/src/FreeRTOSCommonHooks.o
 .debug_macro   0x00000e59      0x12e ./freertos/src/FreeRTOSCommonHooks.o
 .debug_macro   0x00000f87       0x16 ./freertos/src/FreeRTOSCommonHooks.o
 .debug_macro   0x00000f9d      0x5b3 ./freertos/src/FreeRTOSCommonHooks.o
 .debug_macro   0x00001550       0x40 ./freertos/src/FreeRTOSCommonHooks.o
 .debug_macro   0x00001590       0x10 ./freertos/src/FreeRTOSCommonHooks.o
 .debug_macro   0x000015a0       0x22 ./freertos/src/FreeRTOSCommonHooks.o
 .debug_macro   0x000015c2       0x74 ./freertos/src/FreeRTOSCommonHooks.o
 .debug_macro   0x00001636       0x28 ./freertos/src/FreeRTOSCommonHooks.o
 .debug_macro   0x0000165e       0x3b ./freertos/src/FreeRTOSCommonHooks.o
 .debug_macro   0x00001699       0x2d ./freertos/src/FreeRTOSCommonHooks.o
 .debug_macro   0x000016c6       0x42 ./freertos/src/FreeRTOSCommonHooks.o
 .debug_macro   0x00001708      0xd39 ./freertos/src/FreeRTOSCommonHooks.o
 .debug_macro   0x00002441      0x2bc ./freertos/src/FreeRTOSCommonHooks.o
 .debug_macro   0x000026fd      0x112 ./freertos/src/FreeRTOSCommonHooks.o
 .debug_macro   0x0000280f       0x11 ./freertos/src/FreeRTOSCommonHooks.o
 .debug_macro   0x00002820       0x2a ./freertos/src/FreeRTOSCommonHooks.o
 .debug_macro   0x0000284a       0x16 ./freertos/src/FreeRTOSCommonHooks.o
 .debug_macro   0x00002860      0x2e6 ./freertos/src/FreeRTOSCommonHooks.o
 .debug_macro   0x00002b46       0x82 ./freertos/src/FreeRTOSCommonHooks.o
 .debug_macro   0x00002bc8      0x13d ./freertos/src/FreeRTOSCommonHooks.o
 .debug_macro   0x00002d05      0x198 ./freertos/src/FreeRTOSCommonHooks.o
 .debug_macro   0x00002e9d       0x34 ./freertos/src/FreeRTOSCommonHooks.o
 .debug_macro   0x00002ed1       0x58 ./freertos/src/FreeRTOSCommonHooks.o
 .debug_macro   0x00002f29      0x236 ./freertos/src/FreeRTOSCommonHooks.o
 .debug_macro   0x0000315f      0x572 ./freertos/src/FreeRTOSCommonHooks.o
 .debug_macro   0x000036d1       0x16 ./freertos/src/FreeRTOSCommonHooks.o
 .debug_macro   0x000036e7      0x18a ./freertos/src/FreeRTOSCommonHooks.o
 .debug_macro   0x00003871       0x88 ./freertos/src/FreeRTOSCommonHooks.o
 .debug_macro   0x000038f9      0x1b9 ./freertos/src/FreeRTOSCommonHooks.o
 .debug_macro   0x00003ab2      0x1da ./freertos/src/FreeRTOSCommonHooks.o
 .debug_macro   0x00003c8c       0x40 ./freertos/src/FreeRTOSCommonHooks.o
 .debug_macro   0x00003ccc       0x1c ./freertos/src/FreeRTOSCommonHooks.o
 .debug_macro   0x00003ce8       0x2e ./freertos/src/FreeRTOSCommonHooks.o
 .debug_macro   0x00003d16       0x2e ./freertos/src/FreeRTOSCommonHooks.o
 .debug_macro   0x00003d44       0x22 ./freertos/src/FreeRTOSCommonHooks.o
 .debug_macro   0x00003d66      0x201 ./freertos/src/FreeRTOSCommonHooks.o
 .debug_macro   0x00003f67       0xe0 ./freertos/src/FreeRTOSCommonHooks.o
 .debug_macro   0x00004047      0x34c ./freertos/src/FreeRTOSCommonHooks.o
 .debug_macro   0x00004393       0xdc ./freertos/src/FreeRTOSCommonHooks.o
 .debug_macro   0x0000446f       0xc4 ./freertos/src/FreeRTOSCommonHooks.o
 .debug_macro   0x00004533       0x94 ./freertos/src/FreeRTOSCommonHooks.o
 .debug_macro   0x000045c7       0xb8 ./freertos/src/FreeRTOSCommonHooks.o
 .debug_macro   0x0000467f       0x4c ./freertos/src/FreeRTOSCommonHooks.o
 .debug_macro   0x000046cb       0x16 ./freertos/src/FreeRTOSCommonHooks.o
 .debug_macro   0x000046e1      0x328 ./freertos/src/FreeRTOSCommonHooks.o
 .debug_macro   0x00004a09       0x3a ./freertos/src/FreeRTOSCommonHooks.o
 .debug_macro   0x00004a43       0xd0 ./freertos/src/FreeRTOSCommonHooks.o
 .debug_macro   0x00004b13       0x11 ./freertos/src/FreeRTOSCommonHooks.o
 .debug_macro   0x00004b24       0x22 ./freertos/src/FreeRTOSCommonHooks.o
 .debug_macro   0x00004b46       0x40 ./freertos/src/FreeRTOSCommonHooks.o
 .debug_macro   0x00004b86       0xf6 ./freertos/src/FreeRTOSCommonHooks.o
 .debug_macro   0x00004c7c       0x9a ./freertos/src/FreeRTOSCommonHooks.o
 .debug_macro   0x00004d16       0x20 ./freertos/src/FreeRTOSCommonHooks.o
 .debug_macro   0x00004d36       0xef ./freertos/src/FreeRTOSCommonHooks.o
 .debug_macro   0x00004e25       0xaf ./freertos/src/FreeRTOSCommonHooks.o
 .debug_macro   0x00004ed4       0x12 ./freertos/src/FreeRTOSCommonHooks.o
 .debug_macro   0x00004ee6       0x1f ./freertos/src/FreeRTOSCommonHooks.o
 .debug_macro   0x00004f05      0x35a ./freertos/src/FreeRTOSCommonHooks.o
 .debug_macro   0x0000525f       0x79 ./freertos/src/FreeRTOSCommonHooks.o
 .debug_macro   0x000052d8       0x69 ./freertos/src/FreeRTOSCommonHooks.o
 .debug_macro   0x00005341      0x3ab ./freertos/src/heap_3.o
 .debug_macro   0x000056ec      0x390 ./freertos/src/list.o
 .debug_macro   0x00005a7c      0x434 ./freertos/src/port.o
 .debug_macro   0x00005eb0       0x17 ./freertos/src/redlib_memfix.o
 .debug_macro   0x00005ec7      0x43c ./freertos/src/tasks.o
 .debug_macro   0x00006303       0x16 ./freertos/src/tasks.o
 .debug_macro   0x00006319      0x397 ./example/src/blinky.o
 .debug_macro   0x000066b0       0x7b ./example/src/blinky.o
 .debug_macro   0x0000672b       0x18 ./example/src/blinky.o
 .debug_macro   0x00006743       0x10 ./example/src/blinky.o
 .debug_macro   0x00006753       0xf5 ./example/src/blinky.o
 .debug_macro   0x00006848       0x1d ./example/src/cr_startup_lpc43xx.o
 .debug_macro   0x00006865      0x310 ./example/src/sysinit.o
 .debug_macro   0x00006b75      0x336 C:\Users\lenovo\Documents\MCUXpressoIDE_11.1.1_3241\workspace_unsam\lpc_board_nxp_lpcxpresso_4337\Debug\liblpc_board_nxp_lpcxpresso_4337.a(board.o)
 .debug_macro   0x00006eab      0xaa8 C:\Users\lenovo\Documents\MCUXpressoIDE_11.1.1_3241\workspace_unsam\lpc_board_nxp_lpcxpresso_4337\Debug\liblpc_board_nxp_lpcxpresso_4337.a(board.o)
 .debug_macro   0x00007953       0x12 C:\Users\lenovo\Documents\MCUXpressoIDE_11.1.1_3241\workspace_unsam\lpc_board_nxp_lpcxpresso_4337\Debug\liblpc_board_nxp_lpcxpresso_4337.a(board.o)
 .debug_macro   0x00007965      0x339 C:\Users\lenovo\Documents\MCUXpressoIDE_11.1.1_3241\workspace_unsam\lpc_board_nxp_lpcxpresso_4337\Debug\liblpc_board_nxp_lpcxpresso_4337.a(board.o)
 .debug_macro   0x00007c9e      0x310 C:\Users\lenovo\Documents\MCUXpressoIDE_11.1.1_3241\workspace_unsam\lpc_board_nxp_lpcxpresso_4337\Debug\liblpc_board_nxp_lpcxpresso_4337.a(board_sysinit.o)
 .debug_macro   0x00007fae      0x2da C:\Users\lenovo\Documents\MCUXpressoIDE_11.1.1_3241\workspace_unsam\lpc_chip_43xx\Debug\liblpc_chip_43xx.a(chip_18xx_43xx.o)
 .debug_macro   0x00008288      0x2e0 C:\Users\lenovo\Documents\MCUXpressoIDE_11.1.1_3241\workspace_unsam\lpc_chip_43xx\Debug\liblpc_chip_43xx.a(clock_18xx_43xx.o)
 .debug_macro   0x00008568       0xc0 C:\Users\lenovo\Documents\MCUXpressoIDE_11.1.1_3241\workspace_unsam\lpc_chip_43xx\Debug\liblpc_chip_43xx.a(fpu_init.o)
 .debug_macro   0x00008628      0x2da C:\Users\lenovo\Documents\MCUXpressoIDE_11.1.1_3241\workspace_unsam\lpc_chip_43xx\Debug\liblpc_chip_43xx.a(gpio_18xx_43xx.o)
 .debug_macro   0x00008902      0x2da C:\Users\lenovo\Documents\MCUXpressoIDE_11.1.1_3241\workspace_unsam\lpc_chip_43xx\Debug\liblpc_chip_43xx.a(sysinit_18xx_43xx.o)

.debug_line     0x00000000     0x8af5
 .debug_line    0x00000000      0x8b2 ./freertos/src/FreeRTOSCommonHooks.o
 .debug_line    0x000008b2      0x854 ./freertos/src/heap_3.o
 .debug_line    0x00001106      0x91b ./freertos/src/list.o
 .debug_line    0x00001a21      0xb05 ./freertos/src/port.o
 .debug_line    0x00002526       0x60 ./freertos/src/redlib_memfix.o
 .debug_line    0x00002586     0x1643 ./freertos/src/tasks.o
 .debug_line    0x00003bc9      0x97c ./example/src/blinky.o
 .debug_line    0x00004545      0x1aa ./example/src/cr_startup_lpc43xx.o
 .debug_line    0x000046ef      0x703 ./example/src/sysinit.o
 .debug_line    0x00004df2      0xcbc C:\Users\lenovo\Documents\MCUXpressoIDE_11.1.1_3241\workspace_unsam\lpc_board_nxp_lpcxpresso_4337\Debug\liblpc_board_nxp_lpcxpresso_4337.a(board.o)
 .debug_line    0x00005aae      0x804 C:\Users\lenovo\Documents\MCUXpressoIDE_11.1.1_3241\workspace_unsam\lpc_board_nxp_lpcxpresso_4337\Debug\liblpc_board_nxp_lpcxpresso_4337.a(board_sysinit.o)
 .debug_line    0x000062b2      0x70e C:\Users\lenovo\Documents\MCUXpressoIDE_11.1.1_3241\workspace_unsam\lpc_chip_43xx\Debug\liblpc_chip_43xx.a(chip_18xx_43xx.o)
 .debug_line    0x000069c0     0x100d C:\Users\lenovo\Documents\MCUXpressoIDE_11.1.1_3241\workspace_unsam\lpc_chip_43xx\Debug\liblpc_chip_43xx.a(clock_18xx_43xx.o)
 .debug_line    0x000079cd      0x2a5 C:\Users\lenovo\Documents\MCUXpressoIDE_11.1.1_3241\workspace_unsam\lpc_chip_43xx\Debug\liblpc_chip_43xx.a(fpu_init.o)
 .debug_line    0x00007c72      0x678 C:\Users\lenovo\Documents\MCUXpressoIDE_11.1.1_3241\workspace_unsam\lpc_chip_43xx\Debug\liblpc_chip_43xx.a(gpio_18xx_43xx.o)
 .debug_line    0x000082ea      0x80b C:\Users\lenovo\Documents\MCUXpressoIDE_11.1.1_3241\workspace_unsam\lpc_chip_43xx\Debug\liblpc_chip_43xx.a(sysinit_18xx_43xx.o)

.debug_str      0x00000000    0x1da03
 .debug_str     0x00000000    0x187f0 ./freertos/src/FreeRTOSCommonHooks.o
                              0x18917 (size before relaxing)
 .debug_str     0x000187f0      0x103 ./freertos/src/heap_3.o
                              0x1890d (size before relaxing)
 .debug_str     0x000188f3      0x139 ./freertos/src/list.o
                              0x18625 (size before relaxing)
 .debug_str     0x00018a2c     0x11d1 ./freertos/src/port.o
                              0x19a48 (size before relaxing)
 .debug_str     0x00019bfd       0x6f ./freertos/src/redlib_memfix.o
                               0x2eb1 (size before relaxing)
 .debug_str     0x00019c6c     0x16c4 ./freertos/src/tasks.o
                              0x1ab6d (size before relaxing)
 .debug_str     0x0001b330      0x1eb ./example/src/blinky.o
                              0x18a30 (size before relaxing)
 .debug_str     0x0001b51b      0x1cf ./example/src/cr_startup_lpc43xx.o
                               0x3035 (size before relaxing)
 .debug_str     0x0001b6ea       0x23 ./example/src/sysinit.o
                              0x16064 (size before relaxing)
 .debug_str     0x0001b70d     0x1946 C:\Users\lenovo\Documents\MCUXpressoIDE_11.1.1_3241\workspace_unsam\lpc_board_nxp_lpcxpresso_4337\Debug\liblpc_board_nxp_lpcxpresso_4337.a(board.o)
                              0x184e4 (size before relaxing)
 .debug_str     0x0001d053      0x125 C:\Users\lenovo\Documents\MCUXpressoIDE_11.1.1_3241\workspace_unsam\lpc_board_nxp_lpcxpresso_4337\Debug\liblpc_board_nxp_lpcxpresso_4337.a(board_sysinit.o)
                              0x16e09 (size before relaxing)
 .debug_str     0x0001d178       0xf9 C:\Users\lenovo\Documents\MCUXpressoIDE_11.1.1_3241\workspace_unsam\lpc_chip_43xx\Debug\liblpc_chip_43xx.a(chip_18xx_43xx.o)
                              0x16671 (size before relaxing)
 .debug_str     0x0001d271      0x5f1 C:\Users\lenovo\Documents\MCUXpressoIDE_11.1.1_3241\workspace_unsam\lpc_chip_43xx\Debug\liblpc_chip_43xx.a(clock_18xx_43xx.o)
                              0x16bf0 (size before relaxing)
 .debug_str     0x0001d862       0xb5 C:\Users\lenovo\Documents\MCUXpressoIDE_11.1.1_3241\workspace_unsam\lpc_chip_43xx\Debug\liblpc_chip_43xx.a(fpu_init.o)
                               0xa1c6 (size before relaxing)
 .debug_str     0x0001d917       0x38 C:\Users\lenovo\Documents\MCUXpressoIDE_11.1.1_3241\workspace_unsam\lpc_chip_43xx\Debug\liblpc_chip_43xx.a(gpio_18xx_43xx.o)
                              0x15997 (size before relaxing)
 .debug_str     0x0001d94f       0xb4 C:\Users\lenovo\Documents\MCUXpressoIDE_11.1.1_3241\workspace_unsam\lpc_chip_43xx\Debug\liblpc_chip_43xx.a(sysinit_18xx_43xx.o)
                              0x16650 (size before relaxing)

.comment        0x00000000       0x76
 .comment       0x00000000       0x76 ./freertos/src/FreeRTOSCommonHooks.o
                                 0x77 (size before relaxing)
 .comment       0x00000076       0x77 ./freertos/src/heap_3.o
 .comment       0x00000076       0x77 ./freertos/src/list.o
 .comment       0x00000076       0x77 ./freertos/src/port.o
 .comment       0x00000076       0x77 ./freertos/src/redlib_memfix.o
 .comment       0x00000076       0x77 ./freertos/src/tasks.o
 .comment       0x00000076       0x77 ./example/src/blinky.o
 .comment       0x00000076       0x77 ./example/src/cr_startup_lpc43xx.o
 .comment       0x00000076       0x77 ./example/src/sysinit.o
 .comment       0x00000076       0x77 C:\Users\lenovo\Documents\MCUXpressoIDE_11.1.1_3241\workspace_unsam\lpc_board_nxp_lpcxpresso_4337\Debug\liblpc_board_nxp_lpcxpresso_4337.a(board.o)
 .comment       0x00000076       0x77 C:\Users\lenovo\Documents\MCUXpressoIDE_11.1.1_3241\workspace_unsam\lpc_board_nxp_lpcxpresso_4337\Debug\liblpc_board_nxp_lpcxpresso_4337.a(board_sysinit.o)
 .comment       0x00000076       0x77 C:\Users\lenovo\Documents\MCUXpressoIDE_11.1.1_3241\workspace_unsam\lpc_chip_43xx\Debug\liblpc_chip_43xx.a(chip_18xx_43xx.o)
 .comment       0x00000076       0x77 C:\Users\lenovo\Documents\MCUXpressoIDE_11.1.1_3241\workspace_unsam\lpc_chip_43xx\Debug\liblpc_chip_43xx.a(clock_18xx_43xx.o)
 .comment       0x00000076       0x77 C:\Users\lenovo\Documents\MCUXpressoIDE_11.1.1_3241\workspace_unsam\lpc_chip_43xx\Debug\liblpc_chip_43xx.a(fpu_init.o)
 .comment       0x00000076       0x77 C:\Users\lenovo\Documents\MCUXpressoIDE_11.1.1_3241\workspace_unsam\lpc_chip_43xx\Debug\liblpc_chip_43xx.a(gpio_18xx_43xx.o)
 .comment       0x00000076       0x77 C:\Users\lenovo\Documents\MCUXpressoIDE_11.1.1_3241\workspace_unsam\lpc_chip_43xx\Debug\liblpc_chip_43xx.a(sysinit_18xx_43xx.o)
 .comment       0x00000076       0x77 c:/nxp/mcuxpressoide_11.1.1_3241/ide/plugins/com.nxp.mcuxpresso.tools.win32_11.1.0.202001081728/tools/bin/../lib/gcc/arm-none-eabi/8.3.1/../../../../arm-none-eabi/lib/thumb/v7e-m+fp/softfp\libcr_nohost.a(_cr__main.o)
 .comment       0x00000076       0x77 c:/nxp/mcuxpressoide_11.1.1_3241/ide/plugins/com.nxp.mcuxpresso.tools.win32_11.1.0.202001081728/tools/bin/../lib/gcc/arm-none-eabi/8.3.1/../../../../arm-none-eabi/lib/thumb/v7e-m+fp/softfp\libcr_c.a(memset.o)
 .comment       0x00000076       0x77 c:/nxp/mcuxpressoide_11.1.1_3241/ide/plugins/com.nxp.mcuxpresso.tools.win32_11.1.0.202001081728/tools/bin/../lib/gcc/arm-none-eabi/8.3.1/../../../../arm-none-eabi/lib/thumb/v7e-m+fp/softfp\libcr_c.a(alloc.o)
 .comment       0x00000076       0x77 c:/nxp/mcuxpressoide_11.1.1_3241/ide/plugins/com.nxp.mcuxpresso.tools.win32_11.1.0.202001081728/tools/bin/../lib/gcc/arm-none-eabi/8.3.1/../../../../arm-none-eabi/lib/thumb/v7e-m+fp/softfp\libcr_c.a(initio.o)
 .comment       0x00000076       0x77 c:/nxp/mcuxpressoide_11.1.1_3241/ide/plugins/com.nxp.mcuxpresso.tools.win32_11.1.0.202001081728/tools/bin/../lib/gcc/arm-none-eabi/8.3.1/../../../../arm-none-eabi/lib/thumb/v7e-m+fp/softfp\libcr_c.a(setvbuf.o)
 .comment       0x00000076       0x77 c:/nxp/mcuxpressoide_11.1.1_3241/ide/plugins/com.nxp.mcuxpresso.tools.win32_11.1.0.202001081728/tools/bin/../lib/gcc/arm-none-eabi/8.3.1/../../../../arm-none-eabi/lib/thumb/v7e-m+fp/softfp\libcr_c.a(strlen.o)
 .comment       0x00000076       0x77 c:/nxp/mcuxpressoide_11.1.1_3241/ide/plugins/com.nxp.mcuxpresso.tools.win32_11.1.0.202001081728/tools/bin/../lib/gcc/arm-none-eabi/8.3.1/../../../../arm-none-eabi/lib/thumb/v7e-m+fp/softfp\libcr_c.a(__init_alloc.o)
 .comment       0x00000076       0x77 c:/nxp/mcuxpressoide_11.1.1_3241/ide/plugins/com.nxp.mcuxpresso.tools.win32_11.1.0.202001081728/tools/bin/../lib/gcc/arm-none-eabi/8.3.1/../../../../arm-none-eabi/lib/thumb/v7e-m+fp/softfp\libcr_c.a(_cr_sbrk.o)
 .comment       0x00000076       0x77 c:/nxp/mcuxpressoide_11.1.1_3241/ide/plugins/com.nxp.mcuxpresso.tools.win32_11.1.0.202001081728/tools/bin/../lib/gcc/arm-none-eabi/8.3.1/../../../../arm-none-eabi/lib/thumb/v7e-m+fp/softfp\libcr_c.a(_deferredlazyseek.o)
 .comment       0x00000076       0x77 c:/nxp/mcuxpressoide_11.1.1_3241/ide/plugins/com.nxp.mcuxpresso.tools.win32_11.1.0.202001081728/tools/bin/../lib/gcc/arm-none-eabi/8.3.1/../../../../arm-none-eabi/lib/thumb/v7e-m+fp/softfp\libcr_c.a(_fdopen.o)
 .comment       0x00000076       0x77 c:/nxp/mcuxpressoide_11.1.1_3241/ide/plugins/com.nxp.mcuxpresso.tools.win32_11.1.0.202001081728/tools/bin/../lib/gcc/arm-none-eabi/8.3.1/../../../../arm-none-eabi/lib/thumb/v7e-m+fp/softfp\libcr_c.a(_fflush.o)
 .comment       0x00000076       0x77 c:/nxp/mcuxpressoide_11.1.1_3241/ide/plugins/com.nxp.mcuxpresso.tools.win32_11.1.0.202001081728/tools/bin/../lib/gcc/arm-none-eabi/8.3.1/../../../../arm-none-eabi/lib/thumb/v7e-m+fp/softfp\libcr_c.a(_writebuf.o)
 .comment       0x00000076       0x77 c:/nxp/mcuxpressoide_11.1.1_3241/ide/plugins/com.nxp.mcuxpresso.tools.win32_11.1.0.202001081728/tools/bin/../lib/gcc/arm-none-eabi/8.3.1/../../../../arm-none-eabi/lib/thumb/v7e-m+fp/softfp\libcr_c.a(errno.o)
 .comment       0x00000076       0x77 c:/nxp/mcuxpressoide_11.1.1_3241/ide/plugins/com.nxp.mcuxpresso.tools.win32_11.1.0.202001081728/tools/bin/../lib/gcc/arm-none-eabi/8.3.1/../../../../arm-none-eabi/lib/thumb/v7e-m+fp/softfp\libcr_c.a(fclose.o)
 .comment       0x00000076       0x77 c:/nxp/mcuxpressoide_11.1.1_3241/ide/plugins/com.nxp.mcuxpresso.tools.win32_11.1.0.202001081728/tools/bin/../lib/gcc/arm-none-eabi/8.3.1/../../../../arm-none-eabi/lib/thumb/v7e-m+fp/softfp\libcr_c.a(fflush.o)
 .comment       0x00000076       0x77 c:/nxp/mcuxpressoide_11.1.1_3241/ide/plugins/com.nxp.mcuxpresso.tools.win32_11.1.0.202001081728/tools/bin/../lib/gcc/arm-none-eabi/8.3.1/../../../../arm-none-eabi/lib/thumb/v7e-m+fp/softfp\libcr_c.a(fseek.o)
 .comment       0x00000076       0x77 c:/nxp/mcuxpressoide_11.1.1_3241/ide/plugins/com.nxp.mcuxpresso.tools.win32_11.1.0.202001081728/tools/bin/../lib/gcc/arm-none-eabi/8.3.1/../../../../arm-none-eabi/lib/thumb/v7e-m+fp/softfp\libcr_c.a(ftell.o)
 .comment       0x00000076       0x77 c:/nxp/mcuxpressoide_11.1.1_3241/ide/plugins/com.nxp.mcuxpresso.tools.win32_11.1.0.202001081728/tools/bin/../lib/gcc/arm-none-eabi/8.3.1/../../../../arm-none-eabi/lib/thumb/v7e-m+fp/softfp\libcr_c.a(remove.o)
 .comment       0x00000076       0x77 c:/nxp/mcuxpressoide_11.1.1_3241/ide/plugins/com.nxp.mcuxpresso.tools.win32_11.1.0.202001081728/tools/bin/../lib/gcc/arm-none-eabi/8.3.1/../../../../arm-none-eabi/lib/thumb/v7e-m+fp/softfp\libcr_c.a(_do_fflush.o)
 .comment       0x00000076       0x77 c:/nxp/mcuxpressoide_11.1.1_3241/ide/plugins/com.nxp.mcuxpresso.tools.win32_11.1.0.202001081728/tools/bin/../lib/gcc/arm-none-eabi/8.3.1/../../../../arm-none-eabi/lib/thumb/v7e-m+fp/softfp\libcr_nohost.a(__ciob.o)
 .comment       0x00000076       0x77 c:/nxp/mcuxpressoide_11.1.1_3241/ide/plugins/com.nxp.mcuxpresso.tools.win32_11.1.0.202001081728/tools/bin/../lib/gcc/arm-none-eabi/8.3.1/../../../../arm-none-eabi/lib/thumb/v7e-m+fp/softfp\libcr_nohost.a(__sys_close.o)
 .comment       0x00000076       0x77 c:/nxp/mcuxpressoide_11.1.1_3241/ide/plugins/com.nxp.mcuxpresso.tools.win32_11.1.0.202001081728/tools/bin/../lib/gcc/arm-none-eabi/8.3.1/../../../../arm-none-eabi/lib/thumb/v7e-m+fp/softfp\libcr_nohost.a(__sys_flen.o)
 .comment       0x00000076       0x77 c:/nxp/mcuxpressoide_11.1.1_3241/ide/plugins/com.nxp.mcuxpresso.tools.win32_11.1.0.202001081728/tools/bin/../lib/gcc/arm-none-eabi/8.3.1/../../../../arm-none-eabi/lib/thumb/v7e-m+fp/softfp\libcr_nohost.a(__sys_istty.o)
 .comment       0x00000076       0x77 c:/nxp/mcuxpressoide_11.1.1_3241/ide/plugins/com.nxp.mcuxpresso.tools.win32_11.1.0.202001081728/tools/bin/../lib/gcc/arm-none-eabi/8.3.1/../../../../arm-none-eabi/lib/thumb/v7e-m+fp/softfp\libcr_nohost.a(__sys_remove.o)
 .comment       0x00000076       0x77 c:/nxp/mcuxpressoide_11.1.1_3241/ide/plugins/com.nxp.mcuxpresso.tools.win32_11.1.0.202001081728/tools/bin/../lib/gcc/arm-none-eabi/8.3.1/../../../../arm-none-eabi/lib/thumb/v7e-m+fp/softfp\libcr_nohost.a(__sys_seek.o)
 .comment       0x00000076       0x77 c:/nxp/mcuxpressoide_11.1.1_3241/ide/plugins/com.nxp.mcuxpresso.tools.win32_11.1.0.202001081728/tools/bin/../lib/gcc/arm-none-eabi/8.3.1/../../../../arm-none-eabi/lib/thumb/v7e-m+fp/softfp\libcr_nohost.a(__sys_tmpnam.o)

.ARM.attributes
                0x00000000       0x30
 .ARM.attributes
                0x00000000       0x32 ./freertos/src/FreeRTOSCommonHooks.o
 .ARM.attributes
                0x00000032       0x32 ./freertos/src/heap_3.o
 .ARM.attributes
                0x00000064       0x32 ./freertos/src/list.o
 .ARM.attributes
                0x00000096       0x32 ./freertos/src/port.o
 .ARM.attributes
                0x000000c8       0x32 ./freertos/src/redlib_memfix.o
 .ARM.attributes
                0x000000fa       0x32 ./freertos/src/tasks.o
 .ARM.attributes
                0x0000012c       0x32 ./example/src/blinky.o
 .ARM.attributes
                0x0000015e       0x32 ./example/src/cr_startup_lpc43xx.o
 .ARM.attributes
                0x00000190       0x32 ./example/src/sysinit.o
 .ARM.attributes
                0x000001c2       0x32 C:\Users\lenovo\Documents\MCUXpressoIDE_11.1.1_3241\workspace_unsam\lpc_board_nxp_lpcxpresso_4337\Debug\liblpc_board_nxp_lpcxpresso_4337.a(board.o)
 .ARM.attributes
                0x000001f4       0x32 C:\Users\lenovo\Documents\MCUXpressoIDE_11.1.1_3241\workspace_unsam\lpc_board_nxp_lpcxpresso_4337\Debug\liblpc_board_nxp_lpcxpresso_4337.a(board_sysinit.o)
 .ARM.attributes
                0x00000226       0x32 C:\Users\lenovo\Documents\MCUXpressoIDE_11.1.1_3241\workspace_unsam\lpc_chip_43xx\Debug\liblpc_chip_43xx.a(chip_18xx_43xx.o)
 .ARM.attributes
                0x00000258       0x32 C:\Users\lenovo\Documents\MCUXpressoIDE_11.1.1_3241\workspace_unsam\lpc_chip_43xx\Debug\liblpc_chip_43xx.a(clock_18xx_43xx.o)
 .ARM.attributes
                0x0000028a       0x32 C:\Users\lenovo\Documents\MCUXpressoIDE_11.1.1_3241\workspace_unsam\lpc_chip_43xx\Debug\liblpc_chip_43xx.a(fpu_init.o)
 .ARM.attributes
                0x000002bc       0x32 C:\Users\lenovo\Documents\MCUXpressoIDE_11.1.1_3241\workspace_unsam\lpc_chip_43xx\Debug\liblpc_chip_43xx.a(gpio_18xx_43xx.o)
 .ARM.attributes
                0x000002ee       0x32 C:\Users\lenovo\Documents\MCUXpressoIDE_11.1.1_3241\workspace_unsam\lpc_chip_43xx\Debug\liblpc_chip_43xx.a(sysinit_18xx_43xx.o)
 .ARM.attributes
                0x00000320       0x32 c:/nxp/mcuxpressoide_11.1.1_3241/ide/plugins/com.nxp.mcuxpresso.tools.win32_11.1.0.202001081728/tools/bin/../lib/gcc/arm-none-eabi/8.3.1/../../../../arm-none-eabi/lib/thumb/v7e-m+fp/softfp\libcr_nohost.a(_cr__main.o)
 .ARM.attributes
                0x00000352       0x32 c:/nxp/mcuxpressoide_11.1.1_3241/ide/plugins/com.nxp.mcuxpresso.tools.win32_11.1.0.202001081728/tools/bin/../lib/gcc/arm-none-eabi/8.3.1/../../../../arm-none-eabi/lib/thumb/v7e-m+fp/softfp\libcr_c.a(memset.o)
 .ARM.attributes
                0x00000384       0x32 c:/nxp/mcuxpressoide_11.1.1_3241/ide/plugins/com.nxp.mcuxpresso.tools.win32_11.1.0.202001081728/tools/bin/../lib/gcc/arm-none-eabi/8.3.1/../../../../arm-none-eabi/lib/thumb/v7e-m+fp/softfp\libcr_c.a(alloc.o)
 .ARM.attributes
                0x000003b6       0x32 c:/nxp/mcuxpressoide_11.1.1_3241/ide/plugins/com.nxp.mcuxpresso.tools.win32_11.1.0.202001081728/tools/bin/../lib/gcc/arm-none-eabi/8.3.1/../../../../arm-none-eabi/lib/thumb/v7e-m+fp/softfp\libcr_c.a(initio.o)
 .ARM.attributes
                0x000003e8       0x32 c:/nxp/mcuxpressoide_11.1.1_3241/ide/plugins/com.nxp.mcuxpresso.tools.win32_11.1.0.202001081728/tools/bin/../lib/gcc/arm-none-eabi/8.3.1/../../../../arm-none-eabi/lib/thumb/v7e-m+fp/softfp\libcr_c.a(setvbuf.o)
 .ARM.attributes
                0x0000041a       0x32 c:/nxp/mcuxpressoide_11.1.1_3241/ide/plugins/com.nxp.mcuxpresso.tools.win32_11.1.0.202001081728/tools/bin/../lib/gcc/arm-none-eabi/8.3.1/../../../../arm-none-eabi/lib/thumb/v7e-m+fp/softfp\libcr_c.a(strlen.o)
 .ARM.attributes
                0x0000044c       0x32 c:/nxp/mcuxpressoide_11.1.1_3241/ide/plugins/com.nxp.mcuxpresso.tools.win32_11.1.0.202001081728/tools/bin/../lib/gcc/arm-none-eabi/8.3.1/../../../../arm-none-eabi/lib/thumb/v7e-m+fp/softfp\libcr_c.a(__init_alloc.o)
 .ARM.attributes
                0x0000047e       0x32 c:/nxp/mcuxpressoide_11.1.1_3241/ide/plugins/com.nxp.mcuxpresso.tools.win32_11.1.0.202001081728/tools/bin/../lib/gcc/arm-none-eabi/8.3.1/../../../../arm-none-eabi/lib/thumb/v7e-m+fp/softfp\libcr_c.a(_cr_sbrk.o)
 .ARM.attributes
                0x000004b0       0x32 c:/nxp/mcuxpressoide_11.1.1_3241/ide/plugins/com.nxp.mcuxpresso.tools.win32_11.1.0.202001081728/tools/bin/../lib/gcc/arm-none-eabi/8.3.1/../../../../arm-none-eabi/lib/thumb/v7e-m+fp/softfp\libcr_c.a(_deferredlazyseek.o)
 .ARM.attributes
                0x000004e2       0x32 c:/nxp/mcuxpressoide_11.1.1_3241/ide/plugins/com.nxp.mcuxpresso.tools.win32_11.1.0.202001081728/tools/bin/../lib/gcc/arm-none-eabi/8.3.1/../../../../arm-none-eabi/lib/thumb/v7e-m+fp/softfp\libcr_c.a(_fdopen.o)
 .ARM.attributes
                0x00000514       0x32 c:/nxp/mcuxpressoide_11.1.1_3241/ide/plugins/com.nxp.mcuxpresso.tools.win32_11.1.0.202001081728/tools/bin/../lib/gcc/arm-none-eabi/8.3.1/../../../../arm-none-eabi/lib/thumb/v7e-m+fp/softfp\libcr_c.a(_fflush.o)
 .ARM.attributes
                0x00000546       0x32 c:/nxp/mcuxpressoide_11.1.1_3241/ide/plugins/com.nxp.mcuxpresso.tools.win32_11.1.0.202001081728/tools/bin/../lib/gcc/arm-none-eabi/8.3.1/../../../../arm-none-eabi/lib/thumb/v7e-m+fp/softfp\libcr_c.a(_writebuf.o)
 .ARM.attributes
                0x00000578       0x37 c:/nxp/mcuxpressoide_11.1.1_3241/ide/plugins/com.nxp.mcuxpresso.tools.win32_11.1.0.202001081728/tools/bin/../lib/gcc/arm-none-eabi/8.3.1/../../../../arm-none-eabi/lib/thumb/v7e-m+fp/softfp\libcr_c.a(errno.o)
 .ARM.attributes
                0x000005af       0x32 c:/nxp/mcuxpressoide_11.1.1_3241/ide/plugins/com.nxp.mcuxpresso.tools.win32_11.1.0.202001081728/tools/bin/../lib/gcc/arm-none-eabi/8.3.1/../../../../arm-none-eabi/lib/thumb/v7e-m+fp/softfp\libcr_c.a(fclose.o)
 .ARM.attributes
                0x000005e1       0x32 c:/nxp/mcuxpressoide_11.1.1_3241/ide/plugins/com.nxp.mcuxpresso.tools.win32_11.1.0.202001081728/tools/bin/../lib/gcc/arm-none-eabi/8.3.1/../../../../arm-none-eabi/lib/thumb/v7e-m+fp/softfp\libcr_c.a(fflush.o)
 .ARM.attributes
                0x00000613       0x32 c:/nxp/mcuxpressoide_11.1.1_3241/ide/plugins/com.nxp.mcuxpresso.tools.win32_11.1.0.202001081728/tools/bin/../lib/gcc/arm-none-eabi/8.3.1/../../../../arm-none-eabi/lib/thumb/v7e-m+fp/softfp\libcr_c.a(fseek.o)
 .ARM.attributes
                0x00000645       0x32 c:/nxp/mcuxpressoide_11.1.1_3241/ide/plugins/com.nxp.mcuxpresso.tools.win32_11.1.0.202001081728/tools/bin/../lib/gcc/arm-none-eabi/8.3.1/../../../../arm-none-eabi/lib/thumb/v7e-m+fp/softfp\libcr_c.a(ftell.o)
 .ARM.attributes
                0x00000677       0x32 c:/nxp/mcuxpressoide_11.1.1_3241/ide/plugins/com.nxp.mcuxpresso.tools.win32_11.1.0.202001081728/tools/bin/../lib/gcc/arm-none-eabi/8.3.1/../../../../arm-none-eabi/lib/thumb/v7e-m+fp/softfp\libcr_c.a(remove.o)
 .ARM.attributes
                0x000006a9       0x32 c:/nxp/mcuxpressoide_11.1.1_3241/ide/plugins/com.nxp.mcuxpresso.tools.win32_11.1.0.202001081728/tools/bin/../lib/gcc/arm-none-eabi/8.3.1/../../../../arm-none-eabi/lib/thumb/v7e-m+fp/softfp\libcr_c.a(_do_fflush.o)
 .ARM.attributes
                0x000006db       0x20 c:/nxp/mcuxpressoide_11.1.1_3241/ide/plugins/com.nxp.mcuxpresso.tools.win32_11.1.0.202001081728/tools/bin/../lib/gcc/arm-none-eabi/8.3.1/thumb/v7e-m+fp/softfp\libcr_eabihelpers.a(memcpy.o)
 .ARM.attributes
                0x000006fb       0x37 c:/nxp/mcuxpressoide_11.1.1_3241/ide/plugins/com.nxp.mcuxpresso.tools.win32_11.1.0.202001081728/tools/bin/../lib/gcc/arm-none-eabi/8.3.1/../../../../arm-none-eabi/lib/thumb/v7e-m+fp/softfp\libcr_nohost.a(__ciob.o)
 .ARM.attributes
                0x00000732       0x32 c:/nxp/mcuxpressoide_11.1.1_3241/ide/plugins/com.nxp.mcuxpresso.tools.win32_11.1.0.202001081728/tools/bin/../lib/gcc/arm-none-eabi/8.3.1/../../../../arm-none-eabi/lib/thumb/v7e-m+fp/softfp\libcr_nohost.a(__sys_close.o)
 .ARM.attributes
                0x00000764       0x32 c:/nxp/mcuxpressoide_11.1.1_3241/ide/plugins/com.nxp.mcuxpresso.tools.win32_11.1.0.202001081728/tools/bin/../lib/gcc/arm-none-eabi/8.3.1/../../../../arm-none-eabi/lib/thumb/v7e-m+fp/softfp\libcr_nohost.a(__sys_flen.o)
 .ARM.attributes
                0x00000796       0x32 c:/nxp/mcuxpressoide_11.1.1_3241/ide/plugins/com.nxp.mcuxpresso.tools.win32_11.1.0.202001081728/tools/bin/../lib/gcc/arm-none-eabi/8.3.1/../../../../arm-none-eabi/lib/thumb/v7e-m+fp/softfp\libcr_nohost.a(__sys_istty.o)
 .ARM.attributes
                0x000007c8       0x32 c:/nxp/mcuxpressoide_11.1.1_3241/ide/plugins/com.nxp.mcuxpresso.tools.win32_11.1.0.202001081728/tools/bin/../lib/gcc/arm-none-eabi/8.3.1/../../../../arm-none-eabi/lib/thumb/v7e-m+fp/softfp\libcr_nohost.a(__sys_remove.o)
 .ARM.attributes
                0x000007fa       0x32 c:/nxp/mcuxpressoide_11.1.1_3241/ide/plugins/com.nxp.mcuxpresso.tools.win32_11.1.0.202001081728/tools/bin/../lib/gcc/arm-none-eabi/8.3.1/../../../../arm-none-eabi/lib/thumb/v7e-m+fp/softfp\libcr_nohost.a(__sys_seek.o)
 .ARM.attributes
                0x0000082c       0x32 c:/nxp/mcuxpressoide_11.1.1_3241/ide/plugins/com.nxp.mcuxpresso.tools.win32_11.1.0.202001081728/tools/bin/../lib/gcc/arm-none-eabi/8.3.1/../../../../arm-none-eabi/lib/thumb/v7e-m+fp/softfp\libcr_nohost.a(__sys_tmpnam.o)

.debug_frame    0x00000000     0x1c74
 .debug_frame   0x00000000       0xb0 ./freertos/src/FreeRTOSCommonHooks.o
 .debug_frame   0x000000b0       0x58 ./freertos/src/heap_3.o
 .debug_frame   0x00000108       0xd8 ./freertos/src/list.o
 .debug_frame   0x000001e0      0x1a8 ./freertos/src/port.o
 .debug_frame   0x00000388       0x38 ./freertos/src/redlib_memfix.o
 .debug_frame   0x000003c0      0x6cc ./freertos/src/tasks.o
 .debug_frame   0x00000a8c      0x1a0 ./example/src/blinky.o
 .debug_frame   0x00000c2c      0x170 ./example/src/cr_startup_lpc43xx.o
 .debug_frame   0x00000d9c       0x34 ./example/src/sysinit.o
 .debug_frame   0x00000dd0      0x62c C:\Users\lenovo\Documents\MCUXpressoIDE_11.1.1_3241\workspace_unsam\lpc_board_nxp_lpcxpresso_4337\Debug\liblpc_board_nxp_lpcxpresso_4337.a(board.o)
 .debug_frame   0x000013fc       0xe4 C:\Users\lenovo\Documents\MCUXpressoIDE_11.1.1_3241\workspace_unsam\lpc_board_nxp_lpcxpresso_4337\Debug\liblpc_board_nxp_lpcxpresso_4337.a(board_sysinit.o)
 .debug_frame   0x000014e0       0xa0 C:\Users\lenovo\Documents\MCUXpressoIDE_11.1.1_3241\workspace_unsam\lpc_chip_43xx\Debug\liblpc_chip_43xx.a(chip_18xx_43xx.o)
 .debug_frame   0x00001580      0x568 C:\Users\lenovo\Documents\MCUXpressoIDE_11.1.1_3241\workspace_unsam\lpc_chip_43xx\Debug\liblpc_chip_43xx.a(clock_18xx_43xx.o)
 .debug_frame   0x00001ae8       0x38 C:\Users\lenovo\Documents\MCUXpressoIDE_11.1.1_3241\workspace_unsam\lpc_chip_43xx\Debug\liblpc_chip_43xx.a(fpu_init.o)
 .debug_frame   0x00001b20       0x60 C:\Users\lenovo\Documents\MCUXpressoIDE_11.1.1_3241\workspace_unsam\lpc_chip_43xx\Debug\liblpc_chip_43xx.a(gpio_18xx_43xx.o)
 .debug_frame   0x00001b80       0xf4 C:\Users\lenovo\Documents\MCUXpressoIDE_11.1.1_3241\workspace_unsam\lpc_chip_43xx\Debug\liblpc_chip_43xx.a(sysinit_18xx_43xx.o)
