math_helper.c:62:7:arm_snr_f32	16	static
math_helper.c:120:6:arm_provide_guard_bits_q15	0	static
math_helper.c:138:6:arm_float_to_q12_20	4	static
math_helper.c:164:10:arm_compare_fixed_q15	8	static
math_helper.c:192:10:arm_compare_fixed_q31	8	static
math_helper.c:222:6:arm_provide_guard_bits_q31	0	static
math_helper.c:244:6:arm_provide_guard_bits_q7	0	static
math_helper.c:266:10:arm_calc_guard_bits	0	static
math_helper.c:290:6:arm_apply_guard_bits	4	static
math_helper.c:307:10:arm_calc_2pow	0	static
math_helper.c:329:6:arm_float_to_q14	4	static
math_helper.c:358:6:arm_float_to_q30	0	static
math_helper.c:384:6:arm_float_to_q29	0	static
math_helper.c:411:6:arm_float_to_q28	0	static
math_helper.c:438:6:arm_clip_f32	0	static
