20:12:47 **** Incremental Build of configuration Debug for project 12. filtrado_digital ****
make -r -j4 all 
Building target: 12. filtrado_digital.axf
Invoking: MCU Linker
arm-none-eabi-gcc -nostdlib -L"C:\Users\lenovo\Documents\MCUXpressoIDE_11.1.1_3241\workspace_unsam\lpc_chip_43xx\Debug" -L"C:\Users\lenovo\Documents\MCUXpressoIDE_11.1.1_3241\workspace_unsam\lpc_board_nxp_lpcxpresso_4337\Debug" -Xlinker -Map="12. filtrado_digital.map" -Xlinker --gc-sections -mcpu=cortex-m4 -mfpu=fpv4-sp-d16 -mfloat-abi=softfp -mthumb -T "periph_blinky+timer_Debug.ld" -o "12. filtrado_digital.axf"  ./example/src/cr_startup_lpc43xx.o ./example/src/sysinit.o ./example/src/systick.o   -llpc_board_nxp_lpcxpresso_4337 -llpc_chip_43xx
Finished building target: 12. filtrado_digital.axf
 
make --no-print-directory post-build
Performing post-build steps
arm-none-eabi-size "12. filtrado_digital.axf"; # arm-none-eabi-objcopy -v -O binary "12. filtrado_digital.axf" "12. filtrado_digital.bin" ; # checksum -p LPC4337 -d "12. filtrado_digital.bin";
   text	   data	    bss	    dec	    hex	filename
   6632	      0	    520	   7152	   1bf0	12. filtrado_digital.axf
 

20:12:48 Build Finished. 0 errors, 0 warnings. (took 973ms)

