16:20:26 **** Incremental Build of configuration Debug for project 9. freertos_semph ****
make -r -j4 all 
Building target: 9. freertos_semph.axf
Invoking: MCU Linker
arm-none-eabi-gcc -nostdlib -L"C:\Users\lenovo\Documents\MCUXpressoIDE_11.1.1_3241\workspace_unsam\lpc_chip_43xx\Debug" -L"C:\Users\lenovo\Documents\MCUXpressoIDE_11.1.1_3241\workspace_unsam\lpc_board_nxp_lpcxpresso_4337\Debug" -Xlinker -Map="9. freertos_semph.map" -Xlinker --gc-sections -mcpu=cortex-m4 -mfpu=fpv4-sp-d16 -mfloat-abi=softfp -mthumb -T "8_freertos_blinky_Debug.ld" -o "9. freertos_semph.axf"  ./freertos/src/FreeRTOSCommonHooks.o ./freertos/src/croutine.o ./freertos/src/event_groups.o ./freertos/src/heap_3.o ./freertos/src/list.o ./freertos/src/port.o ./freertos/src/queue.o ./freertos/src/redlib_memfix.o ./freertos/src/tasks.o ./freertos/src/timers.o  ./example/src/blinky.o ./example/src/cr_startup_lpc43xx.o ./example/src/sysinit.o   -llpc_board_nxp_lpcxpresso_4337 -llpc_chip_43xx
Finished building target: 9. freertos_semph.axf
 
make --no-print-directory post-build
Performing post-build steps
arm-none-eabi-size "9. freertos_semph.axf"; # arm-none-eabi-objcopy -v -O binary "9. freertos_semph.axf" "9. freertos_semph.bin" ; # checksum -p LPC4337 -d "9. freertos_semph.bin";
   text	   data	    bss	    dec	    hex	filename
  13084	      8	    844	  13936	   3670	9. freertos_semph.axf
 

16:20:27 Build Finished. 0 errors, 0 warnings. (took 753ms)

