23:05:55 **** Build of configuration Debug for project EDIII_StateM ****
make -r -j4 all 
Building file: ../src/EDIII_Ej2.c
Building file: ../src/cr_startup_lpc43xx.c
Building file: ../src/sysinit.c
Invoking: MCU C Compiler
arm-none-eabi-gcc -DDEBUG -D__CODE_RED -DCORE_M4 -D__USE_LPCOPEN -DNO_BOARD_LIB -D__LPC43XX__ -D__REDLIB__ -I"C:\Users\lenovo\Documents\MCUXpressoIDE_11.1.1_3241\workspace_unsam\EDIII_StateM\inc" -I"C:\Users\lenovo\Documents\MCUXpressoIDE_11.1.1_3241\workspace_unsam\lpc_chip_43xx\inc" -I"C:\Users\lenovo\Documents\MCUXpressoIDE_11.1.1_3241\workspace_unsam\lpc_chip_43xx\inc\usbd" -O0 -fno-common -g3 -Wall -c -fmessage-length=0 -fno-builtin -ffunction-sections -fdata-sections -fsingle-precision-constant -fmerge-constants -fmacro-prefix-map="../src/"=. -mcpu=cortex-m4 -mfpu=fpv4-sp-d16 -mfloat-abi=softfp -mthumb -fstack-usage -specs=redlib.specs -MMD -MP -MF"src/EDIII_Ej2.d" -MT"src/EDIII_Ej2.o" -MT"src/EDIII_Ej2.d" -o "src/EDIII_Ej2.o" "../src/EDIII_Ej2.c"
Invoking: MCU C Compiler
Building file: ../src/crp.c
Invoking: MCU C Compiler
arm-none-eabi-gcc -DDEBUG -D__CODE_RED -DCORE_M4 -D__USE_LPCOPEN -DNO_BOARD_LIB -D__LPC43XX__ -D__REDLIB__ -I"C:\Users\lenovo\Documents\MCUXpressoIDE_11.1.1_3241\workspace_unsam\EDIII_StateM\inc" -I"C:\Users\lenovo\Documents\MCUXpressoIDE_11.1.1_3241\workspace_unsam\lpc_chip_43xx\inc" -I"C:\Users\lenovo\Documents\MCUXpressoIDE_11.1.1_3241\workspace_unsam\lpc_chip_43xx\inc\usbd" -O0 -fno-common -g3 -Wall -c -fmessage-length=0 -fno-builtin -ffunction-sections -fdata-sections -fsingle-precision-constant -fmerge-constants -fmacro-prefix-map="../src/"=. -mcpu=cortex-m4 -mfpu=fpv4-sp-d16 -mfloat-abi=softfp -mthumb -fstack-usage -specs=redlib.specs -MMD -MP -MF"src/cr_startup_lpc43xx.d" -MT"src/cr_startup_lpc43xx.o" -MT"src/cr_startup_lpc43xx.d" -o "src/cr_startup_lpc43xx.o" "../src/cr_startup_lpc43xx.c"
arm-none-eabi-gcc -DDEBUG -D__CODE_RED -DCORE_M4 -D__USE_LPCOPEN -DNO_BOARD_LIB -D__LPC43XX__ -D__REDLIB__ -I"C:\Users\lenovo\Documents\MCUXpressoIDE_11.1.1_3241\workspace_unsam\EDIII_StateM\inc" -I"C:\Users\lenovo\Documents\MCUXpressoIDE_11.1.1_3241\workspace_unsam\lpc_chip_43xx\inc" -I"C:\Users\lenovo\Documents\MCUXpressoIDE_11.1.1_3241\workspace_unsam\lpc_chip_43xx\inc\usbd" -O0 -fno-common -g3 -Wall -c -fmessage-length=0 -fno-builtin -ffunction-sections -fdata-sections -fsingle-precision-constant -fmerge-constants -fmacro-prefix-map="../src/"=. -mcpu=cortex-m4 -mfpu=fpv4-sp-d16 -mfloat-abi=softfp -mthumb -fstack-usage -specs=redlib.specs -MMD -MP -MF"src/sysinit.d" -MT"src/sysinit.o" -MT"src/sysinit.d" -o "src/sysinit.o" "../src/sysinit.c"
Invoking: MCU C Compiler
arm-none-eabi-gcc -DDEBUG -D__CODE_RED -DCORE_M4 -D__USE_LPCOPEN -DNO_BOARD_LIB -D__LPC43XX__ -D__REDLIB__ -I"C:\Users\lenovo\Documents\MCUXpressoIDE_11.1.1_3241\workspace_unsam\EDIII_StateM\inc" -I"C:\Users\lenovo\Documents\MCUXpressoIDE_11.1.1_3241\workspace_unsam\lpc_chip_43xx\inc" -I"C:\Users\lenovo\Documents\MCUXpressoIDE_11.1.1_3241\workspace_unsam\lpc_chip_43xx\inc\usbd" -O0 -fno-common -g3 -Wall -c -fmessage-length=0 -fno-builtin -ffunction-sections -fdata-sections -fsingle-precision-constant -fmerge-constants -fmacro-prefix-map="../src/"=. -mcpu=cortex-m4 -mfpu=fpv4-sp-d16 -mfloat-abi=softfp -mthumb -fstack-usage -specs=redlib.specs -MMD -MP -MF"src/crp.d" -MT"src/crp.o" -MT"src/crp.d" -o "src/crp.o" "../src/crp.c"
Finished building: ../src/cr_startup_lpc43xx.c
 
Finished building: ../src/crp.c
 
Finished building: ../src/EDIII_Ej2.c
 
Finished building: ../src/sysinit.c
 
Building target: EDIII_StateM.axf
Invoking: MCU Linker
arm-none-eabi-gcc -nostdlib -L"C:\Users\lenovo\Documents\MCUXpressoIDE_11.1.1_3241\workspace_unsam\lpc_chip_43xx\Debug" -Xlinker -Map="EDIII_StateM.map" -Xlinker --cref -Xlinker --gc-sections -Xlinker -print-memory-usage -mcpu=cortex-m4 -mfpu=fpv4-sp-d16 -mfloat-abi=softfp -mthumb -T "EDIII_StateM_Debug.ld" -o "EDIII_StateM.axf"  ./src/EDIII_Ej2.o ./src/cr_startup_lpc43xx.o ./src/crp.o ./src/sysinit.o   -llpc_chip_43xx
Memory region         Used Size  Region Size  %age Used
      MFlashA512:        4020 B       512 KB      0.77%
      MFlashB512:          0 GB       512 KB      0.00%
        RamLoc32:          16 B        32 KB      0.05%
        RamLoc40:          0 GB        40 KB      0.00%
        RamAHB32:          0 GB        32 KB      0.00%
        RamAHB16:          0 GB        16 KB      0.00%
    RamAHB_ETB16:          0 GB        16 KB      0.00%
Finished building target: EDIII_StateM.axf
 
make --no-print-directory post-build
Performing post-build steps
arm-none-eabi-size "EDIII_StateM.axf"; # arm-none-eabi-objcopy -v -O binary "EDIII_StateM.axf" "EDIII_StateM.bin" ; # checksum -p LPC4337 -d "EDIII_StateM.bin";
   text	   data	    bss	    dec	    hex	filename
   4020	      0	     16	   4036	    fc4	EDIII_StateM.axf
 

23:05:55 Build Finished. 0 errors, 0 warnings. (took 570ms)

