12:51:16 **** Build of configuration Debug for project practica_parcial ****
make -r -j4 all 
Building target: practica_parcial.axf
Invoking: MCU Linker
arm-none-eabi-gcc -nostdlib -L"C:\Users\lenovo\Documents\MCUXpressoIDE_11.1.1_3241\workspace_unsam\lpc_chip_43xx\Debug" -L"C:\Users\lenovo\Documents\MCUXpressoIDE_11.1.1_3241\workspace_unsam\lpc_board_nxp_lpcxpresso_4337\Debug" -Xlinker -Map="practica_parcial.map" -Xlinker --gc-sections -mcpu=cortex-m4 -mfpu=fpv4-sp-d16 -mfloat-abi=softfp -mthumb -T "periph_blinky+timer_Debug.ld" -o "practica_parcial.axf"  ./example/src/cr_startup_lpc43xx.o ./example/src/sysinit.o ./example/src/systick.o   -llpc_board_nxp_lpcxpresso_4337 -llpc_chip_43xx
Finished building target: practica_parcial.axf
 
make --no-print-directory post-build
Performing post-build steps
arm-none-eabi-size "practica_parcial.axf"; # arm-none-eabi-objcopy -v -O binary "practica_parcial.axf" "practica_parcial.bin" ; # checksum -p LPC4337 -d "practica_parcial.bin";
   text	   data	    bss	    dec	    hex	filename
   7688	      0	    516	   8204	   200c	practica_parcial.axf
 

12:51:17 Build Finished. 0 errors, 0 warnings. (took 970ms)

