23:05:45 **** Build of configuration Debug for project UNSAM_VCS ****
make -r -j4 all 
Building file: ../src/UNSAM_VCS.c
Invoking: MCU C Compiler
arm-none-eabi-gcc -DDEBUG -D__CODE_RED -DCORE_M4 -D__USE_LPCOPEN -DNO_BOARD_LIB -D__LPC43XX__ -D__REDLIB__ -I"C:\Users\lenovo\Documents\MCUXpressoIDE_11.1.1_3241\workspace_unsam\UNSAM_VCS\inc" -I"C:\Users\lenovo\Documents\MCUXpressoIDE_11.1.1_3241\workspace_unsam\lpc_chip_43xx\inc" -I"C:\Users\lenovo\Documents\MCUXpressoIDE_11.1.1_3241\workspace_unsam\lpc_chip_43xx\inc\usbd" -O0 -fno-common -g3 -Wall -c -fmessage-length=0 -fno-builtin -ffunction-sections -fdata-sections -fsingle-precision-constant -fmerge-constants -fmacro-prefix-map="../src/"=. -mcpu=cortex-m4 -mfpu=fpv4-sp-d16 -mfloat-abi=softfp -mthumb -fstack-usage -specs=redlib.specs -MMD -MP -MF"src/UNSAM_VCS.d" -MT"src/UNSAM_VCS.o" -MT"src/UNSAM_VCS.d" -o "src/UNSAM_VCS.o" "../src/UNSAM_VCS.c"
Finished building: ../src/UNSAM_VCS.c
 
Building target: UNSAM_VCS.axf
Invoking: MCU Linker
arm-none-eabi-gcc -nostdlib -L"C:\Users\lenovo\Documents\MCUXpressoIDE_11.1.1_3241\workspace_unsam\lpc_chip_43xx\Debug" -Xlinker -Map="UNSAM_VCS.map" -Xlinker --cref -Xlinker --gc-sections -Xlinker -print-memory-usage -mcpu=cortex-m4 -mfpu=fpv4-sp-d16 -mfloat-abi=softfp -mthumb -T "UNSAM_VCS_Debug.ld" -o "UNSAM_VCS.axf"  ./src/UNSAM_VCS.o ./src/cr_startup_lpc43xx.o ./src/crp.o ./src/sysinit.o   -llpc_chip_43xx
Memory region         Used Size  Region Size  %age Used
      MFlashA512:        4300 B       512 KB      0.82%
      MFlashB512:          0 GB       512 KB      0.00%
        RamLoc32:          28 B        32 KB      0.09%
        RamLoc40:          0 GB        40 KB      0.00%
        RamAHB32:          0 GB        32 KB      0.00%
        RamAHB16:          0 GB        16 KB      0.00%
    RamAHB_ETB16:          0 GB        16 KB      0.00%
Finished building target: UNSAM_VCS.axf
 
make --no-print-directory post-build
Performing post-build steps
arm-none-eabi-size "UNSAM_VCS.axf"; # arm-none-eabi-objcopy -v -O binary "UNSAM_VCS.axf" "UNSAM_VCS.bin" ; # checksum -p LPC4337 -d "UNSAM_VCS.bin";
   text	   data	    bss	    dec	    hex	filename
   4300	      0	     28	   4328	   10e8	UNSAM_VCS.axf
 

23:05:46 Build Finished. 0 errors, 0 warnings. (took 771ms)

