core_cm4.h:1550:22:NVIC_SetPriority	16	static
scu_18xx_43xx.h:135:20:Chip_SCU_PinMuxSet	16	static
scu_18xx_43xx.h:150:20:Chip_SCU_PinMux	24	static
gpio_18xx_43xx.h:95:20:Chip_GPIO_SetPinState	16	static
gpio_18xx_43xx.h:154:20:Chip_GPIO_SetPinDIROutput	16	static
gpio_18xx_43xx.h:166:20:Chip_GPIO_SetPinDIRInput	16	static
gpio_18xx_43xx.h:477:20:Chip_GPIO_SetPinToggle	16	static
uart_18xx_43xx.h:306:20:Chip_UART_TXEnable	16	static
uart_18xx_43xx.h:357:20:Chip_UART_IntEnable	16	static
uart_18xx_43xx.h:410:20:Chip_UART_SetupFIFOS	16	static
blinky.c:49:6:Configuracion_IO	8	static
blinky.c:98:13:prvSetupHardware	8	static
blinky.c:144:6:uart_init	8	static
blinky.c:164:6:adc_init	8	static
blinky.c:173:12:App_Polling_Test	24	static
blinky.c:195:13:vSignalTask	2656	static
blinky.c:266:13:vFilterTask	1392	static
blinky.c:320:9:main	24	static
