Archive member included to satisfy reference by file (symbol)

C:\Users\lenovo\Documents\MCUXpressoIDE_11.1.1_3241\workspace_unsam\lpc_board_nxp_lpcxpresso_4337\Debug\liblpc_board_nxp_lpcxpresso_4337.a(board.o)
                              ./freertos/src/FreeRTOSCommonHooks.o (Board_UARTPutSTR)
C:\Users\lenovo\Documents\MCUXpressoIDE_11.1.1_3241\workspace_unsam\lpc_board_nxp_lpcxpresso_4337\Debug\liblpc_board_nxp_lpcxpresso_4337.a(board_sysinit.o)
                              ./example/src/sysinit.o (Board_SystemInit)
C:\Users\lenovo\Documents\MCUXpressoIDE_11.1.1_3241\workspace_unsam\lpc_board_nxp_lpcxpresso_4337\Debug\liblpc_board_nxp_lpcxpresso_4337.a(wm8904.o)
                              C:\Users\lenovo\Documents\MCUXpressoIDE_11.1.1_3241\workspace_unsam\lpc_board_nxp_lpcxpresso_4337\Debug\liblpc_board_nxp_lpcxpresso_4337.a(board.o) (WM8904_Init)
C:\Users\lenovo\Documents\MCUXpressoIDE_11.1.1_3241\workspace_unsam\lpc_chip_43xx\Debug\liblpc_chip_43xx.a(chip_18xx_43xx.o)
                              ./freertos/src/port.o (SystemCoreClock)
C:\Users\lenovo\Documents\MCUXpressoIDE_11.1.1_3241\workspace_unsam\lpc_chip_43xx\Debug\liblpc_chip_43xx.a(clock_18xx_43xx.o)
                              C:\Users\lenovo\Documents\MCUXpressoIDE_11.1.1_3241\workspace_unsam\lpc_chip_43xx\Debug\liblpc_chip_43xx.a(chip_18xx_43xx.o) (Chip_Clock_GetClockInputHz)
C:\Users\lenovo\Documents\MCUXpressoIDE_11.1.1_3241\workspace_unsam\lpc_chip_43xx\Debug\liblpc_chip_43xx.a(fpu_init.o)
                              ./example/src/sysinit.o (fpuInit)
C:\Users\lenovo\Documents\MCUXpressoIDE_11.1.1_3241\workspace_unsam\lpc_chip_43xx\Debug\liblpc_chip_43xx.a(gpio_18xx_43xx.o)
                              ./example/src/blinky.o (Chip_GPIO_Init)
C:\Users\lenovo\Documents\MCUXpressoIDE_11.1.1_3241\workspace_unsam\lpc_chip_43xx\Debug\liblpc_chip_43xx.a(i2c_18xx_43xx.o)
                              C:\Users\lenovo\Documents\MCUXpressoIDE_11.1.1_3241\workspace_unsam\lpc_board_nxp_lpcxpresso_4337\Debug\liblpc_board_nxp_lpcxpresso_4337.a(wm8904.o) (Chip_I2C_EventHandlerPolling)
C:\Users\lenovo\Documents\MCUXpressoIDE_11.1.1_3241\workspace_unsam\lpc_chip_43xx\Debug\liblpc_chip_43xx.a(ssp_18xx_43xx.o)
                              C:\Users\lenovo\Documents\MCUXpressoIDE_11.1.1_3241\workspace_unsam\lpc_board_nxp_lpcxpresso_4337\Debug\liblpc_board_nxp_lpcxpresso_4337.a(board.o) (Chip_SSP_WriteFrames_Blocking)
C:\Users\lenovo\Documents\MCUXpressoIDE_11.1.1_3241\workspace_unsam\lpc_chip_43xx\Debug\liblpc_chip_43xx.a(sysinit_18xx_43xx.o)
                              C:\Users\lenovo\Documents\MCUXpressoIDE_11.1.1_3241\workspace_unsam\lpc_board_nxp_lpcxpresso_4337\Debug\liblpc_board_nxp_lpcxpresso_4337.a(board_sysinit.o) (Chip_SetupCoreClock)
C:\Users\lenovo\Documents\MCUXpressoIDE_11.1.1_3241\workspace_unsam\lpc_chip_43xx\Debug\liblpc_chip_43xx.a(uart_18xx_43xx.o)
                              C:\Users\lenovo\Documents\MCUXpressoIDE_11.1.1_3241\workspace_unsam\lpc_board_nxp_lpcxpresso_4337\Debug\liblpc_board_nxp_lpcxpresso_4337.a(board.o) (Chip_UART_Init)
C:\Users\lenovo\Documents\MCUXpressoIDE_11.1.1_3241\workspace_unsam\lpc_chip_43xx\Debug\liblpc_chip_43xx.a(ring_buffer.o)
                              C:\Users\lenovo\Documents\MCUXpressoIDE_11.1.1_3241\workspace_unsam\lpc_chip_43xx\Debug\liblpc_chip_43xx.a(uart_18xx_43xx.o) (RingBuffer_Insert)
c:/nxp/mcuxpressoide_11.1.1_3241/ide/plugins/com.nxp.mcuxpresso.tools.win32_11.1.0.202001081728/tools/bin/../lib/gcc/arm-none-eabi/8.3.1/../../../../arm-none-eabi/lib/thumb/v7e-m+fp/softfp\libcr_nohost.a(_cr__main.o)
                              ./example/src/cr_startup_lpc43xx.o (__main)
c:/nxp/mcuxpressoide_11.1.1_3241/ide/plugins/com.nxp.mcuxpresso.tools.win32_11.1.0.202001081728/tools/bin/../lib/gcc/arm-none-eabi/8.3.1/../../../../arm-none-eabi/lib/thumb/v7e-m+fp/softfp\libcr_c.a(memcpy.o)
                              ./freertos/src/queue.o (memcpy)
c:/nxp/mcuxpressoide_11.1.1_3241/ide/plugins/com.nxp.mcuxpresso.tools.win32_11.1.0.202001081728/tools/bin/../lib/gcc/arm-none-eabi/8.3.1/../../../../arm-none-eabi/lib/thumb/v7e-m+fp/softfp\libcr_c.a(memset.o)
                              ./freertos/src/tasks.o (memset)
c:/nxp/mcuxpressoide_11.1.1_3241/ide/plugins/com.nxp.mcuxpresso.tools.win32_11.1.0.202001081728/tools/bin/../lib/gcc/arm-none-eabi/8.3.1/../../../../arm-none-eabi/lib/thumb/v7e-m+fp/softfp\libcr_c.a(alloc.o)
                              ./freertos/src/heap_3.o (malloc)
c:/nxp/mcuxpressoide_11.1.1_3241/ide/plugins/com.nxp.mcuxpresso.tools.win32_11.1.0.202001081728/tools/bin/../lib/gcc/arm-none-eabi/8.3.1/../../../../arm-none-eabi/lib/thumb/v7e-m+fp/softfp\libcr_c.a(fpprintf.o)
                              ./freertos/src/FreeRTOSCommonHooks.o (printf)
c:/nxp/mcuxpressoide_11.1.1_3241/ide/plugins/com.nxp.mcuxpresso.tools.win32_11.1.0.202001081728/tools/bin/../lib/gcc/arm-none-eabi/8.3.1/../../../../arm-none-eabi/lib/thumb/v7e-m+fp/softfp\libcr_c.a(initio.o)
[...]
Memory Configuration

Name             Origin             Length             Attributes
MFlashA512       0x1a000000         0x00080000         xr
MFlashB512       0x1b000000         0x00080000         xr
RamLoc32         0x10000000         0x00008000         xrw
RamLoc40         0x10080000         0x0000a000         xrw
RamAHB32         0x20000000         0x00008000         xrw
RamAHB16         0x20008000         0x00004000         xrw
RamAHB_ETB16     0x2000c000         0x00004000         xrw
*default*        0x00000000         0xffffffff

Linker script and memory map

LOAD ./freertos/src/FreeRTOSCommonHooks.o
LOAD ./freertos/src/croutine.o
LOAD ./freertos/src/event_groups.o
LOAD ./freertos/src/heap_3.o
LOAD ./freertos/src/list.o
LOAD ./freertos/src/port.o
LOAD ./freertos/src/queue.o
LOAD ./freertos/src/redlib_memfix.o
LOAD ./freertos/src/tasks.o
LOAD ./freertos/src/timers.o
LOAD ./example/src/blinky.o
LOAD ./example/src/cr_startup_lpc43xx.o
LOAD ./example/src/sysinit.o
LOAD C:\Users\lenovo\Documents\MCUXpressoIDE_11.1.1_3241\workspace_unsam\lpc_board_nxp_lpcxpresso_4337\Debug\liblpc_board_nxp_lpcxpresso_4337.a
LOAD C:\Users\lenovo\Documents\MCUXpressoIDE_11.1.1_3241\workspace_unsam\lpc_chip_43xx\Debug\liblpc_chip_43xx.a
START GROUP
LOAD c:/nxp/mcuxpressoide_11.1.1_3241/ide/plugins/com.nxp.mcuxpresso.tools.win32_11.1.0.202001081728/tools/bin/../lib/gcc/arm-none-eabi/8.3.1/../../../../arm-none-eabi/lib/thumb/v7e-m+fp/softfp\libcr_nohost.a
LOAD c:/nxp/mcuxpressoide_11.1.1_3241/ide/plugins/com.nxp.mcuxpresso.tools.win32_11.1.0.202001081728/tools/bin/../lib/gcc/arm-none-eabi/8.3.1/../../../../arm-none-eabi/lib/thumb/v7e-m+fp/softfp\libcr_c.a
LOAD c:/nxp/mcuxpressoide_11.1.1_3241/ide/plugins/com.nxp.mcuxpresso.tools.win32_11.1.0.202001081728/tools/bin/../lib/gcc/arm-none-eabi/8.3.1/thumb/v7e-m+fp/softfp\libcr_eabihelpers.a
LOAD c:/nxp/mcuxpressoide_11.1.1_3241/ide/plugins/com.nxp.mcuxpresso.tools.win32_11.1.0.202001081728/tools/bin/../lib/gcc/arm-none-eabi/8.3.1/thumb/v7e-m+fp/softfp\libgcc.a
END GROUP
                0x1a000000                __base_MFlashA512 = 0x1a000000
                0x1a000000                __base_Flash = 0x1a000000
                0x1a080000                __top_MFlashA512 = 0x1a080000
                0x1a080000                __top_Flash = 0x1a080000
                0x1b000000                __base_MFlashB512 = 0x1b000000
                0x1b000000                __base_Flash2 = 0x1b000000
                0x1b080000                __top_MFlashB512 = 0x1b080000
                0x1b080000                __top_Flash2 = 0x1b080000
                0x10000000                __base_RamLoc32 = 0x10000000
                0x10000000                __base_RAM = 0x10000000
                0x10008000                __top_RamLoc32 = 0x10008000
                0x10008000                __top_RAM = 0x10008000
                0x10080000                __base_RamLoc40 = 0x10080000
                0x10080000                __base_RAM2 = 0x10080000
                0x1008a000                __top_RamLoc40 = 0x1008a000
                0x1008a000                __top_RAM2 = 0x1008a000
                0x20000000                __base_RamAHB32 = 0x20000000
                0x20000000                __base_RAM3 = 0x20000000
                0x20008000                __top_RamAHB32 = 0x20008000
                0x20008000                __top_RAM3 = 0x20008000
                0x20008000                __base_RamAHB16 = 0x20008000
                0x20008000                __base_RAM4 = 0x20008000
                0x2000c000                __top_RamAHB16 = 0x2000c000
                0x2000c000                __top_RAM4 = 0x2000c000
                0x2000c000                __base_RamAHB_ETB16 = 0x2000c000
                0x2000c000                __base_RAM5 = 0x2000c000
                0x20010000                __top_RamAHB_ETB16 = 0x20010000
                0x20010000                __top_RAM5 = 0x20010000

.text_Flash2    0x1b000000        0x0
 FILL mask 0xff
 *(.text_Flash2)
 *(.text_MFlashB512)
 *(.text.$Flash2)
 *(.text.$MFlashB512)
 *(.text_Flash2.*)
 *(.text_MFlashB512.*)
 *(.text.$Flash2.*)
 *(.text.$MFlashB512.*)
 *(.rodata.$Flash2)
 *(.rodata.$MFlashB512)
 *(.rodata.$Flash2.*)
 *(.rodata.$MFlashB512.*)

.text           0x1a000000     0x331c
 FILL mask 0xff
                0x1a000000                __vectors_start__ = ABSOLUTE (.)
 *(.isr_vector)
 .isr_vector    0x1a000000      0x114 ./example/src/cr_startup_lpc43xx.o
                0x1a000000                g_pfnVectors
                0x1a000114                . = ALIGN (0x4)
                0x1a000114                __section_table_start = .
                0x1a000114                __data_section_table = .
                0x1a000114        0x4 LONG 0x1a00331c LOADADDR (.data)
                0x1a000118        0x4 LONG 0x10000000 ADDR (.data)
                0x1a00011c        0x4 LONG 0x8 SIZEOF (.data)
                0x1a000120        0x4 LONG 0x1a00331c LOADADDR (.data_RAM2)
                0x1a000124        0x4 LONG 0x10080000 ADDR (.data_RAM2)
                0x1a000128        0x4 LONG 0x0 SIZEOF (.data_RAM2)
                0x1a00012c        0x4 LONG 0x1a00331c LOADADDR (.data_RAM3)
                0x1a000130        0x4 LONG 0x20000000 ADDR (.data_RAM3)
                0x1a000134        0x4 LONG 0x0 SIZEOF (.data_RAM3)
                0x1a000138        0x4 LONG 0x1a00331c LOADADDR (.data_RAM4)
                0x1a00013c        0x4 LONG 0x20008000 ADDR (.data_RAM4)
                0x1a000140        0x4 LONG 0x0 SIZEOF (.data_RAM4)
                0x1a000144        0x4 LONG 0x1a00331c LOADADDR (.data_RAM5)
                0x1a000148        0x4 LONG 0x2000c000 ADDR (.data_RAM5)
                0x1a00014c        0x4 LONG 0x0 SIZEOF (.data_RAM5)
                0x1a000150                __data_section_table_end = .
                0x1a000150                __bss_section_table = .
                0x1a000150        0x4 LONG 0x10000008 ADDR (.bss)
                0x1a000154        0x4 LONG 0x34c SIZEOF (.bss)
                0x1a000158        0x4 LONG 0x10080000 ADDR (.bss_RAM2)
                0x1a00015c        0x4 LONG 0x0 SIZEOF (.bss_RAM2)
                0x1a000160        0x4 LONG 0x20000000 ADDR (.bss_RAM3)
                0x1a000164        0x4 LONG 0x0 SIZEOF (.bss_RAM3)
                0x1a000168        0x4 LONG 0x20008000 ADDR (.bss_RAM4)
                0x1a00016c        0x4 LONG 0x0 SIZEOF (.bss_RAM4)
                0x1a000170        0x4 LONG 0x2000c000 ADDR (.bss_RAM5)
                0x1a000174        0x4 LONG 0x0 SIZEOF (.bss_RAM5)
                0x1a000178                __bss_section_table_end = .
                0x1a000178                __section_table_end = .
 *(.after_vectors*)
 .after_vectors
                0x1a000178       0xb8 ./example/src/cr_startup_lpc43xx.o
                0x1a000178                data_init
                0x1a0001bc                bss_init
                0x1a0001f4                NMI_Handler
                0x1a0001fa                HardFault_Handler
                0x1a000200                MemManage_Handler
                0x1a000206                BusFault_Handler
                0x1a00020c                UsageFault_Handler
                0x1a000218                DebugMon_Handler
                0x1a00022a                ATIMER_IRQHandler
                0x1a00022a                FLASH_EEPROM_IRQHandler
                0x1a00022a                I2C1_IRQHandler
                0x1a00022a                UART1_IRQHandler
                0x1a00022a                GPIO5_IRQHandler
                0x1a00022a                CAN1_IRQHandler
                0x1a00022a                SDIO_IRQHandler
                0x1a00022a                I2S0_IRQHandler
                0x1a00022a                TIMER3_IRQHandler
                0x1a00022a                UART0_IRQHandler
                0x1a00022a                ADCHS_IRQHandler
                0x1a00022a                SGPIO_IRQHandler
                0x1a00022a                RIT_IRQHandler
                0x1a00022a                USB1_IRQHandler
                0x1a00022a                GPIO6_IRQHandler
                0x1a00022a                IntDefaultHandler
                0x1a00022a                GPIO1_IRQHandler
                0x1a00022a                SSP0_IRQHandler
                0x1a00022a                ADC1_IRQHandler
                0x1a00022a                RTC_IRQHandler
                0x1a00022a                TIMER0_IRQHandler
                0x1a00022a                SPI_IRQHandler
                0x1a00022a                LCD_IRQHandler
                0x1a00022a                I2C0_IRQHandler
                0x1a00022a                TIMER1_IRQHandler
                0x1a00022a                UART2_IRQHandler
                0x1a00022a                GPIO2_IRQHandler
                0x1a00022a                I2S1_IRQHandler
                0x1a00022a                SSP1_IRQHandler
                0x1a00022a                USB0_IRQHandler
                0x1a00022a                GPIO3_IRQHandler
                0x1a00022a                SCT_IRQHandler
                0x1a00022a                ADC0_IRQHandler
                0x1a00022a                WDT_IRQHandler
                0x1a00022a                GPIO7_IRQHandler
                0x1a00022a                SPIFI_IRQHandler
                0x1a00022a                QEI_IRQHandler
                0x1a00022a                ETH_IRQHandler
                0x1a00022a                CAN0_IRQHandler
                0x1a00022a                GINT0_IRQHandler
                0x1a00022a                DAC_IRQHandler
                0x1a00022a                M0SUB_IRQHandler
                0x1a00022a                GPIO0_IRQHandler
                0x1a00022a                DMA_IRQHandler
                0x1a00022a                EVRT_IRQHandler
                0x1a00022a                TIMER2_IRQHandler
                0x1a00022a                UART3_IRQHandler
                0x1a00022a                MCPWM_IRQHandler
                0x1a00022a                M0APP_IRQHandler
                0x1a00022a                GINT1_IRQHandler
                0x1a00022a                GPIO4_IRQHandler
 *(.text*)
 .text.vApplicationIdleHook
                0x1a000230       0x10 ./freertos/src/FreeRTOSCommonHooks.o
                0x1a000230                vApplicationIdleHook
 .text.pvPortMalloc
                0x1a000240       0x22 ./freertos/src/heap_3.o
                0x1a000240                pvPortMalloc
 .text.vPortFree
                0x1a000262       0x24 ./freertos/src/heap_3.o
                0x1a000262                vPortFree
 .text.vListInitialise
                0x1a000286       0x40 ./freertos/src/list.o
                0x1a000286                vListInitialise
 .text.vListInitialiseItem
                0x1a0002c6       0x1a ./freertos/src/list.o
                0x1a0002c6                vListInitialiseItem
 .text.vListInsertEnd
                0x1a0002e0       0x48 ./freertos/src/list.o
                0x1a0002e0                vListInsertEnd
 .text.vListInsert
                0x1a000328       0x72 ./freertos/src/list.o
                0x1a000328                vListInsert
 .text.uxListRemove
                0x1a00039a       0x54 ./freertos/src/list.o
                0x1a00039a                uxListRemove
 *fill*         0x1a0003ee        0x2 ff
 .text.pxPortInitialiseStack
                0x1a0003f0       0x64 ./freertos/src/port.o
                0x1a0003f0                pxPortInitialiseStack
 .text.prvTaskExitError
                0x1a000454        0xa ./freertos/src/port.o
 *fill*         0x1a00045e        0x2 ff
 .text.SVC_Handler
                0x1a000460       0x24 ./freertos/src/port.o
                0x1a000460                SVC_Handler
 .text.prvPortStartFirstTask
                0x1a000484       0x20 ./freertos/src/port.o
 .text.xPortStartScheduler
                0x1a0004a4       0x50 ./freertos/src/port.o
                0x1a0004a4                xPortStartScheduler
 .text.vPortYield
                0x1a0004f4       0x24 ./freertos/src/port.o
                0x1a0004f4                vPortYield
 .text.vPortEnterCritical
                0x1a000518       0x24 ./freertos/src/port.o
                0x1a000518                vPortEnterCritical
 .text.vPortExitCritical
                0x1a00053c       0x24 ./freertos/src/port.o
                0x1a00053c                vPortExitCritical
 .text.ulPortSetInterruptMask
                0x1a000560       0x12 ./freertos/src/port.o
                0x1a000560                ulPortSetInterruptMask
 .text.vPortClearInterruptMask
                0x1a000572        0x8 ./freertos/src/port.o
                0x1a000572                vPortClearInterruptMask
 *fill*         0x1a00057a        0x2 ff
 .text.PendSV_Handler
                0x1a00057c       0x5c ./freertos/src/port.o
                0x1a00057c                PendSV_Handler
 .text.SysTick_Handler
                0x1a0005d8       0x28 ./freertos/src/port.o
                0x1a0005d8                SysTick_Handler
 .text.vPortSuppressTicksAndSleep
                0x1a000600      0x17c ./freertos/src/port.o
                0x1a000600                vPortSuppressTicksAndSleep
 .text.vPortSetupTimerInterrupt
                0x1a00077c       0x68 ./freertos/src/port.o
                0x1a00077c                vPortSetupTimerInterrupt
 .text.vPortEnableVFP
                0x1a0007e4       0x14 ./freertos/src/port.o
 .text.xQueueGenericReset
                0x1a0007f8       0xa4 ./freertos/src/queue.o
                0x1a0007f8                xQueueGenericReset
 .text.xQueueGenericCreate
                0x1a00089c       0x78 ./freertos/src/queue.o
                0x1a00089c                xQueueGenericCreate
 .text.xQueueGenericSend
                0x1a000914      0x110 ./freertos/src/queue.o
                0x1a000914                xQueueGenericSend
 .text.xQueueGenericReceive
                0x1a000a24      0x16c ./freertos/src/queue.o
                0x1a000a24                xQueueGenericReceive
 .text.prvCopyDataToQueue
                0x1a000b90       0xce ./freertos/src/queue.o
 .text.prvCopyDataFromQueue
                0x1a000c5e       0x4c ./freertos/src/queue.o
 .text.prvUnlockQueue
                0x1a000caa       0x98 ./freertos/src/queue.o
 .text.prvIsQueueEmpty
                0x1a000d42       0x2c ./freertos/src/queue.o
 .text.prvIsQueueFull
                0x1a000d6e       0x30 ./freertos/src/queue.o
 *fill*         0x1a000d9e        0x2 ff
 .text.__check_heap_overflow
                0x1a000da0       0x30 ./freertos/src/redlib_memfix.o
                0x1a000da0                __check_heap_overflow
 .text.xTaskGenericCreate
                0x1a000dd0      0x140 ./freertos/src/tasks.o
                0x1a000dd0                xTaskGenericCreate
 .text.vTaskDelay
                0x1a000f10       0x54 ./freertos/src/tasks.o
                0x1a000f10                vTaskDelay
 .text.vTaskStartScheduler
                0x1a000f64       0x58 ./freertos/src/tasks.o
                0x1a000f64                vTaskStartScheduler
 .text.vTaskSuspendAll
                0x1a000fbc       0x1c ./freertos/src/tasks.o
                0x1a000fbc                vTaskSuspendAll
 .text.prvGetExpectedIdleTime
                0x1a000fd8       0x50 ./freertos/src/tasks.o
 .text.xTaskResumeAll
                0x1a001028       0xfc ./freertos/src/tasks.o
                0x1a001028                xTaskResumeAll
 .text.vTaskStepTick
                0x1a001124       0x24 ./freertos/src/tasks.o
                0x1a001124                vTaskStepTick
 .text.xTaskIncrementTick
                0x1a001148      0x15c ./freertos/src/tasks.o
                0x1a001148                xTaskIncrementTick
 .text.vTaskSwitchContext
                0x1a0012a4       0x9c ./freertos/src/tasks.o
                0x1a0012a4                vTaskSwitchContext
 .text.vTaskPlaceOnEventList
                0x1a001340       0x60 ./freertos/src/tasks.o
                0x1a001340                vTaskPlaceOnEventList
 .text.xTaskRemoveFromEventList
                0x1a0013a0       0xac ./freertos/src/tasks.o
                0x1a0013a0                xTaskRemoveFromEventList
 .text.vTaskSetTimeOutState
                0x1a00144c       0x2c ./freertos/src/tasks.o
                0x1a00144c                vTaskSetTimeOutState
 .text.xTaskCheckForTimeOut
                0x1a001478       0x88 ./freertos/src/tasks.o
                0x1a001478                xTaskCheckForTimeOut
 .text.vTaskMissedYield
                0x1a001500       0x18 ./freertos/src/tasks.o
                0x1a001500                vTaskMissedYield
 .text.prvIdleTask
                0x1a001518       0x48 ./freertos/src/tasks.o
 .text.eTaskConfirmSleepModeStatus
                0x1a001560       0x5c ./freertos/src/tasks.o
                0x1a001560                eTaskConfirmSleepModeStatus
 .text.prvInitialiseTCBVariables
                0x1a0015bc       0x94 ./freertos/src/tasks.o
 .text.prvInitialiseTaskLists
                0x1a001650       0x80 ./freertos/src/tasks.o
 .text.prvCheckTasksWaitingTermination
                0x1a0016d0       0x78 ./freertos/src/tasks.o
 .text.prvAddCurrentTaskToDelayedList
                0x1a001748       0x6c ./freertos/src/tasks.o
 .text.prvAllocateTCBAndStack
                0x1a0017b4       0x62 ./freertos/src/tasks.o
 .text.prvDeleteTCB
                0x1a001816       0x20 ./freertos/src/tasks.o
 *fill*         0x1a001836        0x2 ff
 .text.prvResetNextTaskUnblockTime
                0x1a001838       0x4c ./freertos/src/tasks.o
 .text.xTaskGetCurrentTaskHandle
                0x1a001884       0x20 ./freertos/src/tasks.o
                0x1a001884                xTaskGetCurrentTaskHandle
 .text.vTaskPriorityInherit
                0x1a0018a4       0xbc ./freertos/src/tasks.o
                0x1a0018a4                vTaskPriorityInherit
 .text.vTaskPriorityDisinherit
                0x1a001960       0x84 ./freertos/src/tasks.o
                0x1a001960                vTaskPriorityDisinherit
 .text.Chip_SCU_PinMuxSet
                0x1a0019e4       0x34 ./example/src/blinky.o
 .text.Chip_SCU_PinMux
                0x1a001a18       0x3a ./example/src/blinky.o
 .text.Chip_GPIO_SetPinState
                0x1a001a52       0x38 ./example/src/blinky.o
 .text.Chip_GPIO_SetPinDIROutput
                0x1a001a8a       0x3e ./example/src/blinky.o
 .text.Chip_GPIO_SetPinDIRInput
                0x1a001ac8       0x40 ./example/src/blinky.o
 .text.prvSetupHardware
                0x1a001b08       0xa8 ./example/src/blinky.o
 .text.Tarea_On
                0x1a001bb0       0x48 ./example/src/blinky.o
 .text.Tarea_Off
                0x1a001bf8       0x48 ./example/src/blinky.o
 .text.main     0x1a001c40       0xc4 ./example/src/blinky.o
                0x1a001c40                main
 .text.ResetISR
                0x1a001d04       0xc4 ./example/src/cr_startup_lpc43xx.o
                0x1a001d04                ResetISR
 .text.SystemInit
                0x1a001dc8       0x28 ./example/src/sysinit.o
                0x1a001dc8                SystemInit
 .text.Chip_UART_SendByte
                0x1a001df0       0x1e C:\Users\lenovo\Documents\MCUXpressoIDE_11.1.1_3241\workspace_unsam\lpc_board_nxp_lpcxpresso_4337\Debug\liblpc_board_nxp_lpcxpresso_4337.a(board.o)
 .text.Chip_UART_ReadLineStatus
                0x1a001e0e       0x18 C:\Users\lenovo\Documents\MCUXpressoIDE_11.1.1_3241\workspace_unsam\lpc_board_nxp_lpcxpresso_4337\Debug\liblpc_board_nxp_lpcxpresso_4337.a(board.o)
 .text.__sys_write
                0x1a001e26       0x38 C:\Users\lenovo\Documents\MCUXpressoIDE_11.1.1_3241\workspace_unsam\lpc_board_nxp_lpcxpresso_4337\Debug\liblpc_board_nxp_lpcxpresso_4337.a(board.o)
                0x1a001e26                __sys_write
 *fill*         0x1a001e5e        0x2 ff
 .text.Board_UARTPutChar
                0x1a001e60       0x34 C:\Users\lenovo\Documents\MCUXpressoIDE_11.1.1_3241\workspace_unsam\lpc_board_nxp_lpcxpresso_4337\Debug\liblpc_board_nxp_lpcxpresso_4337.a(board.o)
                0x1a001e60                Board_UARTPutChar
 .text.Chip_SCU_PinMuxSet
                0x1a001e94       0x34 C:\Users\lenovo\Documents\MCUXpressoIDE_11.1.1_3241\workspace_unsam\lpc_board_nxp_lpcxpresso_4337\Debug\liblpc_board_nxp_lpcxpresso_4337.a(board_sysinit.o)
 .text.Chip_SCU_SetPinMuxing
                0x1a001ec8       0x4a C:\Users\lenovo\Documents\MCUXpressoIDE_11.1.1_3241\workspace_unsam\lpc_board_nxp_lpcxpresso_4337\Debug\liblpc_board_nxp_lpcxpresso_4337.a(board_sysinit.o)
 *fill*         0x1a001f12        0x2 ff
 .text.Chip_CREG_SetFlashAcceleration
                0x1a001f14       0x54 C:\Users\lenovo\Documents\MCUXpressoIDE_11.1.1_3241\workspace_unsam\lpc_board_nxp_lpcxpresso_4337\Debug\liblpc_board_nxp_lpcxpresso_4337.a(board_sysinit.o)
 .text.Board_SetupMuxing
                0x1a001f68       0x14 C:\Users\lenovo\Documents\MCUXpressoIDE_11.1.1_3241\workspace_unsam\lpc_board_nxp_lpcxpresso_4337\Debug\liblpc_board_nxp_lpcxpresso_4337.a(board_sysinit.o)
                0x1a001f68                Board_SetupMuxing
 .text.Board_SetupClocking
                0x1a001f7c       0x80 C:\Users\lenovo\Documents\MCUXpressoIDE_11.1.1_3241\workspace_unsam\lpc_board_nxp_lpcxpresso_4337\Debug\liblpc_board_nxp_lpcxpresso_4337.a(board_sysinit.o)
                0x1a001f7c                Board_SetupClocking
 .text.Board_SystemInit
                0x1a001ffc       0x10 C:\Users\lenovo\Documents\MCUXpressoIDE_11.1.1_3241\workspace_unsam\lpc_board_nxp_lpcxpresso_4337\Debug\liblpc_board_nxp_lpcxpresso_4337.a(board_sysinit.o)
                0x1a001ffc                Board_SystemInit
 .text.SystemCoreClockUpdate
                0x1a00200c       0x18 C:\Users\lenovo\Documents\MCUXpressoIDE_11.1.1_3241\workspace_unsam\lpc_chip_43xx\Debug\liblpc_chip_43xx.a(chip_18xx_43xx.o)
                0x1a00200c                SystemCoreClockUpdate
 .text.ABS      0x1a002024       0x22 C:\Users\lenovo\Documents\MCUXpressoIDE_11.1.1_3241\workspace_unsam\lpc_chip_43xx\Debug\liblpc_chip_43xx.a(clock_18xx_43xx.o)
 *fill*         0x1a002046        0x2 ff
 .text.pll_calc_divs
                0x1a002048      0x124 C:\Users\lenovo\Documents\MCUXpressoIDE_11.1.1_3241\workspace_unsam\lpc_chip_43xx\Debug\liblpc_chip_43xx.a(clock_18xx_43xx.o)
 .text.pll_get_frac
                0x1a00216c      0x176 C:\Users\lenovo\Documents\MCUXpressoIDE_11.1.1_3241\workspace_unsam\lpc_chip_43xx\Debug\liblpc_chip_43xx.a(clock_18xx_43xx.o)
 .text.Chip_Clock_GetDivRate
                0x1a0022e2       0x40 C:\Users\lenovo\Documents\MCUXpressoIDE_11.1.1_3241\workspace_unsam\lpc_chip_43xx\Debug\liblpc_chip_43xx.a(clock_18xx_43xx.o)
 *fill*         0x1a002322        0x2 ff
 .text.Chip_Clock_FindBaseClock
                0x1a002324       0x90 C:\Users\lenovo\Documents\MCUXpressoIDE_11.1.1_3241\workspace_unsam\lpc_chip_43xx\Debug\liblpc_chip_43xx.a(clock_18xx_43xx.o)
 .text.Chip_Clock_EnableCrystal
                0x1a0023b4       0x70 C:\Users\lenovo\Documents\MCUXpressoIDE_11.1.1_3241\workspace_unsam\lpc_chip_43xx\Debug\liblpc_chip_43xx.a(clock_18xx_43xx.o)
                0x1a0023b4                Chip_Clock_EnableCrystal
 .text.Chip_Clock_CalcMainPLLValue
                0x1a002424       0xd8 C:\Users\lenovo\Documents\MCUXpressoIDE_11.1.1_3241\workspace_unsam\lpc_chip_43xx\Debug\liblpc_chip_43xx.a(clock_18xx_43xx.o)
                0x1a002424                Chip_Clock_CalcMainPLLValue
 .text.Chip_Clock_GetMainPLLHz
                0x1a0024fc       0xc0 C:\Users\lenovo\Documents\MCUXpressoIDE_11.1.1_3241\workspace_unsam\lpc_chip_43xx\Debug\liblpc_chip_43xx.a(clock_18xx_43xx.o)
                0x1a0024fc                Chip_Clock_GetMainPLLHz
 .text.Chip_Clock_GetDividerSource
                0x1a0025bc       0x40 C:\Users\lenovo\Documents\MCUXpressoIDE_11.1.1_3241\workspace_unsam\lpc_chip_43xx\Debug\liblpc_chip_43xx.a(clock_18xx_43xx.o)
                0x1a0025bc                Chip_Clock_GetDividerSource
 .text.Chip_Clock_GetDividerDivisor
                0x1a0025fc       0x38 C:\Users\lenovo\Documents\MCUXpressoIDE_11.1.1_3241\workspace_unsam\lpc_chip_43xx\Debug\liblpc_chip_43xx.a(clock_18xx_43xx.o)
                0x1a0025fc                Chip_Clock_GetDividerDivisor
 .text.Chip_Clock_GetClockInputHz
                0x1a002634      0x140 C:\Users\lenovo\Documents\MCUXpressoIDE_11.1.1_3241\workspace_unsam\lpc_chip_43xx\Debug\liblpc_chip_43xx.a(clock_18xx_43xx.o)
                0x1a002634                Chip_Clock_GetClockInputHz
 .text.Chip_Clock_GetBaseClocktHz
                0x1a002774       0x24 C:\Users\lenovo\Documents\MCUXpressoIDE_11.1.1_3241\workspace_unsam\lpc_chip_43xx\Debug\liblpc_chip_43xx.a(clock_18xx_43xx.o)
                0x1a002774                Chip_Clock_GetBaseClocktHz
 .text.Chip_Clock_SetBaseClock
                0x1a002798       0x9c C:\Users\lenovo\Documents\MCUXpressoIDE_11.1.1_3241\workspace_unsam\lpc_chip_43xx\Debug\liblpc_chip_43xx.a(clock_18xx_43xx.o)
                0x1a002798                Chip_Clock_SetBaseClock
 .text.Chip_Clock_GetBaseClock
                0x1a002834       0x4c C:\Users\lenovo\Documents\MCUXpressoIDE_11.1.1_3241\workspace_unsam\lpc_chip_43xx\Debug\liblpc_chip_43xx.a(clock_18xx_43xx.o)
                0x1a002834                Chip_Clock_GetBaseClock
 .text.Chip_Clock_GetRate
                0x1a002880       0x88 C:\Users\lenovo\Documents\MCUXpressoIDE_11.1.1_3241\workspace_unsam\lpc_chip_43xx\Debug\liblpc_chip_43xx.a(clock_18xx_43xx.o)
                0x1a002880                Chip_Clock_GetRate
 .text.fpuInit  0x1a002908       0x74 C:\Users\lenovo\Documents\MCUXpressoIDE_11.1.1_3241\workspace_unsam\lpc_chip_43xx\Debug\liblpc_chip_43xx.a(fpu_init.o)
                0x1a002908                fpuInit
 .text.Chip_GPIO_Init
                0x1a00297c       0x14 C:\Users\lenovo\Documents\MCUXpressoIDE_11.1.1_3241\workspace_unsam\lpc_chip_43xx\Debug\liblpc_chip_43xx.a(gpio_18xx_43xx.o)
                0x1a00297c                Chip_GPIO_Init
 .text.Chip_Clock_DisableMainPLL
                0x1a002990       0x20 C:\Users\lenovo\Documents\MCUXpressoIDE_11.1.1_3241\workspace_unsam\lpc_chip_43xx\Debug\liblpc_chip_43xx.a(sysinit_18xx_43xx.o)
 .text.Chip_Clock_SetupMainPLL
                0x1a0029b0       0x44 C:\Users\lenovo\Documents\MCUXpressoIDE_11.1.1_3241\workspace_unsam\lpc_chip_43xx\Debug\liblpc_chip_43xx.a(sysinit_18xx_43xx.o)
 .text.Chip_Clock_MainPLLLocked
                0x1a0029f4       0x24 C:\Users\lenovo\Documents\MCUXpressoIDE_11.1.1_3241\workspace_unsam\lpc_chip_43xx\Debug\liblpc_chip_43xx.a(sysinit_18xx_43xx.o)
 .text.Chip_SetupCoreClock
                0x1a002a18      0x15c C:\Users\lenovo\Documents\MCUXpressoIDE_11.1.1_3241\workspace_unsam\lpc_chip_43xx\Debug\liblpc_chip_43xx.a(sysinit_18xx_43xx.o)
                0x1a002a18                Chip_SetupCoreClock
 .text.__main   0x1a002b74        0xe c:/nxp/mcuxpressoide_11.1.1_3241/ide/plugins/com.nxp.mcuxpresso.tools.win32_11.1.0.202001081728/tools/bin/../lib/gcc/arm-none-eabi/8.3.1/../../../../arm-none-eabi/lib/thumb/v7e-m+fp/softfp\libcr_nohost.a(_cr__main.o)
                0x1a002b74                __main
 .text.memcpy   0x1a002b82        0x4 c:/nxp/mcuxpressoide_11.1.1_3241/ide/plugins/com.nxp.mcuxpresso.tools.win32_11.1.0.202001081728/tools/bin/../lib/gcc/arm-none-eabi/8.3.1/../../../../arm-none-eabi/lib/thumb/v7e-m+fp/softfp\libcr_c.a(memcpy.o)
                0x1a002b82                memcpy
 .text.memset   0x1a002b86        0x4 c:/nxp/mcuxpressoide_11.1.1_3241/ide/plugins/com.nxp.mcuxpresso.tools.win32_11.1.0.202001081728/tools/bin/../lib/gcc/arm-none-eabi/8.3.1/../../../../arm-none-eabi/lib/thumb/v7e-m+fp/softfp\libcr_c.a(memset.o)
                0x1a002b86                memset
 *fill*         0x1a002b8a        0x2 ff
 .text.malloc   0x1a002b8c       0xc8 c:/nxp/mcuxpressoide_11.1.1_3241/ide/plugins/com.nxp.mcuxpresso.tools.win32_11.1.0.202001081728/tools/bin/../lib/gcc/arm-none-eabi/8.3.1/../../../../arm-none-eabi/lib/thumb/v7e-m+fp/softfp\libcr_c.a(alloc.o)
                0x1a002b8c                malloc
 .text.free     0x1a002c54       0x30 c:/nxp/mcuxpressoide_11.1.1_3241/ide/plugins/com.nxp.mcuxpresso.tools.win32_11.1.0.202001081728/tools/bin/../lib/gcc/arm-none-eabi/8.3.1/../../../../arm-none-eabi/lib/thumb/v7e-m+fp/softfp\libcr_c.a(alloc.o)
                0x1a002c54                free
 .text._initio  0x1a002c84       0x78 c:/nxp/mcuxpressoide_11.1.1_3241/ide/plugins/com.nxp.mcuxpresso.tools.win32_11.1.0.202001081728/tools/bin/../lib/gcc/arm-none-eabi/8.3.1/../../../../arm-none-eabi/lib/thumb/v7e-m+fp/softfp\libcr_c.a(initio.o)
                0x1a002c84                _initio
 .text.setvbuf  0x1a002cfc       0x40 c:/nxp/mcuxpressoide_11.1.1_3241/ide/plugins/com.nxp.mcuxpresso.tools.win32_11.1.0.202001081728/tools/bin/../lib/gcc/arm-none-eabi/8.3.1/../../../../arm-none-eabi/lib/thumb/v7e-m+fp/softfp\libcr_c.a(setvbuf.o)
                0x1a002cfc                setvbuf
 .text.strlen   0x1a002d3c       0x4c c:/nxp/mcuxpressoide_11.1.1_3241/ide/plugins/com.nxp.mcuxpresso.tools.win32_11.1.0.202001081728/tools/bin/../lib/gcc/arm-none-eabi/8.3.1/../../../../arm-none-eabi/lib/thumb/v7e-m+fp/softfp\libcr_c.a(strlen.o)
                0x1a002d3c                strlen
 .text._sbrk    0x1a002d88       0x3c c:/nxp/mcuxpressoide_11.1.1_3241/ide/plugins/com.nxp.mcuxpresso.tools.win32_11.1.0.202001081728/tools/bin/../lib/gcc/arm-none-eabi/8.3.1/../../../../arm-none-eabi/lib/thumb/v7e-m+fp/softfp\libcr_c.a(_cr_sbrk.o)
                0x1a002d88                _sbrk
 .text._deferredlazyseek
                0x1a002dc4       0x40 c:/nxp/mcuxpressoide_11.1.1_3241/ide/plugins/com.nxp.mcuxpresso.tools.win32_11.1.0.202001081728/tools/bin/../lib/gcc/arm-none-eabi/8.3.1/../../../../arm-none-eabi/lib/thumb/v7e-m+fp/softfp\libcr_c.a(_deferredlazyseek.o)
                0x1a002dc4                _deferredlazyseek
 .text._fdopen  0x1a002e04       0x68 c:/nxp/mcuxpressoide_11.1.1_3241/ide/plugins/com.nxp.mcuxpresso.tools.win32_11.1.0.202001081728/tools/bin/../lib/gcc/arm-none-eabi/8.3.1/../../../../arm-none-eabi/lib/thumb/v7e-m+fp/softfp\libcr_c.a(_fdopen.o)
                0x1a002e04                _fdopen
 .text._fflush  0x1a002e6c       0x52 c:/nxp/mcuxpressoide_11.1.1_3241/ide/plugins/com.nxp.mcuxpresso.tools.win32_11.1.0.202001081728/tools/bin/../lib/gcc/arm-none-eabi/8.3.1/../../../../arm-none-eabi/lib/thumb/v7e-m+fp/softfp\libcr_c.a(_fflush.o)
                0x1a002e6c                _fflush
 *fill*         0x1a002ebe        0x2 ff
 .text._Cwritebuf
                0x1a002ec0       0x6c c:/nxp/mcuxpressoide_11.1.1_3241/ide/plugins/com.nxp.mcuxpresso.tools.win32_11.1.0.202001081728/tools/bin/../lib/gcc/arm-none-eabi/8.3.1/../../../../arm-none-eabi/lib/thumb/v7e-m+fp/softfp\libcr_c.a(_writebuf.o)
                0x1a002ec0                _Cwritebuf
 .text.fclose   0x1a002f2c       0x58 c:/nxp/mcuxpressoide_11.1.1_3241/ide/plugins/com.nxp.mcuxpresso.tools.win32_11.1.0.202001081728/tools/bin/../lib/gcc/arm-none-eabi/8.3.1/../../../../arm-none-eabi/lib/thumb/v7e-m+fp/softfp\libcr_c.a(fclose.o)
                0x1a002f2c                fclose
 .text.fflush   0x1a002f84       0x44 c:/nxp/mcuxpressoide_11.1.1_3241/ide/plugins/com.nxp.mcuxpresso.tools.win32_11.1.0.202001081728/tools/bin/../lib/gcc/arm-none-eabi/8.3.1/../../../../arm-none-eabi/lib/thumb/v7e-m+fp/softfp\libcr_c.a(fflush.o)
                0x1a002f84                fflush
 .text.fseek    0x1a002fc8      0x100 c:/nxp/mcuxpressoide_11.1.1_3241/ide/plugins/com.nxp.mcuxpresso.tools.win32_11.1.0.202001081728/tools/bin/../lib/gcc/arm-none-eabi/8.3.1/../../../../arm-none-eabi/lib/thumb/v7e-m+fp/softfp\libcr_c.a(fseek.o)
                0x1a002fc8                fseek
 .text.ftell    0x1a0030c8       0x48 c:/nxp/mcuxpressoide_11.1.1_3241/ide/plugins/com.nxp.mcuxpresso.tools.win32_11.1.0.202001081728/tools/bin/../lib/gcc/arm-none-eabi/8.3.1/../../../../arm-none-eabi/lib/thumb/v7e-m+fp/softfp\libcr_c.a(ftell.o)
                0x1a0030c8                ftell
 .text.remove   0x1a003110       0x14 c:/nxp/mcuxpressoide_11.1.1_3241/ide/plugins/com.nxp.mcuxpresso.tools.win32_11.1.0.202001081728/tools/bin/../lib/gcc/arm-none-eabi/8.3.1/../../../../arm-none-eabi/lib/thumb/v7e-m+fp/softfp\libcr_c.a(remove.o)
                0x1a003110                remove
 .text._do_fflush
                0x1a003124       0x40 c:/nxp/mcuxpressoide_11.1.1_3241/ide/plugins/com.nxp.mcuxpresso.tools.win32_11.1.0.202001081728/tools/bin/../lib/gcc/arm-none-eabi/8.3.1/../../../../arm-none-eabi/lib/thumb/v7e-m+fp/softfp\libcr_c.a(_do_fflush.o)
                0x1a003124                _do_fflush
 .text.__aeabi_memcpy
                0x1a003164       0x34 c:/nxp/mcuxpressoide_11.1.1_3241/ide/plugins/com.nxp.mcuxpresso.tools.win32_11.1.0.202001081728/tools/bin/../lib/gcc/arm-none-eabi/8.3.1/thumb/v7e-m+fp/softfp\libcr_eabihelpers.a(memcpy.o)
                0x1a003164                __aeabi_memcpy
                0x1a00316e                __aeabi_memcpy8
                0x1a00316e                __aeabi_memcpy4
 .text.__aeabi_memset_lowlevel
                0x1a003198       0x32 c:/nxp/mcuxpressoide_11.1.1_3241/ide/plugins/com.nxp.mcuxpresso.tools.win32_11.1.0.202001081728/tools/bin/../lib/gcc/arm-none-eabi/8.3.1/thumb/v7e-m+fp/softfp\libcr_eabihelpers.a(memcpy.o)
                0x1a003198                __aeabi_lowlevel_memset
 .text.__sys_close
                0x1a0031ca        0x6 c:/nxp/mcuxpressoide_11.1.1_3241/ide/plugins/com.nxp.mcuxpresso.tools.win32_11.1.0.202001081728/tools/bin/../lib/gcc/arm-none-eabi/8.3.1/../../../../arm-none-eabi/lib/thumb/v7e-m+fp/softfp\libcr_nohost.a(__sys_close.o)
                0x1a0031ca                __sys_close
 .text.__sys_flen
                0x1a0031d0        0x6 c:/nxp/mcuxpressoide_11.1.1_3241/ide/plugins/com.nxp.mcuxpresso.tools.win32_11.1.0.202001081728/tools/bin/../lib/gcc/arm-none-eabi/8.3.1/../../../../arm-none-eabi/lib/thumb/v7e-m+fp/softfp\libcr_nohost.a(__sys_flen.o)
                0x1a0031d0                __sys_flen
 .text.__sys_istty
                0x1a0031d6        0x6 c:/nxp/mcuxpressoide_11.1.1_3241/ide/plugins/com.nxp.mcuxpresso.tools.win32_11.1.0.202001081728/tools/bin/../lib/gcc/arm-none-eabi/8.3.1/../../../../arm-none-eabi/lib/thumb/v7e-m+fp/softfp\libcr_nohost.a(__sys_istty.o)
                0x1a0031d6                __sys_istty
 .text.__sys_remove
                0x1a0031dc        0x6 c:/nxp/mcuxpressoide_11.1.1_3241/ide/plugins/com.nxp.mcuxpresso.tools.win32_11.1.0.202001081728/tools/bin/../lib/gcc/arm-none-eabi/8.3.1/../../../../arm-none-eabi/lib/thumb/v7e-m+fp/softfp\libcr_nohost.a(__sys_remove.o)
                0x1a0031dc                __sys_remove
 .text.__sys_seek
                0x1a0031e2        0x6 c:/nxp/mcuxpressoide_11.1.1_3241/ide/plugins/com.nxp.mcuxpresso.tools.win32_11.1.0.202001081728/tools/bin/../lib/gcc/arm-none-eabi/8.3.1/../../../../arm-none-eabi/lib/thumb/v7e-m+fp/softfp\libcr_nohost.a(__sys_seek.o)
                0x1a0031e2                __sys_seek
 .text.__sys_tmpnam
                0x1a0031e8        0x6 c:/nxp/mcuxpressoide_11.1.1_3241/ide/plugins/com.nxp.mcuxpresso.tools.win32_11.1.0.202001081728/tools/bin/../lib/gcc/arm-none-eabi/8.3.1/../../../../arm-none-eabi/lib/thumb/v7e-m+fp/softfp\libcr_nohost.a(__sys_tmpnam.o)
                0x1a0031e8                __sys_tmpnam
 */tasks.o(.rodata*)
 *fill*         0x1a0031ee        0x2 ff
 .rodata.vTaskStartScheduler.str1.4
                0x1a0031f0        0x5 ./freertos/src/tasks.o
 *(.rodata .rodata.* .constdata .constdata.*)
 *fill*         0x1a0031f5        0x3 ff
 .rodata.main.str1.4
                0x1a0031f8       0x14 ./example/src/blinky.o
 .rodata.ExtRateIn
                0x1a00320c        0x4 C:\Users\lenovo\Documents\MCUXpressoIDE_11.1.1_3241\workspace_unsam\lpc_board_nxp_lpcxpresso_4337\Debug\liblpc_board_nxp_lpcxpresso_4337.a(board.o)
                0x1a00320c                ExtRateIn
 .rodata.OscRateIn
                0x1a003210        0x4 C:\Users\lenovo\Documents\MCUXpressoIDE_11.1.1_3241\workspace_unsam\lpc_board_nxp_lpcxpresso_4337\Debug\liblpc_board_nxp_lpcxpresso_4337.a(board.o)
                0x1a003210                OscRateIn
 .rodata.InitClkStates
                0x1a003214        0xc C:\Users\lenovo\Documents\MCUXpressoIDE_11.1.1_3241\workspace_unsam\lpc_board_nxp_lpcxpresso_4337\Debug\liblpc_board_nxp_lpcxpresso_4337.a(board_sysinit.o)
 .rodata.pinmuxing
                0x1a003220       0x34 C:\Users\lenovo\Documents\MCUXpressoIDE_11.1.1_3241\workspace_unsam\lpc_board_nxp_lpcxpresso_4337\Debug\liblpc_board_nxp_lpcxpresso_4337.a(board_sysinit.o)
 .rodata.periph_to_base
                0x1a003254       0x6c C:\Users\lenovo\Documents\MCUXpressoIDE_11.1.1_3241\workspace_unsam\lpc_chip_43xx\Debug\liblpc_chip_43xx.a(clock_18xx_43xx.o)
 .rodata        0x1a0032c0        0x4 C:\Users\lenovo\Documents\MCUXpressoIDE_11.1.1_3241\workspace_unsam\lpc_chip_43xx\Debug\liblpc_chip_43xx.a(clock_18xx_43xx.o)
 .rodata.Chip_Clock_SetDivider.str1.4
                0x1a0032c4        0x8 C:\Users\lenovo\Documents\MCUXpressoIDE_11.1.1_3241\workspace_unsam\lpc_chip_43xx\Debug\liblpc_chip_43xx.a(clock_18xx_43xx.o)
                                  0x6 (size before relaxing)
 .rodata.InitClkStates
                0x1a0032cc       0x48 C:\Users\lenovo\Documents\MCUXpressoIDE_11.1.1_3241\workspace_unsam\lpc_chip_43xx\Debug\liblpc_chip_43xx.a(sysinit_18xx_43xx.o)
 .rodata._initio.str1.1
                0x1a003314        0x4 c:/nxp/mcuxpressoide_11.1.1_3241/ide/plugins/com.nxp.mcuxpresso.tools.win32_11.1.0.202001081728/tools/bin/../lib/gcc/arm-none-eabi/8.3.1/../../../../arm-none-eabi/lib/thumb/v7e-m+fp/softfp\libcr_c.a(initio.o)
 .rodata.__num_Ciob_streams
                0x1a003318        0x4 c:/nxp/mcuxpressoide_11.1.1_3241/ide/plugins/com.nxp.mcuxpresso.tools.win32_11.1.0.202001081728/tools/bin/../lib/gcc/arm-none-eabi/8.3.1/../../../../arm-none-eabi/lib/thumb/v7e-m+fp/softfp\libcr_nohost.a(__ciob.o)
                0x1a003318                __num_Ciob_streams
                0x1a00331c                . = ALIGN (0x4)

.glue_7         0x1a00331c        0x0
 .glue_7        0x1a00331c        0x0 linker stubs

.glue_7t        0x1a00331c        0x0
 .glue_7t       0x1a00331c        0x0 linker stubs

.vfp11_veneer   0x1a00331c        0x0
 .vfp11_veneer  0x1a00331c        0x0 linker stubs

.v4_bx          0x1a00331c        0x0
 .v4_bx         0x1a00331c        0x0 linker stubs

.iplt           0x1a00331c        0x0
 .iplt          0x1a00331c        0x0 ./freertos/src/FreeRTOSCommonHooks.o

.rel.dyn        0x1a00331c        0x0
 .rel.iplt      0x1a00331c        0x0 ./freertos/src/FreeRTOSCommonHooks.o

.ARM.extab
 *(.ARM.extab* .gnu.linkonce.armextab.*)

.ARM.exidx      0x1a00331c        0x0
                0x1a00331c                __exidx_start = .
 *(.ARM.exidx* .gnu.linkonce.armexidx.*)
                0x1a00331c                __exidx_end = .
                0x1a00331c                _etext = .

.data_RAM2      0x10080000        0x0 load address 0x1a00331c
 FILL mask 0xff
                [!provide]                PROVIDE (__start_data_RAM2 = .)
                [!provide]                PROVIDE (__start_data_RamLoc40 = .)
 *(.ramfunc.$RAM2)
 *(.ramfunc.$RamLoc40)
 *(.data.$RAM2)
 *(.data.$RamLoc40)
 *(.data.$RAM2.*)
 *(.data.$RamLoc40.*)
                0x10080000                . = ALIGN (0x4)
                [!provide]                PROVIDE (__end_data_RAM2 = .)
                [!provide]                PROVIDE (__end_data_RamLoc40 = .)

.data_RAM3      0x20000000        0x0 load address 0x1a00331c
 FILL mask 0xff
                [!provide]                PROVIDE (__start_data_RAM3 = .)
                [!provide]                PROVIDE (__start_data_RamAHB32 = .)
 *(.ramfunc.$RAM3)
 *(.ramfunc.$RamAHB32)
 *(.data.$RAM3)
 *(.data.$RamAHB32)
 *(.data.$RAM3.*)
 *(.data.$RamAHB32.*)
                0x20000000                . = ALIGN (0x4)
                [!provide]                PROVIDE (__end_data_RAM3 = .)
                [!provide]                PROVIDE (__end_data_RamAHB32 = .)

.data_RAM4      0x20008000        0x0 load address 0x1a00331c
 FILL mask 0xff
                [!provide]                PROVIDE (__start_data_RAM4 = .)
                [!provide]                PROVIDE (__start_data_RamAHB16 = .)
 *(.ramfunc.$RAM4)
 *(.ramfunc.$RamAHB16)
 *(.data.$RAM4)
 *(.data.$RamAHB16)
 *(.data.$RAM4.*)
 *(.data.$RamAHB16.*)
                0x20008000                . = ALIGN (0x4)
                [!provide]                PROVIDE (__end_data_RAM4 = .)
                [!provide]                PROVIDE (__end_data_RamAHB16 = .)

.data_RAM5      0x2000c000        0x0 load address 0x1a00331c
 FILL mask 0xff
                [!provide]                PROVIDE (__start_data_RAM5 = .)
                [!provide]                PROVIDE (__start_data_RamAHB_ETB16 = .)
 *(.ramfunc.$RAM5)
 *(.ramfunc.$RamAHB_ETB16)
 *(.data.$RAM5)
 *(.data.$RamAHB_ETB16)
 *(.data.$RAM5.*)
 *(.data.$RamAHB_ETB16.*)
                0x2000c000                . = ALIGN (0x4)
                [!provide]                PROVIDE (__end_data_RAM5 = .)
                [!provide]                PROVIDE (__end_data_RamAHB_ETB16 = .)

.uninit_RESERVED
                0x10000000        0x0
                0x10000000                _start_uninit_RESERVED = .
 *(.bss.$RESERVED*)
                0x10000000                . = ALIGN (0x4)
                0x10000000                _end_uninit_RESERVED = .

.data           0x10000000        0x8 load address 0x1a00331c
 FILL mask 0xff
                0x10000000                _data = .
                [!provide]                PROVIDE (__start_data_RAM = .)
                [!provide]                PROVIDE (__start_data_RamLoc32 = .)
 *(vtable)
 *(.ramfunc*)
 *(CodeQuickAccess)
 *(DataQuickAccess)
 *(RamFunction)
 *(.data*)
 .data.uxCriticalNesting
                0x10000000        0x4 ./freertos/src/port.o
 .data.xNextTaskUnblockTime
                0x10000004        0x4 ./freertos/src/tasks.o
                0x10000008                . = ALIGN (0x4)
                0x10000008                _edata = .
                [!provide]                PROVIDE (__end_data_RAM = .)
                [!provide]                PROVIDE (__end_data_RamLoc32 = .)

.igot.plt       0x10000008        0x0 load address 0x1a003324
 .igot.plt      0x10000008        0x0 ./freertos/src/FreeRTOSCommonHooks.o

.bss_RAM2       0x10080000        0x0
                [!provide]                PROVIDE (__start_bss_RAM2 = .)
                [!provide]                PROVIDE (__start_bss_RamLoc40 = .)
 *(.bss.$RAM2)
 *(.bss.$RamLoc40)
 *(.bss.$RAM2.*)
 *(.bss.$RamLoc40.*)
                0x10080000                . = ALIGN ((. != 0x0)?0x4:0x1)
                [!provide]                PROVIDE (__end_bss_RAM2 = .)
                [!provide]                PROVIDE (__end_bss_RamLoc40 = .)

.bss_RAM3       0x20000000        0x0
                [!provide]                PROVIDE (__start_bss_RAM3 = .)
                [!provide]                PROVIDE (__start_bss_RamAHB32 = .)
 *(.bss.$RAM3)
 *(.bss.$RamAHB32)
 *(.bss.$RAM3.*)
 *(.bss.$RamAHB32.*)
                0x20000000                . = ALIGN ((. != 0x0)?0x4:0x1)
                [!provide]                PROVIDE (__end_bss_RAM3 = .)
                [!provide]                PROVIDE (__end_bss_RamAHB32 = .)

.bss_RAM4       0x20008000        0x0
                [!provide]                PROVIDE (__start_bss_RAM4 = .)
                [!provide]                PROVIDE (__start_bss_RamAHB16 = .)
 *(.bss.$RAM4)
 *(.bss.$RamAHB16)
 *(.bss.$RAM4.*)
 *(.bss.$RamAHB16.*)
                0x20008000                . = ALIGN ((. != 0x0)?0x4:0x1)
                [!provide]                PROVIDE (__end_bss_RAM4 = .)
                [!provide]                PROVIDE (__end_bss_RamAHB16 = .)

.bss_RAM5       0x2000c000        0x0
                [!provide]                PROVIDE (__start_bss_RAM5 = .)
                [!provide]                PROVIDE (__start_bss_RamAHB_ETB16 = .)
 *(.bss.$RAM5)
 *(.bss.$RamAHB_ETB16)
 *(.bss.$RAM5.*)
 *(.bss.$RamAHB_ETB16.*)
                0x2000c000                . = ALIGN ((. != 0x0)?0x4:0x1)
                [!provide]                PROVIDE (__end_bss_RAM5 = .)
                [!provide]                PROVIDE (__end_bss_RamAHB_ETB16 = .)

.bss            0x10000008      0x34c
                0x10000008                _bss = .
                [!provide]                PROVIDE (__start_bss_RAM = .)
                [!provide]                PROVIDE (__start_bss_RamLoc32 = .)
 *(.bss*)
 .bss.ulTimerCountsForOneTick
                0x10000008        0x4 ./freertos/src/port.o
 .bss.xMaximumPossibleSuppressedTicks
                0x1000000c        0x4 ./freertos/src/port.o
 .bss.ulStoppedTimerCompensation
                0x10000010        0x4 ./freertos/src/port.o
 .bss.pxCurrentTCB
                0x10000014        0x4 ./freertos/src/tasks.o
                0x10000014                pxCurrentTCB
 .bss.pxReadyTasksLists
                0x10000018       0xa0 ./freertos/src/tasks.o
 .bss.xDelayedTaskList1
                0x100000b8       0x14 ./freertos/src/tasks.o
 .bss.xDelayedTaskList2
                0x100000cc       0x14 ./freertos/src/tasks.o
 .bss.pxDelayedTaskList
                0x100000e0        0x4 ./freertos/src/tasks.o
 .bss.pxOverflowDelayedTaskList
                0x100000e4        0x4 ./freertos/src/tasks.o
 .bss.xPendingReadyList
                0x100000e8       0x14 ./freertos/src/tasks.o
 .bss.xTasksWaitingTermination
                0x100000fc       0x14 ./freertos/src/tasks.o
 .bss.uxTasksDeleted
                0x10000110        0x4 ./freertos/src/tasks.o
 .bss.xSuspendedTaskList
                0x10000114       0x14 ./freertos/src/tasks.o
 .bss.uxCurrentNumberOfTasks
                0x10000128        0x4 ./freertos/src/tasks.o
 .bss.xTickCount
                0x1000012c        0x4 ./freertos/src/tasks.o
 .bss.uxTopReadyPriority
                0x10000130        0x4 ./freertos/src/tasks.o
 .bss.xSchedulerRunning
                0x10000134        0x4 ./freertos/src/tasks.o
 .bss.uxPendedTicks
                0x10000138        0x4 ./freertos/src/tasks.o
 .bss.xYieldPending
                0x1000013c        0x4 ./freertos/src/tasks.o
 .bss.xNumOfOverflows
                0x10000140        0x4 ./freertos/src/tasks.o
 .bss.uxTaskNumber
                0x10000144        0x4 ./freertos/src/tasks.o
 .bss.uxSchedulerSuspended
                0x10000148        0x4 ./freertos/src/tasks.o
 .bss.audio_usb_pll_freq
                0x1000014c        0x8 C:\Users\lenovo\Documents\MCUXpressoIDE_11.1.1_3241\workspace_unsam\lpc_chip_43xx\Debug\liblpc_chip_43xx.a(clock_18xx_43xx.o)
 .bss.__end_of_heap
                0x10000154        0x4 c:/nxp/mcuxpressoide_11.1.1_3241/ide/plugins/com.nxp.mcuxpresso.tools.win32_11.1.0.202001081728/tools/bin/../lib/gcc/arm-none-eabi/8.3.1/../../../../arm-none-eabi/lib/thumb/v7e-m+fp/softfp\libcr_c.a(__init_alloc.o)
                0x10000154                __end_of_heap
 .bss.__heaps   0x10000158        0x4 c:/nxp/mcuxpressoide_11.1.1_3241/ide/plugins/com.nxp.mcuxpresso.tools.win32_11.1.0.202001081728/tools/bin/../lib/gcc/arm-none-eabi/8.3.1/../../../../arm-none-eabi/lib/thumb/v7e-m+fp/softfp\libcr_c.a(__init_alloc.o)
                0x10000158                __heaps
 .bss.errno     0x1000015c        0x4 c:/nxp/mcuxpressoide_11.1.1_3241/ide/plugins/com.nxp.mcuxpresso.tools.win32_11.1.0.202001081728/tools/bin/../lib/gcc/arm-none-eabi/8.3.1/../../../../arm-none-eabi/lib/thumb/v7e-m+fp/softfp\libcr_c.a(errno.o)
                0x1000015c                errno
 .bss.__Ciob    0x10000160      0x1e0 c:/nxp/mcuxpressoide_11.1.1_3241/ide/plugins/com.nxp.mcuxpresso.tools.win32_11.1.0.202001081728/tools/bin/../lib/gcc/arm-none-eabi/8.3.1/../../../../arm-none-eabi/lib/thumb/v7e-m+fp/softfp\libcr_nohost.a(__ciob.o)
                0x10000160                __Ciob
 *(COMMON)
 COMMON         0x10000340       0x10 ./example/src/blinky.o
                0x10000340                Semaforo_S2
                0x10000344                S1
                0x10000348                S2
                0x1000034c                Semaforo_S1
 COMMON         0x10000350        0x4 C:\Users\lenovo\Documents\MCUXpressoIDE_11.1.1_3241\workspace_unsam\lpc_chip_43xx\Debug\liblpc_chip_43xx.a(chip_18xx_43xx.o)
                0x10000350                SystemCoreClock
                0x10000354                . = ALIGN (0x4)
                0x10000354                _ebss = .
                [!provide]                PROVIDE (__end_bss_RAM = .)
                [!provide]                PROVIDE (__end_bss_RamLoc32 = .)
                [!provide]                PROVIDE (end = .)

.noinit_RAM2    0x10080000        0x0
                [!provide]                PROVIDE (__start_noinit_RAM2 = .)
                [!provide]                PROVIDE (__start_noinit_RamLoc40 = .)
 *(.noinit.$RAM2)
 *(.noinit.$RamLoc40)
 *(.noinit.$RAM2.*)
 *(.noinit.$RamLoc40.*)
                0x10080000                . = ALIGN (0x4)
                [!provide]                PROVIDE (__end_noinit_RAM2 = .)
                [!provide]                PROVIDE (__end_noinit_RamLoc40 = .)

.noinit_RAM3    0x20000000        0x0
                [!provide]                PROVIDE (__start_noinit_RAM3 = .)
                [!provide]                PROVIDE (__start_noinit_RamAHB32 = .)
 *(.noinit.$RAM3)
 *(.noinit.$RamAHB32)
 *(.noinit.$RAM3.*)
 *(.noinit.$RamAHB32.*)
                0x20000000                . = ALIGN (0x4)
                [!provide]                PROVIDE (__end_noinit_RAM3 = .)
                [!provide]                PROVIDE (__end_noinit_RamAHB32 = .)

.noinit_RAM4    0x20008000        0x0
                [!provide]                PROVIDE (__start_noinit_RAM4 = .)
                [!provide]                PROVIDE (__start_noinit_RamAHB16 = .)
 *(.noinit.$RAM4)
 *(.noinit.$RamAHB16)
 *(.noinit.$RAM4.*)
 *(.noinit.$RamAHB16.*)
                0x20008000                . = ALIGN (0x4)
                [!provide]                PROVIDE (__end_noinit_RAM4 = .)
                [!provide]                PROVIDE (__end_noinit_RamAHB16 = .)

.noinit_RAM5    0x2000c000        0x0
                [!provide]                PROVIDE (__start_noinit_RAM5 = .)
                [!provide]                PROVIDE (__start_noinit_RamAHB_ETB16 = .)
 *(.noinit.$RAM5)
 *(.noinit.$RamAHB_ETB16)
 *(.noinit.$RAM5.*)
 *(.noinit.$RamAHB_ETB16.*)
                0x2000c000                . = ALIGN (0x4)
                [!provide]                PROVIDE (__end_noinit_RAM5 = .)
                [!provide]                PROVIDE (__end_noinit_RamAHB_ETB16 = .)

.noinit         0x10000354        0x0
                0x10000354                _noinit = .
                [!provide]                PROVIDE (__start_noinit_RAM = .)
                [!provide]                PROVIDE (__start_noinit_RamLoc32 = .)
 *(.noinit*)
                0x10000354                . = ALIGN (0x4)
                0x10000354                _end_noinit = .
                [!provide]                PROVIDE (__end_noinit_RAM = .)
                [!provide]                PROVIDE (__end_noinit_RamLoc32 = .)
                0x10000354                PROVIDE (_pvHeapStart = DEFINED (__user_heap_base)?__user_heap_base:.)
                0x10008000                PROVIDE (_vStackTop = DEFINED (__user_stack_top)?__user_stack_top:(__top_RamLoc32 - 0x0))
                [!provide]                PROVIDE (__valid_user_code_checksum = (0x0 - ((((((_vStackTop + (ResetISR + 0x1)) + (NMI_Handler + 0x1)) + (HardFault_Handler + 0x1)) + (DEFINED (MemManage_Handler)?MemManage_Handler:0x0 + 0x1)) + (DEFINED (BusFault_Handler)?BusFault_Handler:0x0 + 0x1)) + (DEFINED (UsageFault_Handler)?UsageFault_Handler:0x0 + 0x1))))
                0x1a000000                _image_start = LOADADDR (.text)
                0x1a003324                _image_end = (LOADADDR (.data) + SIZEOF (.data))
                0x00003324                _image_size = (_image_end - _image_start)
OUTPUT(9. freertos_semph.axf elf32-littlearm)

.debug_info     0x00000000     0xa89f
 .debug_info    0x00000000      0x2f8 ./freertos/src/FreeRTOSCommonHooks.o
 .debug_info    0x000002f8      0x282 ./freertos/src/heap_3.o
 .debug_info    0x0000057a      0x44a ./freertos/src/list.o
 .debug_info    0x000009c4      0x988 ./freertos/src/port.o
 .debug_info    0x0000134c     0x1233 ./freertos/src/queue.o
 .debug_info    0x0000257f       0x85 ./freertos/src/redlib_memfix.o
 .debug_info    0x00002604     0x19b6 ./freertos/src/tasks.o
 .debug_info    0x00003fba      0xbd6 ./example/src/blinky.o
 .debug_info    0x00004b90      0x2bd ./example/src/cr_startup_lpc43xx.o
 .debug_info    0x00004e4d      0x250 ./example/src/sysinit.o
 .debug_info    0x0000509d     0x1c1d C:\Users\lenovo\Documents\MCUXpressoIDE_11.1.1_3241\workspace_unsam\lpc_board_nxp_lpcxpresso_4337\Debug\liblpc_board_nxp_lpcxpresso_4337.a(board.o)
 .debug_info    0x00006cba      0xd0c C:\Users\lenovo\Documents\MCUXpressoIDE_11.1.1_3241\workspace_unsam\lpc_board_nxp_lpcxpresso_4337\Debug\liblpc_board_nxp_lpcxpresso_4337.a(board_sysinit.o)
 .debug_info    0x000079c6      0xacc C:\Users\lenovo\Documents\MCUXpressoIDE_11.1.1_3241\workspace_unsam\lpc_chip_43xx\Debug\liblpc_chip_43xx.a(chip_18xx_43xx.o)
 .debug_info    0x00008492     0x16c2 C:\Users\lenovo\Documents\MCUXpressoIDE_11.1.1_3241\workspace_unsam\lpc_chip_43xx\Debug\liblpc_chip_43xx.a(clock_18xx_43xx.o)
 .debug_info    0x00009b54      0x164 C:\Users\lenovo\Documents\MCUXpressoIDE_11.1.1_3241\workspace_unsam\lpc_chip_43xx\Debug\liblpc_chip_43xx.a(fpu_init.o)
 .debug_info    0x00009cb8      0x248 C:\Users\lenovo\Documents\MCUXpressoIDE_11.1.1_3241\workspace_unsam\lpc_chip_43xx\Debug\liblpc_chip_43xx.a(gpio_18xx_43xx.o)
 .debug_info    0x00009f00      0x99f C:\Users\lenovo\Documents\MCUXpressoIDE_11.1.1_3241\workspace_unsam\lpc_chip_43xx\Debug\liblpc_chip_43xx.a(sysinit_18xx_43xx.o)

.debug_abbrev   0x00000000     0x1dd5
 .debug_abbrev  0x00000000      0x181 ./freertos/src/FreeRTOSCommonHooks.o
 .debug_abbrev  0x00000181      0x12b ./freertos/src/heap_3.o
 .debug_abbrev  0x000002ac      0x136 ./freertos/src/list.o
 .debug_abbrev  0x000003e2      0x247 ./freertos/src/port.o
 .debug_abbrev  0x00000629      0x24b ./freertos/src/queue.o
 .debug_abbrev  0x00000874       0x85 ./freertos/src/redlib_memfix.o
 .debug_abbrev  0x000008f9      0x2c9 ./freertos/src/tasks.o
 .debug_abbrev  0x00000bc2      0x204 ./example/src/blinky.o
 .debug_abbrev  0x00000dc6      0x120 ./example/src/cr_startup_lpc43xx.o
 .debug_abbrev  0x00000ee6       0xeb ./example/src/sysinit.o
 .debug_abbrev  0x00000fd1      0x3b0 C:\Users\lenovo\Documents\MCUXpressoIDE_11.1.1_3241\workspace_unsam\lpc_board_nxp_lpcxpresso_4337\Debug\liblpc_board_nxp_lpcxpresso_4337.a(board.o)
 .debug_abbrev  0x00001381      0x1f9 C:\Users\lenovo\Documents\MCUXpressoIDE_11.1.1_3241\workspace_unsam\lpc_board_nxp_lpcxpresso_4337\Debug\liblpc_board_nxp_lpcxpresso_4337.a(board_sysinit.o)
 .debug_abbrev  0x0000157a      0x19b C:\Users\lenovo\Documents\MCUXpressoIDE_11.1.1_3241\workspace_unsam\lpc_chip_43xx\Debug\liblpc_chip_43xx.a(chip_18xx_43xx.o)
 .debug_abbrev  0x00001715      0x31b C:\Users\lenovo\Documents\MCUXpressoIDE_11.1.1_3241\workspace_unsam\lpc_chip_43xx\Debug\liblpc_chip_43xx.a(clock_18xx_43xx.o)
 .debug_abbrev  0x00001a30       0xb4 C:\Users\lenovo\Documents\MCUXpressoIDE_11.1.1_3241\workspace_unsam\lpc_chip_43xx\Debug\liblpc_chip_43xx.a(fpu_init.o)
 .debug_abbrev  0x00001ae4      0x120 C:\Users\lenovo\Documents\MCUXpressoIDE_11.1.1_3241\workspace_unsam\lpc_chip_43xx\Debug\liblpc_chip_43xx.a(gpio_18xx_43xx.o)
 .debug_abbrev  0x00001c04      0x1d1 C:\Users\lenovo\Documents\MCUXpressoIDE_11.1.1_3241\workspace_unsam\lpc_chip_43xx\Debug\liblpc_chip_43xx.a(sysinit_18xx_43xx.o)

.debug_aranges  0x00000000      0x8a8
 .debug_aranges
                0x00000000       0x40 ./freertos/src/FreeRTOSCommonHooks.o
 .debug_aranges
                0x00000040       0x28 ./freertos/src/heap_3.o
 .debug_aranges
                0x00000068       0x40 ./freertos/src/list.o
 .debug_aranges
                0x000000a8       0x98 ./freertos/src/port.o
 .debug_aranges
                0x00000140       0xf0 ./freertos/src/queue.o
 .debug_aranges
                0x00000230       0x20 ./freertos/src/redlib_memfix.o
 .debug_aranges
                0x00000250      0x190 ./freertos/src/tasks.o
 .debug_aranges
                0x000003e0       0x60 ./example/src/blinky.o
 .debug_aranges
                0x00000440       0x80 ./example/src/cr_startup_lpc43xx.o
 .debug_aranges
                0x000004c0       0x20 ./example/src/sysinit.o
 .debug_aranges
                0x000004e0      0x170 C:\Users\lenovo\Documents\MCUXpressoIDE_11.1.1_3241\workspace_unsam\lpc_board_nxp_lpcxpresso_4337\Debug\liblpc_board_nxp_lpcxpresso_4337.a(board.o)
 .debug_aranges
                0x00000650       0x48 C:\Users\lenovo\Documents\MCUXpressoIDE_11.1.1_3241\workspace_unsam\lpc_board_nxp_lpcxpresso_4337\Debug\liblpc_board_nxp_lpcxpresso_4337.a(board_sysinit.o)
 .debug_aranges
                0x00000698       0x40 C:\Users\lenovo\Documents\MCUXpressoIDE_11.1.1_3241\workspace_unsam\lpc_chip_43xx\Debug\liblpc_chip_43xx.a(chip_18xx_43xx.o)
 .debug_aranges
                0x000006d8      0x138 C:\Users\lenovo\Documents\MCUXpressoIDE_11.1.1_3241\workspace_unsam\lpc_chip_43xx\Debug\liblpc_chip_43xx.a(clock_18xx_43xx.o)
 .debug_aranges
                0x00000810       0x20 C:\Users\lenovo\Documents\MCUXpressoIDE_11.1.1_3241\workspace_unsam\lpc_chip_43xx\Debug\liblpc_chip_43xx.a(fpu_init.o)
 .debug_aranges
                0x00000830       0x28 C:\Users\lenovo\Documents\MCUXpressoIDE_11.1.1_3241\workspace_unsam\lpc_chip_43xx\Debug\liblpc_chip_43xx.a(gpio_18xx_43xx.o)
 .debug_aranges
                0x00000858       0x50 C:\Users\lenovo\Documents\MCUXpressoIDE_11.1.1_3241\workspace_unsam\lpc_chip_43xx\Debug\liblpc_chip_43xx.a(sysinit_18xx_43xx.o)

.debug_ranges   0x00000000      0x7b0
 .debug_ranges  0x00000000       0x30 ./freertos/src/FreeRTOSCommonHooks.o
 .debug_ranges  0x00000030       0x18 ./freertos/src/heap_3.o
 .debug_ranges  0x00000048       0x30 ./freertos/src/list.o
 .debug_ranges  0x00000078       0x88 ./freertos/src/port.o
 .debug_ranges  0x00000100       0xe0 ./freertos/src/queue.o
 .debug_ranges  0x000001e0       0x10 ./freertos/src/redlib_memfix.o
 .debug_ranges  0x000001f0      0x180 ./freertos/src/tasks.o
 .debug_ranges  0x00000370       0x50 ./example/src/blinky.o
 .debug_ranges  0x000003c0       0x70 ./example/src/cr_startup_lpc43xx.o
 .debug_ranges  0x00000430       0x10 ./example/src/sysinit.o
 .debug_ranges  0x00000440      0x160 C:\Users\lenovo\Documents\MCUXpressoIDE_11.1.1_3241\workspace_unsam\lpc_board_nxp_lpcxpresso_4337\Debug\liblpc_board_nxp_lpcxpresso_4337.a(board.o)
 .debug_ranges  0x000005a0       0x38 C:\Users\lenovo\Documents\MCUXpressoIDE_11.1.1_3241\workspace_unsam\lpc_board_nxp_lpcxpresso_4337\Debug\liblpc_board_nxp_lpcxpresso_4337.a(board_sysinit.o)
 .debug_ranges  0x000005d8       0x30 C:\Users\lenovo\Documents\MCUXpressoIDE_11.1.1_3241\workspace_unsam\lpc_chip_43xx\Debug\liblpc_chip_43xx.a(chip_18xx_43xx.o)
 .debug_ranges  0x00000608      0x140 C:\Users\lenovo\Documents\MCUXpressoIDE_11.1.1_3241\workspace_unsam\lpc_chip_43xx\Debug\liblpc_chip_43xx.a(clock_18xx_43xx.o)
 .debug_ranges  0x00000748       0x10 C:\Users\lenovo\Documents\MCUXpressoIDE_11.1.1_3241\workspace_unsam\lpc_chip_43xx\Debug\liblpc_chip_43xx.a(fpu_init.o)
 .debug_ranges  0x00000758       0x18 C:\Users\lenovo\Documents\MCUXpressoIDE_11.1.1_3241\workspace_unsam\lpc_chip_43xx\Debug\liblpc_chip_43xx.a(gpio_18xx_43xx.o)
 .debug_ranges  0x00000770       0x40 C:\Users\lenovo\Documents\MCUXpressoIDE_11.1.1_3241\workspace_unsam\lpc_chip_43xx\Debug\liblpc_chip_43xx.a(sysinit_18xx_43xx.o)

.debug_macro    0x00000000     0x911b
 .debug_macro   0x00000000      0x39b ./freertos/src/FreeRTOSCommonHooks.o
 .debug_macro   0x0000039b      0xaae ./freertos/src/FreeRTOSCommonHooks.o
 .debug_macro   0x00000e49       0x10 ./freertos/src/FreeRTOSCommonHooks.o
 .debug_macro   0x00000e59      0x12e ./freertos/src/FreeRTOSCommonHooks.o
 .debug_macro   0x00000f87       0x16 ./freertos/src/FreeRTOSCommonHooks.o
 .debug_macro   0x00000f9d      0x5b3 ./freertos/src/FreeRTOSCommonHooks.o
 .debug_macro   0x00001550       0x40 ./freertos/src/FreeRTOSCommonHooks.o
 .debug_macro   0x00001590       0x10 ./freertos/src/FreeRTOSCommonHooks.o
 .debug_macro   0x000015a0       0x22 ./freertos/src/FreeRTOSCommonHooks.o
 .debug_macro   0x000015c2       0x74 ./freertos/src/FreeRTOSCommonHooks.o
 .debug_macro   0x00001636       0x28 ./freertos/src/FreeRTOSCommonHooks.o
 .debug_macro   0x0000165e       0x3b ./freertos/src/FreeRTOSCommonHooks.o
 .debug_macro   0x00001699       0x2d ./freertos/src/FreeRTOSCommonHooks.o
 .debug_macro   0x000016c6       0x42 ./freertos/src/FreeRTOSCommonHooks.o
 .debug_macro   0x00001708      0xd39 ./freertos/src/FreeRTOSCommonHooks.o
 .debug_macro   0x00002441      0x2bc ./freertos/src/FreeRTOSCommonHooks.o
 .debug_macro   0x000026fd      0x112 ./freertos/src/FreeRTOSCommonHooks.o
 .debug_macro   0x0000280f       0x11 ./freertos/src/FreeRTOSCommonHooks.o
 .debug_macro   0x00002820       0x2a ./freertos/src/FreeRTOSCommonHooks.o
 .debug_macro   0x0000284a       0x16 ./freertos/src/FreeRTOSCommonHooks.o
 .debug_macro   0x00002860      0x2e6 ./freertos/src/FreeRTOSCommonHooks.o
 .debug_macro   0x00002b46       0x82 ./freertos/src/FreeRTOSCommonHooks.o
 .debug_macro   0x00002bc8      0x13d ./freertos/src/FreeRTOSCommonHooks.o
 .debug_macro   0x00002d05      0x198 ./freertos/src/FreeRTOSCommonHooks.o
 .debug_macro   0x00002e9d       0x34 ./freertos/src/FreeRTOSCommonHooks.o
 .debug_macro   0x00002ed1       0x58 ./freertos/src/FreeRTOSCommonHooks.o
 .debug_macro   0x00002f29      0x236 ./freertos/src/FreeRTOSCommonHooks.o
 .debug_macro   0x0000315f      0x572 ./freertos/src/FreeRTOSCommonHooks.o
 .debug_macro   0x000036d1       0x16 ./freertos/src/FreeRTOSCommonHooks.o
 .debug_macro   0x000036e7      0x18a ./freertos/src/FreeRTOSCommonHooks.o
 .debug_macro   0x00003871       0x88 ./freertos/src/FreeRTOSCommonHooks.o
 .debug_macro   0x000038f9      0x1b9 ./freertos/src/FreeRTOSCommonHooks.o
 .debug_macro   0x00003ab2      0x1da ./freertos/src/FreeRTOSCommonHooks.o
 .debug_macro   0x00003c8c       0x40 ./freertos/src/FreeRTOSCommonHooks.o
 .debug_macro   0x00003ccc       0x1c ./freertos/src/FreeRTOSCommonHooks.o
 .debug_macro   0x00003ce8       0x2e ./freertos/src/FreeRTOSCommonHooks.o
 .debug_macro   0x00003d16       0x2e ./freertos/src/FreeRTOSCommonHooks.o
 .debug_macro   0x00003d44       0x22 ./freertos/src/FreeRTOSCommonHooks.o
 .debug_macro   0x00003d66      0x201 ./freertos/src/FreeRTOSCommonHooks.o
 .debug_macro   0x00003f67       0xe0 ./freertos/src/FreeRTOSCommonHooks.o
 .debug_macro   0x00004047      0x34c ./freertos/src/FreeRTOSCommonHooks.o
 .debug_macro   0x00004393       0xdc ./freertos/src/FreeRTOSCommonHooks.o
 .debug_macro   0x0000446f       0xc4 ./freertos/src/FreeRTOSCommonHooks.o
 .debug_macro   0x00004533       0x94 ./freertos/src/FreeRTOSCommonHooks.o
 .debug_macro   0x000045c7       0xb8 ./freertos/src/FreeRTOSCommonHooks.o
 .debug_macro   0x0000467f       0x4c ./freertos/src/FreeRTOSCommonHooks.o
 .debug_macro   0x000046cb       0x16 ./freertos/src/FreeRTOSCommonHooks.o
 .debug_macro   0x000046e1      0x328 ./freertos/src/FreeRTOSCommonHooks.o
 .debug_macro   0x00004a09       0x3a ./freertos/src/FreeRTOSCommonHooks.o
 .debug_macro   0x00004a43       0xd0 ./freertos/src/FreeRTOSCommonHooks.o
 .debug_macro   0x00004b13       0x11 ./freertos/src/FreeRTOSCommonHooks.o
 .debug_macro   0x00004b24       0x22 ./freertos/src/FreeRTOSCommonHooks.o
 .debug_macro   0x00004b46       0x40 ./freertos/src/FreeRTOSCommonHooks.o
 .debug_macro   0x00004b86       0xf6 ./freertos/src/FreeRTOSCommonHooks.o
 .debug_macro   0x00004c7c       0x9a ./freertos/src/FreeRTOSCommonHooks.o
 .debug_macro   0x00004d16       0x20 ./freertos/src/FreeRTOSCommonHooks.o
 .debug_macro   0x00004d36       0xef ./freertos/src/FreeRTOSCommonHooks.o
 .debug_macro   0x00004e25       0xaf ./freertos/src/FreeRTOSCommonHooks.o
 .debug_macro   0x00004ed4       0x12 ./freertos/src/FreeRTOSCommonHooks.o
 .debug_macro   0x00004ee6       0x1f ./freertos/src/FreeRTOSCommonHooks.o
 .debug_macro   0x00004f05      0x35a ./freertos/src/FreeRTOSCommonHooks.o
 .debug_macro   0x0000525f       0x79 ./freertos/src/FreeRTOSCommonHooks.o
 .debug_macro   0x000052d8       0x69 ./freertos/src/FreeRTOSCommonHooks.o
 .debug_macro   0x00005341      0x3ab ./freertos/src/heap_3.o
 .debug_macro   0x000056ec      0x390 ./freertos/src/list.o
 .debug_macro   0x00005a7c      0x434 ./freertos/src/port.o
 .debug_macro   0x00005eb0      0x3f9 ./freertos/src/queue.o
 .debug_macro   0x000062a9       0xb0 ./freertos/src/queue.o
 .debug_macro   0x00006359       0x17 ./freertos/src/redlib_memfix.o
 .debug_macro   0x00006370      0x43c ./freertos/src/tasks.o
 .debug_macro   0x000067ac       0x16 ./freertos/src/tasks.o
 .debug_macro   0x000067c2      0x3af ./example/src/blinky.o
 .debug_macro   0x00006b71       0x7b ./example/src/blinky.o
 .debug_macro   0x00006bec       0x18 ./example/src/blinky.o
 .debug_macro   0x00006c04       0x10 ./example/src/blinky.o
 .debug_macro   0x00006c14       0xf5 ./example/src/blinky.o
 .debug_macro   0x00006d09       0x7e ./example/src/blinky.o
 .debug_macro   0x00006d87       0x1d ./example/src/cr_startup_lpc43xx.o
 .debug_macro   0x00006da4      0x310 ./example/src/sysinit.o
 .debug_macro   0x000070b4      0x336 C:\Users\lenovo\Documents\MCUXpressoIDE_11.1.1_3241\workspace_unsam\lpc_board_nxp_lpcxpresso_4337\Debug\liblpc_board_nxp_lpcxpresso_4337.a(board.o)
 .debug_macro   0x000073ea      0xaa8 C:\Users\lenovo\Documents\MCUXpressoIDE_11.1.1_3241\workspace_unsam\lpc_board_nxp_lpcxpresso_4337\Debug\liblpc_board_nxp_lpcxpresso_4337.a(board.o)
 .debug_macro   0x00007e92       0x12 C:\Users\lenovo\Documents\MCUXpressoIDE_11.1.1_3241\workspace_unsam\lpc_board_nxp_lpcxpresso_4337\Debug\liblpc_board_nxp_lpcxpresso_4337.a(board.o)
 .debug_macro   0x00007ea4      0x339 C:\Users\lenovo\Documents\MCUXpressoIDE_11.1.1_3241\workspace_unsam\lpc_board_nxp_lpcxpresso_4337\Debug\liblpc_board_nxp_lpcxpresso_4337.a(board.o)
 .debug_macro   0x000081dd      0x310 C:\Users\lenovo\Documents\MCUXpressoIDE_11.1.1_3241\workspace_unsam\lpc_board_nxp_lpcxpresso_4337\Debug\liblpc_board_nxp_lpcxpresso_4337.a(board_sysinit.o)
 .debug_macro   0x000084ed      0x2da C:\Users\lenovo\Documents\MCUXpressoIDE_11.1.1_3241\workspace_unsam\lpc_chip_43xx\Debug\liblpc_chip_43xx.a(chip_18xx_43xx.o)
 .debug_macro   0x000087c7      0x2e0 C:\Users\lenovo\Documents\MCUXpressoIDE_11.1.1_3241\workspace_unsam\lpc_chip_43xx\Debug\liblpc_chip_43xx.a(clock_18xx_43xx.o)
 .debug_macro   0x00008aa7       0xc0 C:\Users\lenovo\Documents\MCUXpressoIDE_11.1.1_3241\workspace_unsam\lpc_chip_43xx\Debug\liblpc_chip_43xx.a(fpu_init.o)
 .debug_macro   0x00008b67      0x2da C:\Users\lenovo\Documents\MCUXpressoIDE_11.1.1_3241\workspace_unsam\lpc_chip_43xx\Debug\liblpc_chip_43xx.a(gpio_18xx_43xx.o)
 .debug_macro   0x00008e41      0x2da C:\Users\lenovo\Documents\MCUXpressoIDE_11.1.1_3241\workspace_unsam\lpc_chip_43xx\Debug\liblpc_chip_43xx.a(sysinit_18xx_43xx.o)

.debug_line     0x00000000     0x9b3a
 .debug_line    0x00000000      0x8d2 ./freertos/src/FreeRTOSCommonHooks.o
 .debug_line    0x000008d2      0x874 ./freertos/src/heap_3.o
 .debug_line    0x00001146      0x93b ./freertos/src/list.o
 .debug_line    0x00001a81      0xb25 ./freertos/src/port.o
 .debug_line    0x000025a6      0xf9c ./freertos/src/queue.o
 .debug_line    0x00003542       0x60 ./freertos/src/redlib_memfix.o
 .debug_line    0x000035a2     0x1663 ./freertos/src/tasks.o
 .debug_line    0x00004c05      0x985 ./example/src/blinky.o
 .debug_line    0x0000558a      0x1aa ./example/src/cr_startup_lpc43xx.o
 .debug_line    0x00005734      0x703 ./example/src/sysinit.o
 .debug_line    0x00005e37      0xcbc C:\Users\lenovo\Documents\MCUXpressoIDE_11.1.1_3241\workspace_unsam\lpc_board_nxp_lpcxpresso_4337\Debug\liblpc_board_nxp_lpcxpresso_4337.a(board.o)
 .debug_line    0x00006af3      0x804 C:\Users\lenovo\Documents\MCUXpressoIDE_11.1.1_3241\workspace_unsam\lpc_board_nxp_lpcxpresso_4337\Debug\liblpc_board_nxp_lpcxpresso_4337.a(board_sysinit.o)
 .debug_line    0x000072f7      0x70e C:\Users\lenovo\Documents\MCUXpressoIDE_11.1.1_3241\workspace_unsam\lpc_chip_43xx\Debug\liblpc_chip_43xx.a(chip_18xx_43xx.o)
 .debug_line    0x00007a05     0x100d C:\Users\lenovo\Documents\MCUXpressoIDE_11.1.1_3241\workspace_unsam\lpc_chip_43xx\Debug\liblpc_chip_43xx.a(clock_18xx_43xx.o)
 .debug_line    0x00008a12      0x2a5 C:\Users\lenovo\Documents\MCUXpressoIDE_11.1.1_3241\workspace_unsam\lpc_chip_43xx\Debug\liblpc_chip_43xx.a(fpu_init.o)
 .debug_line    0x00008cb7      0x678 C:\Users\lenovo\Documents\MCUXpressoIDE_11.1.1_3241\workspace_unsam\lpc_chip_43xx\Debug\liblpc_chip_43xx.a(gpio_18xx_43xx.o)
 .debug_line    0x0000932f      0x80b C:\Users\lenovo\Documents\MCUXpressoIDE_11.1.1_3241\workspace_unsam\lpc_chip_43xx\Debug\liblpc_chip_43xx.a(sysinit_18xx_43xx.o)

.debug_str      0x00000000    0x1f245
 .debug_str     0x00000000    0x18800 ./freertos/src/FreeRTOSCommonHooks.o
                              0x18927 (size before relaxing)
 .debug_str     0x00018800      0x103 ./freertos/src/heap_3.o
                              0x1891d (size before relaxing)
 .debug_str     0x00018903      0x139 ./freertos/src/list.o
                              0x18635 (size before relaxing)
 .debug_str     0x00018a3c     0x11d1 ./freertos/src/port.o
                              0x19a58 (size before relaxing)
 .debug_str     0x00019c0d     0x10ed ./freertos/src/queue.o
                              0x1a4fa (size before relaxing)
 .debug_str     0x0001acfa       0x6f ./freertos/src/redlib_memfix.o
                               0x2ec1 (size before relaxing)
 .debug_str     0x0001ad69     0x165e ./freertos/src/tasks.o
                              0x1ab7d (size before relaxing)
 .debug_str     0x0001c3c7      0x996 ./example/src/blinky.o
                              0x1a641 (size before relaxing)
 .debug_str     0x0001cd5d      0x1cf ./example/src/cr_startup_lpc43xx.o
                               0x3045 (size before relaxing)
 .debug_str     0x0001cf2c       0x23 ./example/src/sysinit.o
                              0x16074 (size before relaxing)
 .debug_str     0x0001cf4f     0x1946 C:\Users\lenovo\Documents\MCUXpressoIDE_11.1.1_3241\workspace_unsam\lpc_board_nxp_lpcxpresso_4337\Debug\liblpc_board_nxp_lpcxpresso_4337.a(board.o)
                              0x184e4 (size before relaxing)
 .debug_str     0x0001e895      0x125 C:\Users\lenovo\Documents\MCUXpressoIDE_11.1.1_3241\workspace_unsam\lpc_board_nxp_lpcxpresso_4337\Debug\liblpc_board_nxp_lpcxpresso_4337.a(board_sysinit.o)
                              0x16e09 (size before relaxing)
 .debug_str     0x0001e9ba       0xf9 C:\Users\lenovo\Documents\MCUXpressoIDE_11.1.1_3241\workspace_unsam\lpc_chip_43xx\Debug\liblpc_chip_43xx.a(chip_18xx_43xx.o)
                              0x16671 (size before relaxing)
 .debug_str     0x0001eab3      0x5f1 C:\Users\lenovo\Documents\MCUXpressoIDE_11.1.1_3241\workspace_unsam\lpc_chip_43xx\Debug\liblpc_chip_43xx.a(clock_18xx_43xx.o)
                              0x16bf0 (size before relaxing)
 .debug_str     0x0001f0a4       0xb5 C:\Users\lenovo\Documents\MCUXpressoIDE_11.1.1_3241\workspace_unsam\lpc_chip_43xx\Debug\liblpc_chip_43xx.a(fpu_init.o)
                               0xa1c6 (size before relaxing)
 .debug_str     0x0001f159       0x38 C:\Users\lenovo\Documents\MCUXpressoIDE_11.1.1_3241\workspace_unsam\lpc_chip_43xx\Debug\liblpc_chip_43xx.a(gpio_18xx_43xx.o)
                              0x15997 (size before relaxing)
 .debug_str     0x0001f191       0xb4 C:\Users\lenovo\Documents\MCUXpressoIDE_11.1.1_3241\workspace_unsam\lpc_chip_43xx\Debug\liblpc_chip_43xx.a(sysinit_18xx_43xx.o)
                              0x16650 (size before relaxing)

.comment        0x00000000       0x76
 .comment       0x00000000       0x76 ./freertos/src/FreeRTOSCommonHooks.o
                                 0x77 (size before relaxing)
 .comment       0x00000076       0x77 ./freertos/src/heap_3.o
 .comment       0x00000076       0x77 ./freertos/src/list.o
 .comment       0x00000076       0x77 ./freertos/src/port.o
 .comment       0x00000076       0x77 ./freertos/src/queue.o
 .comment       0x00000076       0x77 ./freertos/src/redlib_memfix.o
 .comment       0x00000076       0x77 ./freertos/src/tasks.o
 .comment       0x00000076       0x77 ./example/src/blinky.o
 .comment       0x00000076       0x77 ./example/src/cr_startup_lpc43xx.o
 .comment       0x00000076       0x77 ./example/src/sysinit.o
 .comment       0x00000076       0x77 C:\Users\lenovo\Documents\MCUXpressoIDE_11.1.1_3241\workspace_unsam\lpc_board_nxp_lpcxpresso_4337\Debug\liblpc_board_nxp_lpcxpresso_4337.a(board.o)
 .comment       0x00000076       0x77 C:\Users\lenovo\Documents\MCUXpressoIDE_11.1.1_3241\workspace_unsam\lpc_board_nxp_lpcxpresso_4337\Debug\liblpc_board_nxp_lpcxpresso_4337.a(board_sysinit.o)
 .comment       0x00000076       0x77 C:\Users\lenovo\Documents\MCUXpressoIDE_11.1.1_3241\workspace_unsam\lpc_chip_43xx\Debug\liblpc_chip_43xx.a(chip_18xx_43xx.o)
 .comment       0x00000076       0x77 C:\Users\lenovo\Documents\MCUXpressoIDE_11.1.1_3241\workspace_unsam\lpc_chip_43xx\Debug\liblpc_chip_43xx.a(clock_18xx_43xx.o)
 .comment       0x00000076       0x77 C:\Users\lenovo\Documents\MCUXpressoIDE_11.1.1_3241\workspace_unsam\lpc_chip_43xx\Debug\liblpc_chip_43xx.a(fpu_init.o)
 .comment       0x00000076       0x77 C:\Users\lenovo\Documents\MCUXpressoIDE_11.1.1_3241\workspace_unsam\lpc_chip_43xx\Debug\liblpc_chip_43xx.a(gpio_18xx_43xx.o)
 .comment       0x00000076       0x77 C:\Users\lenovo\Documents\MCUXpressoIDE_11.1.1_3241\workspace_unsam\lpc_chip_43xx\Debug\liblpc_chip_43xx.a(sysinit_18xx_43xx.o)
 .comment       0x00000076       0x77 c:/nxp/mcuxpressoide_11.1.1_3241/ide/plugins/com.nxp.mcuxpresso.tools.win32_11.1.0.202001081728/tools/bin/../lib/gcc/arm-none-eabi/8.3.1/../../../../arm-none-eabi/lib/thumb/v7e-m+fp/softfp\libcr_nohost.a(_cr__main.o)
 .comment       0x00000076       0x77 c:/nxp/mcuxpressoide_11.1.1_3241/ide/plugins/com.nxp.mcuxpresso.tools.win32_11.1.0.202001081728/tools/bin/../lib/gcc/arm-none-eabi/8.3.1/../../../../arm-none-eabi/lib/thumb/v7e-m+fp/softfp\libcr_c.a(memcpy.o)
 .comment       0x00000076       0x77 c:/nxp/mcuxpressoide_11.1.1_3241/ide/plugins/com.nxp.mcuxpresso.tools.win32_11.1.0.202001081728/tools/bin/../lib/gcc/arm-none-eabi/8.3.1/../../../../arm-none-eabi/lib/thumb/v7e-m+fp/softfp\libcr_c.a(memset.o)
 .comment       0x00000076       0x77 c:/nxp/mcuxpressoide_11.1.1_3241/ide/plugins/com.nxp.mcuxpresso.tools.win32_11.1.0.202001081728/tools/bin/../lib/gcc/arm-none-eabi/8.3.1/../../../../arm-none-eabi/lib/thumb/v7e-m+fp/softfp\libcr_c.a(alloc.o)
 .comment       0x00000076       0x77 c:/nxp/mcuxpressoide_11.1.1_3241/ide/plugins/com.nxp.mcuxpresso.tools.win32_11.1.0.202001081728/tools/bin/../lib/gcc/arm-none-eabi/8.3.1/../../../../arm-none-eabi/lib/thumb/v7e-m+fp/softfp\libcr_c.a(initio.o)
 .comment       0x00000076       0x77 c:/nxp/mcuxpressoide_11.1.1_3241/ide/plugins/com.nxp.mcuxpresso.tools.win32_11.1.0.202001081728/tools/bin/../lib/gcc/arm-none-eabi/8.3.1/../../../../arm-none-eabi/lib/thumb/v7e-m+fp/softfp\libcr_c.a(setvbuf.o)
 .comment       0x00000076       0x77 c:/nxp/mcuxpressoide_11.1.1_3241/ide/plugins/com.nxp.mcuxpresso.tools.win32_11.1.0.202001081728/tools/bin/../lib/gcc/arm-none-eabi/8.3.1/../../../../arm-none-eabi/lib/thumb/v7e-m+fp/softfp\libcr_c.a(strlen.o)
 .comment       0x00000076       0x77 c:/nxp/mcuxpressoide_11.1.1_3241/ide/plugins/com.nxp.mcuxpresso.tools.win32_11.1.0.202001081728/tools/bin/../lib/gcc/arm-none-eabi/8.3.1/../../../../arm-none-eabi/lib/thumb/v7e-m+fp/softfp\libcr_c.a(__init_alloc.o)
 .comment       0x00000076       0x77 c:/nxp/mcuxpressoide_11.1.1_3241/ide/plugins/com.nxp.mcuxpresso.tools.win32_11.1.0.202001081728/tools/bin/../lib/gcc/arm-none-eabi/8.3.1/../../../../arm-none-eabi/lib/thumb/v7e-m+fp/softfp\libcr_c.a(_cr_sbrk.o)
 .comment       0x00000076       0x77 c:/nxp/mcuxpressoide_11.1.1_3241/ide/plugins/com.nxp.mcuxpresso.tools.win32_11.1.0.202001081728/tools/bin/../lib/gcc/arm-none-eabi/8.3.1/../../../../arm-none-eabi/lib/thumb/v7e-m+fp/softfp\libcr_c.a(_deferredlazyseek.o)
 .comment       0x00000076       0x77 c:/nxp/mcuxpressoide_11.1.1_3241/ide/plugins/com.nxp.mcuxpresso.tools.win32_11.1.0.202001081728/tools/bin/../lib/gcc/arm-none-eabi/8.3.1/../../../../arm-none-eabi/lib/thumb/v7e-m+fp/softfp\libcr_c.a(_fdopen.o)
 .comment       0x00000076       0x77 c:/nxp/mcuxpressoide_11.1.1_3241/ide/plugins/com.nxp.mcuxpresso.tools.win32_11.1.0.202001081728/tools/bin/../lib/gcc/arm-none-eabi/8.3.1/../../../../arm-none-eabi/lib/thumb/v7e-m+fp/softfp\libcr_c.a(_fflush.o)
 .comment       0x00000076       0x77 c:/nxp/mcuxpressoide_11.1.1_3241/ide/plugins/com.nxp.mcuxpresso.tools.win32_11.1.0.202001081728/tools/bin/../lib/gcc/arm-none-eabi/8.3.1/../../../../arm-none-eabi/lib/thumb/v7e-m+fp/softfp\libcr_c.a(_writebuf.o)
 .comment       0x00000076       0x77 c:/nxp/mcuxpressoide_11.1.1_3241/ide/plugins/com.nxp.mcuxpresso.tools.win32_11.1.0.202001081728/tools/bin/../lib/gcc/arm-none-eabi/8.3.1/../../../../arm-none-eabi/lib/thumb/v7e-m+fp/softfp\libcr_c.a(errno.o)
 .comment       0x00000076       0x77 c:/nxp/mcuxpressoide_11.1.1_3241/ide/plugins/com.nxp.mcuxpresso.tools.win32_11.1.0.202001081728/tools/bin/../lib/gcc/arm-none-eabi/8.3.1/../../../../arm-none-eabi/lib/thumb/v7e-m+fp/softfp\libcr_c.a(fclose.o)
 .comment       0x00000076       0x77 c:/nxp/mcuxpressoide_11.1.1_3241/ide/plugins/com.nxp.mcuxpresso.tools.win32_11.1.0.202001081728/tools/bin/../lib/gcc/arm-none-eabi/8.3.1/../../../../arm-none-eabi/lib/thumb/v7e-m+fp/softfp\libcr_c.a(fflush.o)
 .comment       0x00000076       0x77 c:/nxp/mcuxpressoide_11.1.1_3241/ide/plugins/com.nxp.mcuxpresso.tools.win32_11.1.0.202001081728/tools/bin/../lib/gcc/arm-none-eabi/8.3.1/../../../../arm-none-eabi/lib/thumb/v7e-m+fp/softfp\libcr_c.a(fseek.o)
 .comment       0x00000076       0x77 c:/nxp/mcuxpressoide_11.1.1_3241/ide/plugins/com.nxp.mcuxpresso.tools.win32_11.1.0.202001081728/tools/bin/../lib/gcc/arm-none-eabi/8.3.1/../../../../arm-none-eabi/lib/thumb/v7e-m+fp/softfp\libcr_c.a(ftell.o)
 .comment       0x00000076       0x77 c:/nxp/mcuxpressoide_11.1.1_3241/ide/plugins/com.nxp.mcuxpresso.tools.win32_11.1.0.202001081728/tools/bin/../lib/gcc/arm-none-eabi/8.3.1/../../../../arm-none-eabi/lib/thumb/v7e-m+fp/softfp\libcr_c.a(remove.o)
 .comment       0x00000076       0x77 c:/nxp/mcuxpressoide_11.1.1_3241/ide/plugins/com.nxp.mcuxpresso.tools.win32_11.1.0.202001081728/tools/bin/../lib/gcc/arm-none-eabi/8.3.1/../../../../arm-none-eabi/lib/thumb/v7e-m+fp/softfp\libcr_c.a(_do_fflush.o)
 .comment       0x00000076       0x77 c:/nxp/mcuxpressoide_11.1.1_3241/ide/plugins/com.nxp.mcuxpresso.tools.win32_11.1.0.202001081728/tools/bin/../lib/gcc/arm-none-eabi/8.3.1/../../../../arm-none-eabi/lib/thumb/v7e-m+fp/softfp\libcr_nohost.a(__ciob.o)
 .comment       0x00000076       0x77 c:/nxp/mcuxpressoide_11.1.1_3241/ide/plugins/com.nxp.mcuxpresso.tools.win32_11.1.0.202001081728/tools/bin/../lib/gcc/arm-none-eabi/8.3.1/../../../../arm-none-eabi/lib/thumb/v7e-m+fp/softfp\libcr_nohost.a(__sys_close.o)
 .comment       0x00000076       0x77 c:/nxp/mcuxpressoide_11.1.1_3241/ide/plugins/com.nxp.mcuxpresso.tools.win32_11.1.0.202001081728/tools/bin/../lib/gcc/arm-none-eabi/8.3.1/../../../../arm-none-eabi/lib/thumb/v7e-m+fp/softfp\libcr_nohost.a(__sys_flen.o)
 .comment       0x00000076       0x77 c:/nxp/mcuxpressoide_11.1.1_3241/ide/plugins/com.nxp.mcuxpresso.tools.win32_11.1.0.202001081728/tools/bin/../lib/gcc/arm-none-eabi/8.3.1/../../../../arm-none-eabi/lib/thumb/v7e-m+fp/softfp\libcr_nohost.a(__sys_istty.o)
 .comment       0x00000076       0x77 c:/nxp/mcuxpressoide_11.1.1_3241/ide/plugins/com.nxp.mcuxpresso.tools.win32_11.1.0.202001081728/tools/bin/../lib/gcc/arm-none-eabi/8.3.1/../../../../arm-none-eabi/lib/thumb/v7e-m+fp/softfp\libcr_nohost.a(__sys_remove.o)
 .comment       0x00000076       0x77 c:/nxp/mcuxpressoide_11.1.1_3241/ide/plugins/com.nxp.mcuxpresso.tools.win32_11.1.0.202001081728/tools/bin/../lib/gcc/arm-none-eabi/8.3.1/../../../../arm-none-eabi/lib/thumb/v7e-m+fp/softfp\libcr_nohost.a(__sys_seek.o)
 .comment       0x00000076       0x77 c:/nxp/mcuxpressoide_11.1.1_3241/ide/plugins/com.nxp.mcuxpresso.tools.win32_11.1.0.202001081728/tools/bin/../lib/gcc/arm-none-eabi/8.3.1/../../../../arm-none-eabi/lib/thumb/v7e-m+fp/softfp\libcr_nohost.a(__sys_tmpnam.o)

.ARM.attributes
                0x00000000       0x30
 .ARM.attributes
                0x00000000       0x32 ./freertos/src/FreeRTOSCommonHooks.o
 .ARM.attributes
                0x00000032       0x32 ./freertos/src/heap_3.o
 .ARM.attributes
                0x00000064       0x32 ./freertos/src/list.o
 .ARM.attributes
                0x00000096       0x32 ./freertos/src/port.o
 .ARM.attributes
                0x000000c8       0x32 ./freertos/src/queue.o
 .ARM.attributes
                0x000000fa       0x32 ./freertos/src/redlib_memfix.o
 .ARM.attributes
                0x0000012c       0x32 ./freertos/src/tasks.o
 .ARM.attributes
                0x0000015e       0x32 ./example/src/blinky.o
 .ARM.attributes
                0x00000190       0x32 ./example/src/cr_startup_lpc43xx.o
 .ARM.attributes
                0x000001c2       0x32 ./example/src/sysinit.o
 .ARM.attributes
                0x000001f4       0x32 C:\Users\lenovo\Documents\MCUXpressoIDE_11.1.1_3241\workspace_unsam\lpc_board_nxp_lpcxpresso_4337\Debug\liblpc_board_nxp_lpcxpresso_4337.a(board.o)
 .ARM.attributes
                0x00000226       0x32 C:\Users\lenovo\Documents\MCUXpressoIDE_11.1.1_3241\workspace_unsam\lpc_board_nxp_lpcxpresso_4337\Debug\liblpc_board_nxp_lpcxpresso_4337.a(board_sysinit.o)
 .ARM.attributes
                0x00000258       0x32 C:\Users\lenovo\Documents\MCUXpressoIDE_11.1.1_3241\workspace_unsam\lpc_chip_43xx\Debug\liblpc_chip_43xx.a(chip_18xx_43xx.o)
 .ARM.attributes
                0x0000028a       0x32 C:\Users\lenovo\Documents\MCUXpressoIDE_11.1.1_3241\workspace_unsam\lpc_chip_43xx\Debug\liblpc_chip_43xx.a(clock_18xx_43xx.o)
 .ARM.attributes
                0x000002bc       0x32 C:\Users\lenovo\Documents\MCUXpressoIDE_11.1.1_3241\workspace_unsam\lpc_chip_43xx\Debug\liblpc_chip_43xx.a(fpu_init.o)
 .ARM.attributes
                0x000002ee       0x32 C:\Users\lenovo\Documents\MCUXpressoIDE_11.1.1_3241\workspace_unsam\lpc_chip_43xx\Debug\liblpc_chip_43xx.a(gpio_18xx_43xx.o)
 .ARM.attributes
                0x00000320       0x32 C:\Users\lenovo\Documents\MCUXpressoIDE_11.1.1_3241\workspace_unsam\lpc_chip_43xx\Debug\liblpc_chip_43xx.a(sysinit_18xx_43xx.o)
 .ARM.attributes
                0x00000352       0x32 c:/nxp/mcuxpressoide_11.1.1_3241/ide/plugins/com.nxp.mcuxpresso.tools.win32_11.1.0.202001081728/tools/bin/../lib/gcc/arm-none-eabi/8.3.1/../../../../arm-none-eabi/lib/thumb/v7e-m+fp/softfp\libcr_nohost.a(_cr__main.o)
 .ARM.attributes
                0x00000384       0x32 c:/nxp/mcuxpressoide_11.1.1_3241/ide/plugins/com.nxp.mcuxpresso.tools.win32_11.1.0.202001081728/tools/bin/../lib/gcc/arm-none-eabi/8.3.1/../../../../arm-none-eabi/lib/thumb/v7e-m+fp/softfp\libcr_c.a(memcpy.o)
 .ARM.attributes
                0x000003b6       0x32 c:/nxp/mcuxpressoide_11.1.1_3241/ide/plugins/com.nxp.mcuxpresso.tools.win32_11.1.0.202001081728/tools/bin/../lib/gcc/arm-none-eabi/8.3.1/../../../../arm-none-eabi/lib/thumb/v7e-m+fp/softfp\libcr_c.a(memset.o)
 .ARM.attributes
                0x000003e8       0x32 c:/nxp/mcuxpressoide_11.1.1_3241/ide/plugins/com.nxp.mcuxpresso.tools.win32_11.1.0.202001081728/tools/bin/../lib/gcc/arm-none-eabi/8.3.1/../../../../arm-none-eabi/lib/thumb/v7e-m+fp/softfp\libcr_c.a(alloc.o)
 .ARM.attributes
                0x0000041a       0x32 c:/nxp/mcuxpressoide_11.1.1_3241/ide/plugins/com.nxp.mcuxpresso.tools.win32_11.1.0.202001081728/tools/bin/../lib/gcc/arm-none-eabi/8.3.1/../../../../arm-none-eabi/lib/thumb/v7e-m+fp/softfp\libcr_c.a(initio.o)
 .ARM.attributes
                0x0000044c       0x32 c:/nxp/mcuxpressoide_11.1.1_3241/ide/plugins/com.nxp.mcuxpresso.tools.win32_11.1.0.202001081728/tools/bin/../lib/gcc/arm-none-eabi/8.3.1/../../../../arm-none-eabi/lib/thumb/v7e-m+fp/softfp\libcr_c.a(setvbuf.o)
 .ARM.attributes
                0x0000047e       0x32 c:/nxp/mcuxpressoide_11.1.1_3241/ide/plugins/com.nxp.mcuxpresso.tools.win32_11.1.0.202001081728/tools/bin/../lib/gcc/arm-none-eabi/8.3.1/../../../../arm-none-eabi/lib/thumb/v7e-m+fp/softfp\libcr_c.a(strlen.o)
 .ARM.attributes
                0x000004b0       0x32 c:/nxp/mcuxpressoide_11.1.1_3241/ide/plugins/com.nxp.mcuxpresso.tools.win32_11.1.0.202001081728/tools/bin/../lib/gcc/arm-none-eabi/8.3.1/../../../../arm-none-eabi/lib/thumb/v7e-m+fp/softfp\libcr_c.a(__init_alloc.o)
 .ARM.attributes
                0x000004e2       0x32 c:/nxp/mcuxpressoide_11.1.1_3241/ide/plugins/com.nxp.mcuxpresso.tools.win32_11.1.0.202001081728/tools/bin/../lib/gcc/arm-none-eabi/8.3.1/../../../../arm-none-eabi/lib/thumb/v7e-m+fp/softfp\libcr_c.a(_cr_sbrk.o)
 .ARM.attributes
                0x00000514       0x32 c:/nxp/mcuxpressoide_11.1.1_3241/ide/plugins/com.nxp.mcuxpresso.tools.win32_11.1.0.202001081728/tools/bin/../lib/gcc/arm-none-eabi/8.3.1/../../../../arm-none-eabi/lib/thumb/v7e-m+fp/softfp\libcr_c.a(_deferredlazyseek.o)
 .ARM.attributes
                0x00000546       0x32 c:/nxp/mcuxpressoide_11.1.1_3241/ide/plugins/com.nxp.mcuxpresso.tools.win32_11.1.0.202001081728/tools/bin/../lib/gcc/arm-none-eabi/8.3.1/../../../../arm-none-eabi/lib/thumb/v7e-m+fp/softfp\libcr_c.a(_fdopen.o)
 .ARM.attributes
                0x00000578       0x32 c:/nxp/mcuxpressoide_11.1.1_3241/ide/plugins/com.nxp.mcuxpresso.tools.win32_11.1.0.202001081728/tools/bin/../lib/gcc/arm-none-eabi/8.3.1/../../../../arm-none-eabi/lib/thumb/v7e-m+fp/softfp\libcr_c.a(_fflush.o)
 .ARM.attributes
                0x000005aa       0x32 c:/nxp/mcuxpressoide_11.1.1_3241/ide/plugins/com.nxp.mcuxpresso.tools.win32_11.1.0.202001081728/tools/bin/../lib/gcc/arm-none-eabi/8.3.1/../../../../arm-none-eabi/lib/thumb/v7e-m+fp/softfp\libcr_c.a(_writebuf.o)
 .ARM.attributes
                0x000005dc       0x37 c:/nxp/mcuxpressoide_11.1.1_3241/ide/plugins/com.nxp.mcuxpresso.tools.win32_11.1.0.202001081728/tools/bin/../lib/gcc/arm-none-eabi/8.3.1/../../../../arm-none-eabi/lib/thumb/v7e-m+fp/softfp\libcr_c.a(errno.o)
 .ARM.attributes
                0x00000613       0x32 c:/nxp/mcuxpressoide_11.1.1_3241/ide/plugins/com.nxp.mcuxpresso.tools.win32_11.1.0.202001081728/tools/bin/../lib/gcc/arm-none-eabi/8.3.1/../../../../arm-none-eabi/lib/thumb/v7e-m+fp/softfp\libcr_c.a(fclose.o)
 .ARM.attributes
                0x00000645       0x32 c:/nxp/mcuxpressoide_11.1.1_3241/ide/plugins/com.nxp.mcuxpresso.tools.win32_11.1.0.202001081728/tools/bin/../lib/gcc/arm-none-eabi/8.3.1/../../../../arm-none-eabi/lib/thumb/v7e-m+fp/softfp\libcr_c.a(fflush.o)
 .ARM.attributes
                0x00000677       0x32 c:/nxp/mcuxpressoide_11.1.1_3241/ide/plugins/com.nxp.mcuxpresso.tools.win32_11.1.0.202001081728/tools/bin/../lib/gcc/arm-none-eabi/8.3.1/../../../../arm-none-eabi/lib/thumb/v7e-m+fp/softfp\libcr_c.a(fseek.o)
 .ARM.attributes
                0x000006a9       0x32 c:/nxp/mcuxpressoide_11.1.1_3241/ide/plugins/com.nxp.mcuxpresso.tools.win32_11.1.0.202001081728/tools/bin/../lib/gcc/arm-none-eabi/8.3.1/../../../../arm-none-eabi/lib/thumb/v7e-m+fp/softfp\libcr_c.a(ftell.o)
 .ARM.attributes
                0x000006db       0x32 c:/nxp/mcuxpressoide_11.1.1_3241/ide/plugins/com.nxp.mcuxpresso.tools.win32_11.1.0.202001081728/tools/bin/../lib/gcc/arm-none-eabi/8.3.1/../../../../arm-none-eabi/lib/thumb/v7e-m+fp/softfp\libcr_c.a(remove.o)
 .ARM.attributes
                0x0000070d       0x32 c:/nxp/mcuxpressoide_11.1.1_3241/ide/plugins/com.nxp.mcuxpresso.tools.win32_11.1.0.202001081728/tools/bin/../lib/gcc/arm-none-eabi/8.3.1/../../../../arm-none-eabi/lib/thumb/v7e-m+fp/softfp\libcr_c.a(_do_fflush.o)
 .ARM.attributes
                0x0000073f       0x20 c:/nxp/mcuxpressoide_11.1.1_3241/ide/plugins/com.nxp.mcuxpresso.tools.win32_11.1.0.202001081728/tools/bin/../lib/gcc/arm-none-eabi/8.3.1/thumb/v7e-m+fp/softfp\libcr_eabihelpers.a(memcpy.o)
 .ARM.attributes
                0x0000075f       0x37 c:/nxp/mcuxpressoide_11.1.1_3241/ide/plugins/com.nxp.mcuxpresso.tools.win32_11.1.0.202001081728/tools/bin/../lib/gcc/arm-none-eabi/8.3.1/../../../../arm-none-eabi/lib/thumb/v7e-m+fp/softfp\libcr_nohost.a(__ciob.o)
 .ARM.attributes
                0x00000796       0x32 c:/nxp/mcuxpressoide_11.1.1_3241/ide/plugins/com.nxp.mcuxpresso.tools.win32_11.1.0.202001081728/tools/bin/../lib/gcc/arm-none-eabi/8.3.1/../../../../arm-none-eabi/lib/thumb/v7e-m+fp/softfp\libcr_nohost.a(__sys_close.o)
 .ARM.attributes
                0x000007c8       0x32 c:/nxp/mcuxpressoide_11.1.1_3241/ide/plugins/com.nxp.mcuxpresso.tools.win32_11.1.0.202001081728/tools/bin/../lib/gcc/arm-none-eabi/8.3.1/../../../../arm-none-eabi/lib/thumb/v7e-m+fp/softfp\libcr_nohost.a(__sys_flen.o)
 .ARM.attributes
                0x000007fa       0x32 c:/nxp/mcuxpressoide_11.1.1_3241/ide/plugins/com.nxp.mcuxpresso.tools.win32_11.1.0.202001081728/tools/bin/../lib/gcc/arm-none-eabi/8.3.1/../../../../arm-none-eabi/lib/thumb/v7e-m+fp/softfp\libcr_nohost.a(__sys_istty.o)
 .ARM.attributes
                0x0000082c       0x32 c:/nxp/mcuxpressoide_11.1.1_3241/ide/plugins/com.nxp.mcuxpresso.tools.win32_11.1.0.202001081728/tools/bin/../lib/gcc/arm-none-eabi/8.3.1/../../../../arm-none-eabi/lib/thumb/v7e-m+fp/softfp\libcr_nohost.a(__sys_remove.o)
 .ARM.attributes
                0x0000085e       0x32 c:/nxp/mcuxpressoide_11.1.1_3241/ide/plugins/com.nxp.mcuxpresso.tools.win32_11.1.0.202001081728/tools/bin/../lib/gcc/arm-none-eabi/8.3.1/../../../../arm-none-eabi/lib/thumb/v7e-m+fp/softfp\libcr_nohost.a(__sys_seek.o)
 .ARM.attributes
                0x00000890       0x32 c:/nxp/mcuxpressoide_11.1.1_3241/ide/plugins/com.nxp.mcuxpresso.tools.win32_11.1.0.202001081728/tools/bin/../lib/gcc/arm-none-eabi/8.3.1/../../../../arm-none-eabi/lib/thumb/v7e-m+fp/softfp\libcr_nohost.a(__sys_tmpnam.o)

.debug_frame    0x00000000     0x2030
 .debug_frame   0x00000000       0xb0 ./freertos/src/FreeRTOSCommonHooks.o
 .debug_frame   0x000000b0       0x58 ./freertos/src/heap_3.o
 .debug_frame   0x00000108       0xd8 ./freertos/src/list.o
 .debug_frame   0x000001e0      0x1a8 ./freertos/src/port.o
 .debug_frame   0x00000388      0x404 ./freertos/src/queue.o
 .debug_frame   0x0000078c       0x38 ./freertos/src/redlib_memfix.o
 .debug_frame   0x000007c4      0x6cc ./freertos/src/tasks.o
 .debug_frame   0x00000e90      0x158 ./example/src/blinky.o
 .debug_frame   0x00000fe8      0x170 ./example/src/cr_startup_lpc43xx.o
 .debug_frame   0x00001158       0x34 ./example/src/sysinit.o
 .debug_frame   0x0000118c      0x62c C:\Users\lenovo\Documents\MCUXpressoIDE_11.1.1_3241\workspace_unsam\lpc_board_nxp_lpcxpresso_4337\Debug\liblpc_board_nxp_lpcxpresso_4337.a(board.o)
 .debug_frame   0x000017b8       0xe4 C:\Users\lenovo\Documents\MCUXpressoIDE_11.1.1_3241\workspace_unsam\lpc_board_nxp_lpcxpresso_4337\Debug\liblpc_board_nxp_lpcxpresso_4337.a(board_sysinit.o)
 .debug_frame   0x0000189c       0xa0 C:\Users\lenovo\Documents\MCUXpressoIDE_11.1.1_3241\workspace_unsam\lpc_chip_43xx\Debug\liblpc_chip_43xx.a(chip_18xx_43xx.o)
 .debug_frame   0x0000193c      0x568 C:\Users\lenovo\Documents\MCUXpressoIDE_11.1.1_3241\workspace_unsam\lpc_chip_43xx\Debug\liblpc_chip_43xx.a(clock_18xx_43xx.o)
 .debug_frame   0x00001ea4       0x38 C:\Users\lenovo\Documents\MCUXpressoIDE_11.1.1_3241\workspace_unsam\lpc_chip_43xx\Debug\liblpc_chip_43xx.a(fpu_init.o)
 .debug_frame   0x00001edc       0x60 C:\Users\lenovo\Documents\MCUXpressoIDE_11.1.1_3241\workspace_unsam\lpc_chip_43xx\Debug\liblpc_chip_43xx.a(gpio_18xx_43xx.o)
 .debug_frame   0x00001f3c       0xf4 C:\Users\lenovo\Documents\MCUXpressoIDE_11.1.1_3241\workspace_unsam\lpc_chip_43xx\Debug\liblpc_chip_43xx.a(sysinit_18xx_43xx.o)
