scu_18xx_43xx.h:135:20:Chip_SCU_PinMuxSet	16	static
scu_18xx_43xx.h:150:20:Chip_SCU_PinMux	24	static
gpio_18xx_43xx.h:95:20:Chip_GPIO_SetPinState	16	static
gpio_18xx_43xx.h:121:20:Chip_GPIO_GetPinState	16	static
gpio_18xx_43xx.h:154:20:Chip_GPIO_SetPinDIROutput	16	static
gpio_18xx_43xx.h:166:20:Chip_GPIO_SetPinDIRInput	16	static
gpio_18xx_43xx.h:477:20:Chip_GPIO_SetPinToggle	16	static
blinky.c:54:13:prvSetupHardware	8	static
blinky.c:81:13:Tarea_Up	16	static
blinky.c:109:13:Tarea_Down	16	static
blinky.c:144:13:Tarea_T3	16	static
blinky.c:163:13:Tarea_Muestreo	16	static
blinky.c:190:5:main	24	static
