scu_18xx_43xx.h:135:20:Chip_SCU_PinMuxSet	24	static
scu_18xx_43xx.h:161:20:Chip_SCU_ClockPinMuxSet	16	static
scu_18xx_43xx.h:199:20:Chip_SCU_I2C0PinConfig	16	static
scu_18xx_43xx.h:219:20:Chip_SCU_DAC_Analog_Config	8	static
enet_18xx_43xx.h:583:20:Chip_ENET_RMIIEnable	16	static
gpio_18xx_43xx.h:95:20:Chip_GPIO_SetPinState	24	static
gpio_18xx_43xx.h:121:20:Chip_GPIO_GetPinState	16	static
gpio_18xx_43xx.h:154:20:Chip_GPIO_SetPinDIROutput	16	static
gpio_18xx_43xx.h:166:20:Chip_GPIO_SetPinDIRInput	16	static
gpio_18xx_43xx.h:407:20:Chip_GPIO_SetPinOutHigh	16	static
ssp_18xx_43xx.h:239:20:Chip_SSP_Enable	16	static
ssp_18xx_43xx.h:413:20:Chip_SSP_SetFormat	24	static
ssp_18xx_43xx.h:426:20:Chip_SSP_Set_Mode	16	static
uart_18xx_43xx.h:306:20:Chip_UART_TXEnable	16	static
uart_18xx_43xx.h:329:20:Chip_UART_SendByte	16	static
uart_18xx_43xx.h:342:23:Chip_UART_ReadByte	16	static
uart_18xx_43xx.h:425:20:Chip_UART_ConfigData	16	static
uart_18xx_43xx.h:512:24:Chip_UART_ReadLineStatus	16	static
libconfig-arm.h:247:5:__sys_write	32	static
libconfig-arm.h:241:5:__sys_readc	16	static
board.c:56:6:Board_UART_Init	16	static
board.c:63:6:Board_Debug_Init	8	static
board.c:78:6:Board_UARTPutChar	16	static
board.c:88:5:Board_UARTGetChar	8	static
board.c:99:6:Board_UARTPutSTR	16	static
board.c:108:13:Board_LED_Init	16	static
board.c:119:6:Board_LED_Set	24	static
board.c:125:6:Board_LED_Test	16	static
board.c:133:6:Board_LED_Toggle	16	static
board.c:138:6:Board_Buttons_Init	8	static
board.c:144:10:Buttons_GetStatus	16	static
board.c:153:6:Board_Joystick_Init	8	static
board.c:156:9:Joystick_GetStatus	8	static
board.c:162:6:Board_ENET_GetMacADDR	24	static
board.c:171:6:Board_Init	8	static
board.c:184:6:Board_I2C_Init	16	static
board.c:196:6:Board_SDMMC_Init	8	static
board.c:208:6:Board_SSP_Init	16	static
board.c:227:6:Board_DAC_Init	16	static
board.c:233:15:Board_Audio_CodecInit	16	static
board.c:244:6:Board_Audio_Init	16	static
board.c:267:6:Board_LCD_Init	16	static
board.c:289:6:Board_LCD_WriteData	24	static
