scu_18xx_43xx.h:135:20:Chip_SCU_PinMuxSet	16	static
scu_18xx_43xx.h:150:20:Chip_SCU_PinMux	24	static
scu_18xx_43xx.h:210:20:Chip_SCU_ADC_Channel_Config	16	static
blinky.c:41:6:ADC0_IRQHandler	16	static
blinky.c:52:13:prvSetupHardware	8	static
blinky.c:63:14:Leer_ADC	48	static
blinky.c:71:6:DAC_Output	16	static
blinky.c:76:6:DAC_Output_DSP	16	static
blinky.c:83:13:FILTRO_FIR	24	static
blinky.c:122:13:FILTRO_IIR	16	static
blinky.c:175:13:DAC_FIR_Output	16	static
blinky.c:186:13:DAC_IIR_Output	16	static
blinky.c:205:5:main	24	static
